Copyright 1986-2018 Xilinx, Inc. All Rights Reserved.
-----------------------------------------------------------------------------------------------------------------------------------------------------------------------------------------------------
| Tool Version : Vivado v.2018.3 (win64) Build 2405991 Thu Dec  6 23:38:27 MST 2018
| Date         : Tue Mar 11 10:21:20 2025
| Host         : ukp66482 running 64-bit major release  (build 9200)
| Command      : report_timing_summary -max_paths 10 -file runningled_timing_summary_routed.rpt -pb runningled_timing_summary_routed.pb -rpx runningled_timing_summary_routed.rpx -warn_on_violation
| Design       : runningled
| Device       : 7z020-clg400
| Speed File   : -1  PRODUCTION 1.11 2014-09-11
-----------------------------------------------------------------------------------------------------------------------------------------------------------------------------------------------------

Timing Summary Report

------------------------------------------------------------------------------------------------
| Timer Settings
| --------------
------------------------------------------------------------------------------------------------

  Enable Multi Corner Analysis               :  Yes
  Enable Pessimism Removal                   :  Yes
  Pessimism Removal Resolution               :  Nearest Common Node
  Enable Input Delay Default Clock           :  No
  Enable Preset / Clear Arcs                 :  No
  Disable Flight Delays                      :  No
  Ignore I/O Paths                           :  No
  Timing Early Launch at Borrowing Latches   :  false

  Corner  Analyze    Analyze    
  Name    Max Paths  Min Paths  
  ------  ---------  ---------  
  Slow    Yes        Yes        
  Fast    Yes        Yes        



check_timing report

Table of Contents
-----------------
1. checking no_clock
2. checking constant_clock
3. checking pulse_width_clock
4. checking unconstrained_internal_endpoints
5. checking no_input_delay
6. checking no_output_delay
7. checking multiple_clock
8. checking generated_clocks
9. checking loops
10. checking partial_input_delay
11. checking partial_output_delay
12. checking latch_loops

1. checking no_clock
--------------------
 There are 4 register/latch pins with no clock driven by root clock pin: div_clk_reg/Q (HIGH)


2. checking constant_clock
--------------------------
 There are 0 register/latch pins with constant_clock.


3. checking pulse_width_clock
-----------------------------
 There are 0 register/latch pins which need pulse_width check


4. checking unconstrained_internal_endpoints
--------------------------------------------
 There are 8 pins that are not constrained for maximum delay. (HIGH)

 There are 0 pins that are not constrained for maximum delay due to constant clock.


5. checking no_input_delay
--------------------------
 There is 1 input port with no input delay specified. (HIGH)

 There are 0 input ports with no input delay but user has a false path constraint.


6. checking no_output_delay
---------------------------
 There are 4 ports with no output delay specified. (HIGH)

 There are 0 ports with no output delay but user has a false path constraint

 There are 0 ports with no output delay but with a timing clock defined on it or propagating through it


7. checking multiple_clock
--------------------------
 There are 0 register/latch pins with multiple clocks.


8. checking generated_clocks
----------------------------
 There are 0 generated clocks that are not connected to a clock source.


9. checking loops
-----------------
 There are 0 combinational loops in the design.


10. checking partial_input_delay
--------------------------------
 There are 0 input ports with partial input delay specified.


11. checking partial_output_delay
---------------------------------
 There are 0 ports with partial output delay specified.


12. checking latch_loops
------------------------
 There are 0 combinational latch loops in the design through latch input



------------------------------------------------------------------------------------------------
| Design Timing Summary
| ---------------------
------------------------------------------------------------------------------------------------

    WNS(ns)      TNS(ns)  TNS Failing Endpoints  TNS Total Endpoints      WHS(ns)      THS(ns)  THS Failing Endpoints  THS Total Endpoints     WPWS(ns)     TPWS(ns)  TPWS Failing Endpoints  TPWS Total Endpoints  
    -------      -------  ---------------------  -------------------      -------      -------  ---------------------  -------------------     --------     --------  ----------------------  --------------------  
      6.074        0.000                      0                   27        0.263        0.000                      0                   27        4.500        0.000                       0                    28  


All user specified timing constraints are met.


------------------------------------------------------------------------------------------------
| Clock Summary
| -------------
------------------------------------------------------------------------------------------------

Clock    Waveform(ns)       Period(ns)      Frequency(MHz)
-----    ------------       ----------      --------------
clk_pin  {0.000 5.000}      10.000          100.000         


------------------------------------------------------------------------------------------------
| Intra Clock Table
| -----------------
------------------------------------------------------------------------------------------------

Clock             WNS(ns)      TNS(ns)  TNS Failing Endpoints  TNS Total Endpoints      WHS(ns)      THS(ns)  THS Failing Endpoints  THS Total Endpoints     WPWS(ns)     TPWS(ns)  TPWS Failing Endpoints  TPWS Total Endpoints  
-----             -------      -------  ---------------------  -------------------      -------      -------  ---------------------  -------------------     --------     --------  ----------------------  --------------------  
clk_pin             6.074        0.000                      0                   27        0.263        0.000                      0                   27        4.500        0.000                       0                    28  


------------------------------------------------------------------------------------------------
| Inter Clock Table
| -----------------
------------------------------------------------------------------------------------------------

From Clock    To Clock          WNS(ns)      TNS(ns)  TNS Failing Endpoints  TNS Total Endpoints      WHS(ns)      THS(ns)  THS Failing Endpoints  THS Total Endpoints  
----------    --------          -------      -------  ---------------------  -------------------      -------      -------  ---------------------  -------------------  


------------------------------------------------------------------------------------------------
| Other Path Groups Table
| -----------------------
------------------------------------------------------------------------------------------------

Path Group    From Clock    To Clock          WNS(ns)      TNS(ns)  TNS Failing Endpoints  TNS Total Endpoints      WHS(ns)      THS(ns)  THS Failing Endpoints  THS Total Endpoints  
----------    ----------    --------          -------      -------  ---------------------  -------------------      -------      -------  ---------------------  -------------------  


------------------------------------------------------------------------------------------------
| Timing Details
| --------------
------------------------------------------------------------------------------------------------


---------------------------------------------------------------------------------------------------
From Clock:  clk_pin
  To Clock:  clk_pin

Setup :            0  Failing Endpoints,  Worst Slack        6.074ns,  Total Violation        0.000ns
Hold  :            0  Failing Endpoints,  Worst Slack        0.263ns,  Total Violation        0.000ns
PW    :            0  Failing Endpoints,  Worst Slack        4.500ns,  Total Violation        0.000ns
---------------------------------------------------------------------------------------------------


Max Delay Paths
--------------------------------------------------------------------------------------
Slack (MET) :             6.074ns  (required time - arrival time)
  Source:                 cnt_reg[23]/C
                            (rising edge-triggered cell FDCE clocked by clk_pin  {rise@0.000ns fall@5.000ns period=10.000ns})
  Destination:            cnt_reg[15]/D
                            (rising edge-triggered cell FDCE clocked by clk_pin  {rise@0.000ns fall@5.000ns period=10.000ns})
  Path Group:             clk_pin
  Path Type:              Setup (Max at Slow Process Corner)
  Requirement:            10.000ns  (clk_pin rise@10.000ns - clk_pin rise@0.000ns)
  Data Path Delay:        3.944ns  (logic 1.021ns (25.884%)  route 2.923ns (74.116%))
  Logic Levels:           3  (LUT3=1 LUT4=1 LUT6=1)
  Clock Path Skew:        -0.025ns (DCD - SCD + CPR)
    Destination Clock Delay (DCD):    5.625ns = ( 15.625 - 10.000 ) 
    Source Clock Delay      (SCD):    6.131ns
    Clock Pessimism Removal (CPR):    0.481ns
  Clock Uncertainty:      0.035ns  ((TSJ^2 + TIJ^2)^1/2 + DJ) / 2 + PE
    Total System Jitter     (TSJ):    0.071ns
    Total Input Jitter      (TIJ):    0.000ns
    Discrete Jitter          (DJ):    0.000ns
    Phase Error              (PE):    0.000ns

    Location             Delay type                Incr(ns)  Path(ns)    Netlist Resource(s)
  -------------------------------------------------------------------    -------------------
                         (clock clk_pin rise edge)    0.000     0.000 r  
    H16                                               0.000     0.000 r  clk (IN)
                         net (fo=0)                   0.000     0.000    clk
    H16                  IBUF (Prop_ibuf_I_O)         1.451     1.451 r  clk_IBUF_inst/O
                         net (fo=1, routed)           2.522     3.973    clk_IBUF
    BUFGCTRL_X0Y16       BUFG (Prop_bufg_I_O)         0.101     4.074 r  clk_IBUF_BUFG_inst/O
                         net (fo=27, routed)          2.057     6.131    clk_IBUF_BUFG
    SLICE_X112Y106       FDCE                                         r  cnt_reg[23]/C
  -------------------------------------------------------------------    -------------------
    SLICE_X112Y106       FDCE (Prop_fdce_C_Q)         0.478     6.609 f  cnt_reg[23]/Q
                         net (fo=2, routed)           0.817     7.426    cnt_reg_n_0_[23]
    SLICE_X111Y106       LUT4 (Prop_lut4_I2_O)        0.295     7.721 r  cnt[25]_i_5/O
                         net (fo=1, routed)           0.958     8.679    cnt[25]_i_5_n_0
    SLICE_X112Y104       LUT6 (Prop_lut6_I1_O)        0.124     8.803 r  cnt[25]_i_2/O
                         net (fo=27, routed)          1.148     9.951    cnt[25]_i_2_n_0
    SLICE_X112Y105       LUT3 (Prop_lut3_I1_O)        0.124    10.075 r  cnt[15]_i_1/O
                         net (fo=1, routed)           0.000    10.075    cnt[15]
    SLICE_X112Y105       FDCE                                         r  cnt_reg[15]/D
  -------------------------------------------------------------------    -------------------

                         (clock clk_pin rise edge)   10.000    10.000 r  
    H16                                               0.000    10.000 r  clk (IN)
                         net (fo=0)                   0.000    10.000    clk
    H16                  IBUF (Prop_ibuf_I_O)         1.380    11.380 r  clk_IBUF_inst/O
                         net (fo=1, routed)           2.293    13.673    clk_IBUF
    BUFGCTRL_X0Y16       BUFG (Prop_bufg_I_O)         0.091    13.764 r  clk_IBUF_BUFG_inst/O
                         net (fo=27, routed)          1.860    15.625    clk_IBUF_BUFG
    SLICE_X112Y105       FDCE                                         r  cnt_reg[15]/C
                         clock pessimism              0.481    16.106    
                         clock uncertainty           -0.035    16.070    
    SLICE_X112Y105       FDCE (Setup_fdce_C_D)        0.079    16.149    cnt_reg[15]
  -------------------------------------------------------------------
                         required time                         16.149    
                         arrival time                         -10.075    
  -------------------------------------------------------------------
                         slack                                  6.074    

Slack (MET) :             6.084ns  (required time - arrival time)
  Source:                 cnt_reg[23]/C
                            (rising edge-triggered cell FDCE clocked by clk_pin  {rise@0.000ns fall@5.000ns period=10.000ns})
  Destination:            cnt_reg[21]/D
                            (rising edge-triggered cell FDCE clocked by clk_pin  {rise@0.000ns fall@5.000ns period=10.000ns})
  Path Group:             clk_pin
  Path Type:              Setup (Max at Slow Process Corner)
  Requirement:            10.000ns  (clk_pin rise@10.000ns - clk_pin rise@0.000ns)
  Data Path Delay:        3.973ns  (logic 1.050ns (26.425%)  route 2.923ns (73.575%))
  Logic Levels:           3  (LUT3=1 LUT4=1 LUT6=1)
  Clock Path Skew:        -0.025ns (DCD - SCD + CPR)
    Destination Clock Delay (DCD):    5.625ns = ( 15.625 - 10.000 ) 
    Source Clock Delay      (SCD):    6.131ns
    Clock Pessimism Removal (CPR):    0.481ns
  Clock Uncertainty:      0.035ns  ((TSJ^2 + TIJ^2)^1/2 + DJ) / 2 + PE
    Total System Jitter     (TSJ):    0.071ns
    Total Input Jitter      (TIJ):    0.000ns
    Discrete Jitter          (DJ):    0.000ns
    Phase Error              (PE):    0.000ns

    Location             Delay type                Incr(ns)  Path(ns)    Netlist Resource(s)
  -------------------------------------------------------------------    -------------------
                         (clock clk_pin rise edge)    0.000     0.000 r  
    H16                                               0.000     0.000 r  clk (IN)
                         net (fo=0)                   0.000     0.000    clk
    H16                  IBUF (Prop_ibuf_I_O)         1.451     1.451 r  clk_IBUF_inst/O
                         net (fo=1, routed)           2.522     3.973    clk_IBUF
    BUFGCTRL_X0Y16       BUFG (Prop_bufg_I_O)         0.101     4.074 r  clk_IBUF_BUFG_inst/O
                         net (fo=27, routed)          2.057     6.131    clk_IBUF_BUFG
    SLICE_X112Y106       FDCE                                         r  cnt_reg[23]/C
  -------------------------------------------------------------------    -------------------
    SLICE_X112Y106       FDCE (Prop_fdce_C_Q)         0.478     6.609 f  cnt_reg[23]/Q
                         net (fo=2, routed)           0.817     7.426    cnt_reg_n_0_[23]
    SLICE_X111Y106       LUT4 (Prop_lut4_I2_O)        0.295     7.721 r  cnt[25]_i_5/O
                         net (fo=1, routed)           0.958     8.679    cnt[25]_i_5_n_0
    SLICE_X112Y104       LUT6 (Prop_lut6_I1_O)        0.124     8.803 r  cnt[25]_i_2/O
                         net (fo=27, routed)          1.148     9.951    cnt[25]_i_2_n_0
    SLICE_X112Y105       LUT3 (Prop_lut3_I1_O)        0.153    10.104 r  cnt[21]_i_1/O
                         net (fo=1, routed)           0.000    10.104    cnt[21]
    SLICE_X112Y105       FDCE                                         r  cnt_reg[21]/D
  -------------------------------------------------------------------    -------------------

                         (clock clk_pin rise edge)   10.000    10.000 r  
    H16                                               0.000    10.000 r  clk (IN)
                         net (fo=0)                   0.000    10.000    clk
    H16                  IBUF (Prop_ibuf_I_O)         1.380    11.380 r  clk_IBUF_inst/O
                         net (fo=1, routed)           2.293    13.673    clk_IBUF
    BUFGCTRL_X0Y16       BUFG (Prop_bufg_I_O)         0.091    13.764 r  clk_IBUF_BUFG_inst/O
                         net (fo=27, routed)          1.860    15.625    clk_IBUF_BUFG
    SLICE_X112Y105       FDCE                                         r  cnt_reg[21]/C
                         clock pessimism              0.481    16.106    
                         clock uncertainty           -0.035    16.070    
    SLICE_X112Y105       FDCE (Setup_fdce_C_D)        0.118    16.188    cnt_reg[21]
  -------------------------------------------------------------------
                         required time                         16.188    
                         arrival time                         -10.104    
  -------------------------------------------------------------------
                         slack                                  6.084    

Slack (MET) :             6.105ns  (required time - arrival time)
  Source:                 cnt_reg[23]/C
                            (rising edge-triggered cell FDCE clocked by clk_pin  {rise@0.000ns fall@5.000ns period=10.000ns})
  Destination:            cnt_reg[16]/D
                            (rising edge-triggered cell FDCE clocked by clk_pin  {rise@0.000ns fall@5.000ns period=10.000ns})
  Path Group:             clk_pin
  Path Type:              Setup (Max at Slow Process Corner)
  Requirement:            10.000ns  (clk_pin rise@10.000ns - clk_pin rise@0.000ns)
  Data Path Delay:        3.937ns  (logic 1.021ns (25.937%)  route 2.916ns (74.063%))
  Logic Levels:           3  (LUT3=1 LUT4=1 LUT6=1)
  Clock Path Skew:        0.000ns (DCD - SCD + CPR)
    Destination Clock Delay (DCD):    5.625ns = ( 15.625 - 10.000 ) 
    Source Clock Delay      (SCD):    6.131ns
    Clock Pessimism Removal (CPR):    0.506ns
  Clock Uncertainty:      0.035ns  ((TSJ^2 + TIJ^2)^1/2 + DJ) / 2 + PE
    Total System Jitter     (TSJ):    0.071ns
    Total Input Jitter      (TIJ):    0.000ns
    Discrete Jitter          (DJ):    0.000ns
    Phase Error              (PE):    0.000ns

    Location             Delay type                Incr(ns)  Path(ns)    Netlist Resource(s)
  -------------------------------------------------------------------    -------------------
                         (clock clk_pin rise edge)    0.000     0.000 r  
    H16                                               0.000     0.000 r  clk (IN)
                         net (fo=0)                   0.000     0.000    clk
    H16                  IBUF (Prop_ibuf_I_O)         1.451     1.451 r  clk_IBUF_inst/O
                         net (fo=1, routed)           2.522     3.973    clk_IBUF
    BUFGCTRL_X0Y16       BUFG (Prop_bufg_I_O)         0.101     4.074 r  clk_IBUF_BUFG_inst/O
                         net (fo=27, routed)          2.057     6.131    clk_IBUF_BUFG
    SLICE_X112Y106       FDCE                                         r  cnt_reg[23]/C
  -------------------------------------------------------------------    -------------------
    SLICE_X112Y106       FDCE (Prop_fdce_C_Q)         0.478     6.609 f  cnt_reg[23]/Q
                         net (fo=2, routed)           0.817     7.426    cnt_reg_n_0_[23]
    SLICE_X111Y106       LUT4 (Prop_lut4_I2_O)        0.295     7.721 r  cnt[25]_i_5/O
                         net (fo=1, routed)           0.958     8.679    cnt[25]_i_5_n_0
    SLICE_X112Y104       LUT6 (Prop_lut6_I1_O)        0.124     8.803 r  cnt[25]_i_2/O
                         net (fo=27, routed)          1.140     9.943    cnt[25]_i_2_n_0
    SLICE_X112Y106       LUT3 (Prop_lut3_I1_O)        0.124    10.067 r  cnt[16]_i_1/O
                         net (fo=1, routed)           0.000    10.067    cnt[16]
    SLICE_X112Y106       FDCE                                         r  cnt_reg[16]/D
  -------------------------------------------------------------------    -------------------

                         (clock clk_pin rise edge)   10.000    10.000 r  
    H16                                               0.000    10.000 r  clk (IN)
                         net (fo=0)                   0.000    10.000    clk
    H16                  IBUF (Prop_ibuf_I_O)         1.380    11.380 r  clk_IBUF_inst/O
                         net (fo=1, routed)           2.293    13.673    clk_IBUF
    BUFGCTRL_X0Y16       BUFG (Prop_bufg_I_O)         0.091    13.764 r  clk_IBUF_BUFG_inst/O
                         net (fo=27, routed)          1.860    15.625    clk_IBUF_BUFG
    SLICE_X112Y106       FDCE                                         r  cnt_reg[16]/C
                         clock pessimism              0.506    16.131    
                         clock uncertainty           -0.035    16.095    
    SLICE_X112Y106       FDCE (Setup_fdce_C_D)        0.077    16.172    cnt_reg[16]
  -------------------------------------------------------------------
                         required time                         16.172    
                         arrival time                         -10.067    
  -------------------------------------------------------------------
                         slack                                  6.105    

Slack (MET) :             6.122ns  (required time - arrival time)
  Source:                 cnt_reg[23]/C
                            (rising edge-triggered cell FDCE clocked by clk_pin  {rise@0.000ns fall@5.000ns period=10.000ns})
  Destination:            cnt_reg[23]/D
                            (rising edge-triggered cell FDCE clocked by clk_pin  {rise@0.000ns fall@5.000ns period=10.000ns})
  Path Group:             clk_pin
  Path Type:              Setup (Max at Slow Process Corner)
  Requirement:            10.000ns  (clk_pin rise@10.000ns - clk_pin rise@0.000ns)
  Data Path Delay:        3.961ns  (logic 1.045ns (26.385%)  route 2.916ns (73.615%))
  Logic Levels:           3  (LUT3=1 LUT4=1 LUT6=1)
  Clock Path Skew:        0.000ns (DCD - SCD + CPR)
    Destination Clock Delay (DCD):    5.625ns = ( 15.625 - 10.000 ) 
    Source Clock Delay      (SCD):    6.131ns
    Clock Pessimism Removal (CPR):    0.506ns
  Clock Uncertainty:      0.035ns  ((TSJ^2 + TIJ^2)^1/2 + DJ) / 2 + PE
    Total System Jitter     (TSJ):    0.071ns
    Total Input Jitter      (TIJ):    0.000ns
    Discrete Jitter          (DJ):    0.000ns
    Phase Error              (PE):    0.000ns

    Location             Delay type                Incr(ns)  Path(ns)    Netlist Resource(s)
  -------------------------------------------------------------------    -------------------
                         (clock clk_pin rise edge)    0.000     0.000 r  
    H16                                               0.000     0.000 r  clk (IN)
                         net (fo=0)                   0.000     0.000    clk
    H16                  IBUF (Prop_ibuf_I_O)         1.451     1.451 r  clk_IBUF_inst/O
                         net (fo=1, routed)           2.522     3.973    clk_IBUF
    BUFGCTRL_X0Y16       BUFG (Prop_bufg_I_O)         0.101     4.074 r  clk_IBUF_BUFG_inst/O
                         net (fo=27, routed)          2.057     6.131    clk_IBUF_BUFG
    SLICE_X112Y106       FDCE                                         r  cnt_reg[23]/C
  -------------------------------------------------------------------    -------------------
    SLICE_X112Y106       FDCE (Prop_fdce_C_Q)         0.478     6.609 f  cnt_reg[23]/Q
                         net (fo=2, routed)           0.817     7.426    cnt_reg_n_0_[23]
    SLICE_X111Y106       LUT4 (Prop_lut4_I2_O)        0.295     7.721 r  cnt[25]_i_5/O
                         net (fo=1, routed)           0.958     8.679    cnt[25]_i_5_n_0
    SLICE_X112Y104       LUT6 (Prop_lut6_I1_O)        0.124     8.803 r  cnt[25]_i_2/O
                         net (fo=27, routed)          1.140     9.943    cnt[25]_i_2_n_0
    SLICE_X112Y106       LUT3 (Prop_lut3_I1_O)        0.148    10.091 r  cnt[23]_i_1/O
                         net (fo=1, routed)           0.000    10.091    cnt[23]
    SLICE_X112Y106       FDCE                                         r  cnt_reg[23]/D
  -------------------------------------------------------------------    -------------------

                         (clock clk_pin rise edge)   10.000    10.000 r  
    H16                                               0.000    10.000 r  clk (IN)
                         net (fo=0)                   0.000    10.000    clk
    H16                  IBUF (Prop_ibuf_I_O)         1.380    11.380 r  clk_IBUF_inst/O
                         net (fo=1, routed)           2.293    13.673    clk_IBUF
    BUFGCTRL_X0Y16       BUFG (Prop_bufg_I_O)         0.091    13.764 r  clk_IBUF_BUFG_inst/O
                         net (fo=27, routed)          1.860    15.625    clk_IBUF_BUFG
    SLICE_X112Y106       FDCE                                         r  cnt_reg[23]/C
                         clock pessimism              0.506    16.131    
                         clock uncertainty           -0.035    16.095    
    SLICE_X112Y106       FDCE (Setup_fdce_C_D)        0.118    16.213    cnt_reg[23]
  -------------------------------------------------------------------
                         required time                         16.213    
                         arrival time                         -10.091    
  -------------------------------------------------------------------
                         slack                                  6.122    

Slack (MET) :             6.160ns  (required time - arrival time)
  Source:                 cnt_reg[1]/C
                            (rising edge-triggered cell FDCE clocked by clk_pin  {rise@0.000ns fall@5.000ns period=10.000ns})
  Destination:            cnt_reg[22]/D
                            (rising edge-triggered cell FDCE clocked by clk_pin  {rise@0.000ns fall@5.000ns period=10.000ns})
  Path Group:             clk_pin
  Path Type:              Setup (Max at Slow Process Corner)
  Requirement:            10.000ns  (clk_pin rise@10.000ns - clk_pin rise@0.000ns)
  Data Path Delay:        3.897ns  (logic 2.426ns (62.260%)  route 1.471ns (37.740%))
  Logic Levels:           7  (CARRY4=6 LUT3=1)
  Clock Path Skew:        -0.026ns (DCD - SCD + CPR)
    Destination Clock Delay (DCD):    5.625ns = ( 15.625 - 10.000 ) 
    Source Clock Delay      (SCD):    6.132ns
    Clock Pessimism Removal (CPR):    0.481ns
  Clock Uncertainty:      0.035ns  ((TSJ^2 + TIJ^2)^1/2 + DJ) / 2 + PE
    Total System Jitter     (TSJ):    0.071ns
    Total Input Jitter      (TIJ):    0.000ns
    Discrete Jitter          (DJ):    0.000ns
    Phase Error              (PE):    0.000ns

    Location             Delay type                Incr(ns)  Path(ns)    Netlist Resource(s)
  -------------------------------------------------------------------    -------------------
                         (clock clk_pin rise edge)    0.000     0.000 r  
    H16                                               0.000     0.000 r  clk (IN)
                         net (fo=0)                   0.000     0.000    clk
    H16                  IBUF (Prop_ibuf_I_O)         1.451     1.451 r  clk_IBUF_inst/O
                         net (fo=1, routed)           2.522     3.973    clk_IBUF
    BUFGCTRL_X0Y16       BUFG (Prop_bufg_I_O)         0.101     4.074 r  clk_IBUF_BUFG_inst/O
                         net (fo=27, routed)          2.058     6.132    clk_IBUF_BUFG
    SLICE_X112Y102       FDCE                                         r  cnt_reg[1]/C
  -------------------------------------------------------------------    -------------------
    SLICE_X112Y102       FDCE (Prop_fdce_C_Q)         0.478     6.610 r  cnt_reg[1]/Q
                         net (fo=2, routed)           0.656     7.265    cnt_reg_n_0_[1]
    SLICE_X113Y102       CARRY4 (Prop_carry4_S[0]_CO[3])
                                                      0.827     8.092 r  cnt_reg[4]_i_2/CO[3]
                         net (fo=1, routed)           0.000     8.092    cnt_reg[4]_i_2_n_0
    SLICE_X113Y103       CARRY4 (Prop_carry4_CI_CO[3])
                                                      0.114     8.206 r  cnt_reg[8]_i_2/CO[3]
                         net (fo=1, routed)           0.000     8.206    cnt_reg[8]_i_2_n_0
    SLICE_X113Y104       CARRY4 (Prop_carry4_CI_CO[3])
                                                      0.114     8.320 r  cnt_reg[12]_i_2/CO[3]
                         net (fo=1, routed)           0.000     8.320    cnt_reg[12]_i_2_n_0
    SLICE_X113Y105       CARRY4 (Prop_carry4_CI_CO[3])
                                                      0.114     8.434 r  cnt_reg[16]_i_2/CO[3]
                         net (fo=1, routed)           0.000     8.434    cnt_reg[16]_i_2_n_0
    SLICE_X113Y106       CARRY4 (Prop_carry4_CI_CO[3])
                                                      0.114     8.548 r  cnt_reg[20]_i_2/CO[3]
                         net (fo=1, routed)           0.000     8.548    cnt_reg[20]_i_2_n_0
    SLICE_X113Y107       CARRY4 (Prop_carry4_CI_O[1])
                                                      0.334     8.882 r  cnt_reg[24]_i_2/O[1]
                         net (fo=1, routed)           0.815     9.697    data0[22]
    SLICE_X112Y106       LUT3 (Prop_lut3_I2_O)        0.331    10.028 r  cnt[22]_i_1/O
                         net (fo=1, routed)           0.000    10.028    cnt[22]
    SLICE_X112Y106       FDCE                                         r  cnt_reg[22]/D
  -------------------------------------------------------------------    -------------------

                         (clock clk_pin rise edge)   10.000    10.000 r  
    H16                                               0.000    10.000 r  clk (IN)
                         net (fo=0)                   0.000    10.000    clk
    H16                  IBUF (Prop_ibuf_I_O)         1.380    11.380 r  clk_IBUF_inst/O
                         net (fo=1, routed)           2.293    13.673    clk_IBUF
    BUFGCTRL_X0Y16       BUFG (Prop_bufg_I_O)         0.091    13.764 r  clk_IBUF_BUFG_inst/O
                         net (fo=27, routed)          1.860    15.625    clk_IBUF_BUFG
    SLICE_X112Y106       FDCE                                         r  cnt_reg[22]/C
                         clock pessimism              0.481    16.106    
                         clock uncertainty           -0.035    16.070    
    SLICE_X112Y106       FDCE (Setup_fdce_C_D)        0.118    16.188    cnt_reg[22]
  -------------------------------------------------------------------
                         required time                         16.188    
                         arrival time                         -10.028    
  -------------------------------------------------------------------
                         slack                                  6.160    

Slack (MET) :             6.167ns  (required time - arrival time)
  Source:                 cnt_reg[23]/C
                            (rising edge-triggered cell FDCE clocked by clk_pin  {rise@0.000ns fall@5.000ns period=10.000ns})
  Destination:            cnt_reg[2]/D
                            (rising edge-triggered cell FDCE clocked by clk_pin  {rise@0.000ns fall@5.000ns period=10.000ns})
  Path Group:             clk_pin
  Path Type:              Setup (Max at Slow Process Corner)
  Requirement:            10.000ns  (clk_pin rise@10.000ns - clk_pin rise@0.000ns)
  Data Path Delay:        3.854ns  (logic 1.021ns (26.489%)  route 2.833ns (73.511%))
  Logic Levels:           3  (LUT3=1 LUT4=1 LUT6=1)
  Clock Path Skew:        -0.024ns (DCD - SCD + CPR)
    Destination Clock Delay (DCD):    5.626ns = ( 15.626 - 10.000 ) 
    Source Clock Delay      (SCD):    6.131ns
    Clock Pessimism Removal (CPR):    0.481ns
  Clock Uncertainty:      0.035ns  ((TSJ^2 + TIJ^2)^1/2 + DJ) / 2 + PE
    Total System Jitter     (TSJ):    0.071ns
    Total Input Jitter      (TIJ):    0.000ns
    Discrete Jitter          (DJ):    0.000ns
    Phase Error              (PE):    0.000ns

    Location             Delay type                Incr(ns)  Path(ns)    Netlist Resource(s)
  -------------------------------------------------------------------    -------------------
                         (clock clk_pin rise edge)    0.000     0.000 r  
    H16                                               0.000     0.000 r  clk (IN)
                         net (fo=0)                   0.000     0.000    clk
    H16                  IBUF (Prop_ibuf_I_O)         1.451     1.451 r  clk_IBUF_inst/O
                         net (fo=1, routed)           2.522     3.973    clk_IBUF
    BUFGCTRL_X0Y16       BUFG (Prop_bufg_I_O)         0.101     4.074 r  clk_IBUF_BUFG_inst/O
                         net (fo=27, routed)          2.057     6.131    clk_IBUF_BUFG
    SLICE_X112Y106       FDCE                                         r  cnt_reg[23]/C
  -------------------------------------------------------------------    -------------------
    SLICE_X112Y106       FDCE (Prop_fdce_C_Q)         0.478     6.609 f  cnt_reg[23]/Q
                         net (fo=2, routed)           0.817     7.426    cnt_reg_n_0_[23]
    SLICE_X111Y106       LUT4 (Prop_lut4_I2_O)        0.295     7.721 r  cnt[25]_i_5/O
                         net (fo=1, routed)           0.958     8.679    cnt[25]_i_5_n_0
    SLICE_X112Y104       LUT6 (Prop_lut6_I1_O)        0.124     8.803 r  cnt[25]_i_2/O
                         net (fo=27, routed)          1.058     9.861    cnt[25]_i_2_n_0
    SLICE_X112Y102       LUT3 (Prop_lut3_I1_O)        0.124     9.985 r  cnt[2]_i_1/O
                         net (fo=1, routed)           0.000     9.985    cnt[2]
    SLICE_X112Y102       FDCE                                         r  cnt_reg[2]/D
  -------------------------------------------------------------------    -------------------

                         (clock clk_pin rise edge)   10.000    10.000 r  
    H16                                               0.000    10.000 r  clk (IN)
                         net (fo=0)                   0.000    10.000    clk
    H16                  IBUF (Prop_ibuf_I_O)         1.380    11.380 r  clk_IBUF_inst/O
                         net (fo=1, routed)           2.293    13.673    clk_IBUF
    BUFGCTRL_X0Y16       BUFG (Prop_bufg_I_O)         0.091    13.764 r  clk_IBUF_BUFG_inst/O
                         net (fo=27, routed)          1.861    15.626    clk_IBUF_BUFG
    SLICE_X112Y102       FDCE                                         r  cnt_reg[2]/C
                         clock pessimism              0.481    16.107    
                         clock uncertainty           -0.035    16.071    
    SLICE_X112Y102       FDCE (Setup_fdce_C_D)        0.081    16.152    cnt_reg[2]
  -------------------------------------------------------------------
                         required time                         16.152    
                         arrival time                          -9.985    
  -------------------------------------------------------------------
                         slack                                  6.167    

Slack (MET) :             6.178ns  (required time - arrival time)
  Source:                 cnt_reg[23]/C
                            (rising edge-triggered cell FDCE clocked by clk_pin  {rise@0.000ns fall@5.000ns period=10.000ns})
  Destination:            cnt_reg[3]/D
                            (rising edge-triggered cell FDCE clocked by clk_pin  {rise@0.000ns fall@5.000ns period=10.000ns})
  Path Group:             clk_pin
  Path Type:              Setup (Max at Slow Process Corner)
  Requirement:            10.000ns  (clk_pin rise@10.000ns - clk_pin rise@0.000ns)
  Data Path Delay:        3.880ns  (logic 1.047ns (26.981%)  route 2.833ns (73.019%))
  Logic Levels:           3  (LUT3=1 LUT4=1 LUT6=1)
  Clock Path Skew:        -0.024ns (DCD - SCD + CPR)
    Destination Clock Delay (DCD):    5.626ns = ( 15.626 - 10.000 ) 
    Source Clock Delay      (SCD):    6.131ns
    Clock Pessimism Removal (CPR):    0.481ns
  Clock Uncertainty:      0.035ns  ((TSJ^2 + TIJ^2)^1/2 + DJ) / 2 + PE
    Total System Jitter     (TSJ):    0.071ns
    Total Input Jitter      (TIJ):    0.000ns
    Discrete Jitter          (DJ):    0.000ns
    Phase Error              (PE):    0.000ns

    Location             Delay type                Incr(ns)  Path(ns)    Netlist Resource(s)
  -------------------------------------------------------------------    -------------------
                         (clock clk_pin rise edge)    0.000     0.000 r  
    H16                                               0.000     0.000 r  clk (IN)
                         net (fo=0)                   0.000     0.000    clk
    H16                  IBUF (Prop_ibuf_I_O)         1.451     1.451 r  clk_IBUF_inst/O
                         net (fo=1, routed)           2.522     3.973    clk_IBUF
    BUFGCTRL_X0Y16       BUFG (Prop_bufg_I_O)         0.101     4.074 r  clk_IBUF_BUFG_inst/O
                         net (fo=27, routed)          2.057     6.131    clk_IBUF_BUFG
    SLICE_X112Y106       FDCE                                         r  cnt_reg[23]/C
  -------------------------------------------------------------------    -------------------
    SLICE_X112Y106       FDCE (Prop_fdce_C_Q)         0.478     6.609 f  cnt_reg[23]/Q
                         net (fo=2, routed)           0.817     7.426    cnt_reg_n_0_[23]
    SLICE_X111Y106       LUT4 (Prop_lut4_I2_O)        0.295     7.721 r  cnt[25]_i_5/O
                         net (fo=1, routed)           0.958     8.679    cnt[25]_i_5_n_0
    SLICE_X112Y104       LUT6 (Prop_lut6_I1_O)        0.124     8.803 r  cnt[25]_i_2/O
                         net (fo=27, routed)          1.058     9.861    cnt[25]_i_2_n_0
    SLICE_X112Y102       LUT3 (Prop_lut3_I1_O)        0.150    10.011 r  cnt[3]_i_1/O
                         net (fo=1, routed)           0.000    10.011    cnt[3]
    SLICE_X112Y102       FDCE                                         r  cnt_reg[3]/D
  -------------------------------------------------------------------    -------------------

                         (clock clk_pin rise edge)   10.000    10.000 r  
    H16                                               0.000    10.000 r  clk (IN)
                         net (fo=0)                   0.000    10.000    clk
    H16                  IBUF (Prop_ibuf_I_O)         1.380    11.380 r  clk_IBUF_inst/O
                         net (fo=1, routed)           2.293    13.673    clk_IBUF
    BUFGCTRL_X0Y16       BUFG (Prop_bufg_I_O)         0.091    13.764 r  clk_IBUF_BUFG_inst/O
                         net (fo=27, routed)          1.861    15.626    clk_IBUF_BUFG
    SLICE_X112Y102       FDCE                                         r  cnt_reg[3]/C
                         clock pessimism              0.481    16.107    
                         clock uncertainty           -0.035    16.071    
    SLICE_X112Y102       FDCE (Setup_fdce_C_D)        0.118    16.189    cnt_reg[3]
  -------------------------------------------------------------------
                         required time                         16.189    
                         arrival time                         -10.011    
  -------------------------------------------------------------------
                         slack                                  6.178    

Slack (MET) :             6.221ns  (required time - arrival time)
  Source:                 cnt_reg[23]/C
                            (rising edge-triggered cell FDCE clocked by clk_pin  {rise@0.000ns fall@5.000ns period=10.000ns})
  Destination:            cnt_reg[13]/D
                            (rising edge-triggered cell FDCE clocked by clk_pin  {rise@0.000ns fall@5.000ns period=10.000ns})
  Path Group:             clk_pin
  Path Type:              Setup (Max at Slow Process Corner)
  Requirement:            10.000ns  (clk_pin rise@10.000ns - clk_pin rise@0.000ns)
  Data Path Delay:        3.795ns  (logic 1.021ns (26.900%)  route 2.774ns (73.100%))
  Logic Levels:           3  (LUT3=1 LUT4=1 LUT6=1)
  Clock Path Skew:        -0.025ns (DCD - SCD + CPR)
    Destination Clock Delay (DCD):    5.625ns = ( 15.625 - 10.000 ) 
    Source Clock Delay      (SCD):    6.131ns
    Clock Pessimism Removal (CPR):    0.481ns
  Clock Uncertainty:      0.035ns  ((TSJ^2 + TIJ^2)^1/2 + DJ) / 2 + PE
    Total System Jitter     (TSJ):    0.071ns
    Total Input Jitter      (TIJ):    0.000ns
    Discrete Jitter          (DJ):    0.000ns
    Phase Error              (PE):    0.000ns

    Location             Delay type                Incr(ns)  Path(ns)    Netlist Resource(s)
  -------------------------------------------------------------------    -------------------
                         (clock clk_pin rise edge)    0.000     0.000 r  
    H16                                               0.000     0.000 r  clk (IN)
                         net (fo=0)                   0.000     0.000    clk
    H16                  IBUF (Prop_ibuf_I_O)         1.451     1.451 r  clk_IBUF_inst/O
                         net (fo=1, routed)           2.522     3.973    clk_IBUF
    BUFGCTRL_X0Y16       BUFG (Prop_bufg_I_O)         0.101     4.074 r  clk_IBUF_BUFG_inst/O
                         net (fo=27, routed)          2.057     6.131    clk_IBUF_BUFG
    SLICE_X112Y106       FDCE                                         r  cnt_reg[23]/C
  -------------------------------------------------------------------    -------------------
    SLICE_X112Y106       FDCE (Prop_fdce_C_Q)         0.478     6.609 f  cnt_reg[23]/Q
                         net (fo=2, routed)           0.817     7.426    cnt_reg_n_0_[23]
    SLICE_X111Y106       LUT4 (Prop_lut4_I2_O)        0.295     7.721 r  cnt[25]_i_5/O
                         net (fo=1, routed)           0.958     8.679    cnt[25]_i_5_n_0
    SLICE_X112Y104       LUT6 (Prop_lut6_I1_O)        0.124     8.803 r  cnt[25]_i_2/O
                         net (fo=27, routed)          0.999     9.802    cnt[25]_i_2_n_0
    SLICE_X112Y105       LUT3 (Prop_lut3_I1_O)        0.124     9.926 r  cnt[13]_i_1/O
                         net (fo=1, routed)           0.000     9.926    cnt[13]
    SLICE_X112Y105       FDCE                                         r  cnt_reg[13]/D
  -------------------------------------------------------------------    -------------------

                         (clock clk_pin rise edge)   10.000    10.000 r  
    H16                                               0.000    10.000 r  clk (IN)
                         net (fo=0)                   0.000    10.000    clk
    H16                  IBUF (Prop_ibuf_I_O)         1.380    11.380 r  clk_IBUF_inst/O
                         net (fo=1, routed)           2.293    13.673    clk_IBUF
    BUFGCTRL_X0Y16       BUFG (Prop_bufg_I_O)         0.091    13.764 r  clk_IBUF_BUFG_inst/O
                         net (fo=27, routed)          1.860    15.625    clk_IBUF_BUFG
    SLICE_X112Y105       FDCE                                         r  cnt_reg[13]/C
                         clock pessimism              0.481    16.106    
                         clock uncertainty           -0.035    16.070    
    SLICE_X112Y105       FDCE (Setup_fdce_C_D)        0.077    16.147    cnt_reg[13]
  -------------------------------------------------------------------
                         required time                         16.147    
                         arrival time                          -9.926    
  -------------------------------------------------------------------
                         slack                                  6.221    

Slack (MET) :             6.227ns  (required time - arrival time)
  Source:                 cnt_reg[23]/C
                            (rising edge-triggered cell FDCE clocked by clk_pin  {rise@0.000ns fall@5.000ns period=10.000ns})
  Destination:            cnt_reg[14]/D
                            (rising edge-triggered cell FDCE clocked by clk_pin  {rise@0.000ns fall@5.000ns period=10.000ns})
  Path Group:             clk_pin
  Path Type:              Setup (Max at Slow Process Corner)
  Requirement:            10.000ns  (clk_pin rise@10.000ns - clk_pin rise@0.000ns)
  Data Path Delay:        3.793ns  (logic 1.021ns (26.915%)  route 2.772ns (73.085%))
  Logic Levels:           3  (LUT3=1 LUT4=1 LUT6=1)
  Clock Path Skew:        -0.025ns (DCD - SCD + CPR)
    Destination Clock Delay (DCD):    5.625ns = ( 15.625 - 10.000 ) 
    Source Clock Delay      (SCD):    6.131ns
    Clock Pessimism Removal (CPR):    0.481ns
  Clock Uncertainty:      0.035ns  ((TSJ^2 + TIJ^2)^1/2 + DJ) / 2 + PE
    Total System Jitter     (TSJ):    0.071ns
    Total Input Jitter      (TIJ):    0.000ns
    Discrete Jitter          (DJ):    0.000ns
    Phase Error              (PE):    0.000ns

    Location             Delay type                Incr(ns)  Path(ns)    Netlist Resource(s)
  -------------------------------------------------------------------    -------------------
                         (clock clk_pin rise edge)    0.000     0.000 r  
    H16                                               0.000     0.000 r  clk (IN)
                         net (fo=0)                   0.000     0.000    clk
    H16                  IBUF (Prop_ibuf_I_O)         1.451     1.451 r  clk_IBUF_inst/O
                         net (fo=1, routed)           2.522     3.973    clk_IBUF
    BUFGCTRL_X0Y16       BUFG (Prop_bufg_I_O)         0.101     4.074 r  clk_IBUF_BUFG_inst/O
                         net (fo=27, routed)          2.057     6.131    clk_IBUF_BUFG
    SLICE_X112Y106       FDCE                                         r  cnt_reg[23]/C
  -------------------------------------------------------------------    -------------------
    SLICE_X112Y106       FDCE (Prop_fdce_C_Q)         0.478     6.609 f  cnt_reg[23]/Q
                         net (fo=2, routed)           0.817     7.426    cnt_reg_n_0_[23]
    SLICE_X111Y106       LUT4 (Prop_lut4_I2_O)        0.295     7.721 r  cnt[25]_i_5/O
                         net (fo=1, routed)           0.958     8.679    cnt[25]_i_5_n_0
    SLICE_X112Y104       LUT6 (Prop_lut6_I1_O)        0.124     8.803 r  cnt[25]_i_2/O
                         net (fo=27, routed)          0.997     9.800    cnt[25]_i_2_n_0
    SLICE_X112Y105       LUT3 (Prop_lut3_I1_O)        0.124     9.924 r  cnt[14]_i_1/O
                         net (fo=1, routed)           0.000     9.924    cnt[14]
    SLICE_X112Y105       FDCE                                         r  cnt_reg[14]/D
  -------------------------------------------------------------------    -------------------

                         (clock clk_pin rise edge)   10.000    10.000 r  
    H16                                               0.000    10.000 r  clk (IN)
                         net (fo=0)                   0.000    10.000    clk
    H16                  IBUF (Prop_ibuf_I_O)         1.380    11.380 r  clk_IBUF_inst/O
                         net (fo=1, routed)           2.293    13.673    clk_IBUF
    BUFGCTRL_X0Y16       BUFG (Prop_bufg_I_O)         0.091    13.764 r  clk_IBUF_BUFG_inst/O
                         net (fo=27, routed)          1.860    15.625    clk_IBUF_BUFG
    SLICE_X112Y105       FDCE                                         r  cnt_reg[14]/C
                         clock pessimism              0.481    16.106    
                         clock uncertainty           -0.035    16.070    
    SLICE_X112Y105       FDCE (Setup_fdce_C_D)        0.081    16.151    cnt_reg[14]
  -------------------------------------------------------------------
                         required time                         16.151    
                         arrival time                          -9.924    
  -------------------------------------------------------------------
                         slack                                  6.227    

Slack (MET) :             6.238ns  (required time - arrival time)
  Source:                 cnt_reg[23]/C
                            (rising edge-triggered cell FDCE clocked by clk_pin  {rise@0.000ns fall@5.000ns period=10.000ns})
  Destination:            cnt_reg[18]/D
                            (rising edge-triggered cell FDCE clocked by clk_pin  {rise@0.000ns fall@5.000ns period=10.000ns})
  Path Group:             clk_pin
  Path Type:              Setup (Max at Slow Process Corner)
  Requirement:            10.000ns  (clk_pin rise@10.000ns - clk_pin rise@0.000ns)
  Data Path Delay:        3.819ns  (logic 1.045ns (27.360%)  route 2.774ns (72.640%))
  Logic Levels:           3  (LUT3=1 LUT4=1 LUT6=1)
  Clock Path Skew:        -0.025ns (DCD - SCD + CPR)
    Destination Clock Delay (DCD):    5.625ns = ( 15.625 - 10.000 ) 
    Source Clock Delay      (SCD):    6.131ns
    Clock Pessimism Removal (CPR):    0.481ns
  Clock Uncertainty:      0.035ns  ((TSJ^2 + TIJ^2)^1/2 + DJ) / 2 + PE
    Total System Jitter     (TSJ):    0.071ns
    Total Input Jitter      (TIJ):    0.000ns
    Discrete Jitter          (DJ):    0.000ns
    Phase Error              (PE):    0.000ns

    Location             Delay type                Incr(ns)  Path(ns)    Netlist Resource(s)
  -------------------------------------------------------------------    -------------------
                         (clock clk_pin rise edge)    0.000     0.000 r  
    H16                                               0.000     0.000 r  clk (IN)
                         net (fo=0)                   0.000     0.000    clk
    H16                  IBUF (Prop_ibuf_I_O)         1.451     1.451 r  clk_IBUF_inst/O
                         net (fo=1, routed)           2.522     3.973    clk_IBUF
    BUFGCTRL_X0Y16       BUFG (Prop_bufg_I_O)         0.101     4.074 r  clk_IBUF_BUFG_inst/O
                         net (fo=27, routed)          2.057     6.131    clk_IBUF_BUFG
    SLICE_X112Y106       FDCE                                         r  cnt_reg[23]/C
  -------------------------------------------------------------------    -------------------
    SLICE_X112Y106       FDCE (Prop_fdce_C_Q)         0.478     6.609 f  cnt_reg[23]/Q
                         net (fo=2, routed)           0.817     7.426    cnt_reg_n_0_[23]
    SLICE_X111Y106       LUT4 (Prop_lut4_I2_O)        0.295     7.721 r  cnt[25]_i_5/O
                         net (fo=1, routed)           0.958     8.679    cnt[25]_i_5_n_0
    SLICE_X112Y104       LUT6 (Prop_lut6_I1_O)        0.124     8.803 r  cnt[25]_i_2/O
                         net (fo=27, routed)          0.999     9.802    cnt[25]_i_2_n_0
    SLICE_X112Y105       LUT3 (Prop_lut3_I1_O)        0.148     9.950 r  cnt[18]_i_1/O
                         net (fo=1, routed)           0.000     9.950    cnt[18]
    SLICE_X112Y105       FDCE                                         r  cnt_reg[18]/D
  -------------------------------------------------------------------    -------------------

                         (clock clk_pin rise edge)   10.000    10.000 r  
    H16                                               0.000    10.000 r  clk (IN)
                         net (fo=0)                   0.000    10.000    clk
    H16                  IBUF (Prop_ibuf_I_O)         1.380    11.380 r  clk_IBUF_inst/O
                         net (fo=1, routed)           2.293    13.673    clk_IBUF
    BUFGCTRL_X0Y16       BUFG (Prop_bufg_I_O)         0.091    13.764 r  clk_IBUF_BUFG_inst/O
                         net (fo=27, routed)          1.860    15.625    clk_IBUF_BUFG
    SLICE_X112Y105       FDCE                                         r  cnt_reg[18]/C
                         clock pessimism              0.481    16.106    
                         clock uncertainty           -0.035    16.070    
    SLICE_X112Y105       FDCE (Setup_fdce_C_D)        0.118    16.188    cnt_reg[18]
  -------------------------------------------------------------------
                         required time                         16.188    
                         arrival time                          -9.950    
  -------------------------------------------------------------------
                         slack                                  6.238    





Min Delay Paths
--------------------------------------------------------------------------------------
Slack (MET) :             0.263ns  (arrival time - required time)
  Source:                 cnt_reg[0]/C
                            (rising edge-triggered cell FDCE clocked by clk_pin  {rise@0.000ns fall@5.000ns period=10.000ns})
  Destination:            cnt_reg[1]/D
                            (rising edge-triggered cell FDCE clocked by clk_pin  {rise@0.000ns fall@5.000ns period=10.000ns})
  Path Group:             clk_pin
  Path Type:              Hold (Min at Fast Process Corner)
  Requirement:            0.000ns  (clk_pin rise@0.000ns - clk_pin rise@0.000ns)
  Data Path Delay:        0.394ns  (logic 0.207ns (52.480%)  route 0.187ns (47.520%))
  Logic Levels:           1  (LUT3=1)
  Clock Path Skew:        0.000ns (DCD - SCD - CPR)
    Destination Clock Delay (DCD):    2.337ns
    Source Clock Delay      (SCD):    1.806ns
    Clock Pessimism Removal (CPR):    0.532ns

    Location             Delay type                Incr(ns)  Path(ns)    Netlist Resource(s)
  -------------------------------------------------------------------    -------------------
                         (clock clk_pin rise edge)    0.000     0.000 r  
    H16                                               0.000     0.000 r  clk (IN)
                         net (fo=0)                   0.000     0.000    clk
    H16                  IBUF (Prop_ibuf_I_O)         0.219     0.219 r  clk_IBUF_inst/O
                         net (fo=1, routed)           0.842     1.060    clk_IBUF
    BUFGCTRL_X0Y16       BUFG (Prop_bufg_I_O)         0.026     1.086 r  clk_IBUF_BUFG_inst/O
                         net (fo=27, routed)          0.719     1.806    clk_IBUF_BUFG
    SLICE_X112Y102       FDCE                                         r  cnt_reg[0]/C
  -------------------------------------------------------------------    -------------------
    SLICE_X112Y102       FDCE (Prop_fdce_C_Q)         0.164     1.970 r  cnt_reg[0]/Q
                         net (fo=28, routed)          0.187     2.157    cnt_reg_n_0_[0]
    SLICE_X112Y102       LUT3 (Prop_lut3_I0_O)        0.043     2.200 r  cnt[1]_i_1/O
                         net (fo=1, routed)           0.000     2.200    cnt[1]
    SLICE_X112Y102       FDCE                                         r  cnt_reg[1]/D
  -------------------------------------------------------------------    -------------------

                         (clock clk_pin rise edge)    0.000     0.000 r  
    H16                                               0.000     0.000 r  clk (IN)
                         net (fo=0)                   0.000     0.000    clk
    H16                  IBUF (Prop_ibuf_I_O)         0.406     0.406 r  clk_IBUF_inst/O
                         net (fo=1, routed)           0.907     1.313    clk_IBUF
    BUFGCTRL_X0Y16       BUFG (Prop_bufg_I_O)         0.029     1.342 r  clk_IBUF_BUFG_inst/O
                         net (fo=27, routed)          0.995     2.337    clk_IBUF_BUFG
    SLICE_X112Y102       FDCE                                         r  cnt_reg[1]/C
                         clock pessimism             -0.532     1.806    
    SLICE_X112Y102       FDCE (Hold_fdce_C_D)         0.131     1.937    cnt_reg[1]
  -------------------------------------------------------------------
                         required time                         -1.937    
                         arrival time                           2.200    
  -------------------------------------------------------------------
                         slack                                  0.263    

Slack (MET) :             0.276ns  (arrival time - required time)
  Source:                 cnt_reg[0]/C
                            (rising edge-triggered cell FDCE clocked by clk_pin  {rise@0.000ns fall@5.000ns period=10.000ns})
  Destination:            cnt_reg[0]/D
                            (rising edge-triggered cell FDCE clocked by clk_pin  {rise@0.000ns fall@5.000ns period=10.000ns})
  Path Group:             clk_pin
  Path Type:              Hold (Min at Fast Process Corner)
  Requirement:            0.000ns  (clk_pin rise@0.000ns - clk_pin rise@0.000ns)
  Data Path Delay:        0.396ns  (logic 0.209ns (52.720%)  route 0.187ns (47.280%))
  Logic Levels:           1  (LUT2=1)
  Clock Path Skew:        0.000ns (DCD - SCD - CPR)
    Destination Clock Delay (DCD):    2.337ns
    Source Clock Delay      (SCD):    1.806ns
    Clock Pessimism Removal (CPR):    0.532ns

    Location             Delay type                Incr(ns)  Path(ns)    Netlist Resource(s)
  -------------------------------------------------------------------    -------------------
                         (clock clk_pin rise edge)    0.000     0.000 r  
    H16                                               0.000     0.000 r  clk (IN)
                         net (fo=0)                   0.000     0.000    clk
    H16                  IBUF (Prop_ibuf_I_O)         0.219     0.219 r  clk_IBUF_inst/O
                         net (fo=1, routed)           0.842     1.060    clk_IBUF
    BUFGCTRL_X0Y16       BUFG (Prop_bufg_I_O)         0.026     1.086 r  clk_IBUF_BUFG_inst/O
                         net (fo=27, routed)          0.719     1.806    clk_IBUF_BUFG
    SLICE_X112Y102       FDCE                                         r  cnt_reg[0]/C
  -------------------------------------------------------------------    -------------------
    SLICE_X112Y102       FDCE (Prop_fdce_C_Q)         0.164     1.970 f  cnt_reg[0]/Q
                         net (fo=28, routed)          0.187     2.157    cnt_reg_n_0_[0]
    SLICE_X112Y102       LUT2 (Prop_lut2_I1_O)        0.045     2.202 r  cnt[0]_i_1/O
                         net (fo=1, routed)           0.000     2.202    cnt[0]
    SLICE_X112Y102       FDCE                                         r  cnt_reg[0]/D
  -------------------------------------------------------------------    -------------------

                         (clock clk_pin rise edge)    0.000     0.000 r  
    H16                                               0.000     0.000 r  clk (IN)
                         net (fo=0)                   0.000     0.000    clk
    H16                  IBUF (Prop_ibuf_I_O)         0.406     0.406 r  clk_IBUF_inst/O
                         net (fo=1, routed)           0.907     1.313    clk_IBUF
    BUFGCTRL_X0Y16       BUFG (Prop_bufg_I_O)         0.029     1.342 r  clk_IBUF_BUFG_inst/O
                         net (fo=27, routed)          0.995     2.337    clk_IBUF_BUFG
    SLICE_X112Y102       FDCE                                         r  cnt_reg[0]/C
                         clock pessimism             -0.532     1.806    
    SLICE_X112Y102       FDCE (Hold_fdce_C_D)         0.120     1.926    cnt_reg[0]
  -------------------------------------------------------------------
                         required time                         -1.926    
                         arrival time                           2.202    
  -------------------------------------------------------------------
                         slack                                  0.276    

Slack (MET) :             0.332ns  (arrival time - required time)
  Source:                 div_clk_reg/C
                            (rising edge-triggered cell FDCE clocked by clk_pin  {rise@0.000ns fall@5.000ns period=10.000ns})
  Destination:            div_clk_reg/D
                            (rising edge-triggered cell FDCE clocked by clk_pin  {rise@0.000ns fall@5.000ns period=10.000ns})
  Path Group:             clk_pin
  Path Type:              Hold (Min at Fast Process Corner)
  Requirement:            0.000ns  (clk_pin rise@0.000ns - clk_pin rise@0.000ns)
  Data Path Delay:        0.453ns  (logic 0.209ns (46.123%)  route 0.244ns (53.877%))
  Logic Levels:           1  (LUT3=1)
  Clock Path Skew:        0.000ns (DCD - SCD - CPR)
    Destination Clock Delay (DCD):    2.337ns
    Source Clock Delay      (SCD):    1.806ns
    Clock Pessimism Removal (CPR):    0.532ns

    Location             Delay type                Incr(ns)  Path(ns)    Netlist Resource(s)
  -------------------------------------------------------------------    -------------------
                         (clock clk_pin rise edge)    0.000     0.000 r  
    H16                                               0.000     0.000 r  clk (IN)
                         net (fo=0)                   0.000     0.000    clk
    H16                  IBUF (Prop_ibuf_I_O)         0.219     0.219 r  clk_IBUF_inst/O
                         net (fo=1, routed)           0.842     1.060    clk_IBUF
    BUFGCTRL_X0Y16       BUFG (Prop_bufg_I_O)         0.026     1.086 r  clk_IBUF_BUFG_inst/O
                         net (fo=27, routed)          0.719     1.806    clk_IBUF_BUFG
    SLICE_X112Y102       FDCE                                         r  div_clk_reg/C
  -------------------------------------------------------------------    -------------------
    SLICE_X112Y102       FDCE (Prop_fdce_C_Q)         0.164     1.970 r  div_clk_reg/Q
                         net (fo=5, routed)           0.244     2.214    div_clk_reg_n_0
    SLICE_X112Y102       LUT3 (Prop_lut3_I2_O)        0.045     2.259 r  div_clk_i_1/O
                         net (fo=1, routed)           0.000     2.259    div_clk_i_1_n_0
    SLICE_X112Y102       FDCE                                         r  div_clk_reg/D
  -------------------------------------------------------------------    -------------------

                         (clock clk_pin rise edge)    0.000     0.000 r  
    H16                                               0.000     0.000 r  clk (IN)
                         net (fo=0)                   0.000     0.000    clk
    H16                  IBUF (Prop_ibuf_I_O)         0.406     0.406 r  clk_IBUF_inst/O
                         net (fo=1, routed)           0.907     1.313    clk_IBUF
    BUFGCTRL_X0Y16       BUFG (Prop_bufg_I_O)         0.029     1.342 r  clk_IBUF_BUFG_inst/O
                         net (fo=27, routed)          0.995     2.337    clk_IBUF_BUFG
    SLICE_X112Y102       FDCE                                         r  div_clk_reg/C
                         clock pessimism             -0.532     1.806    
    SLICE_X112Y102       FDCE (Hold_fdce_C_D)         0.121     1.927    div_clk_reg
  -------------------------------------------------------------------
                         required time                         -1.927    
                         arrival time                           2.259    
  -------------------------------------------------------------------
                         slack                                  0.332    

Slack (MET) :             0.337ns  (arrival time - required time)
  Source:                 cnt_reg[0]/C
                            (rising edge-triggered cell FDCE clocked by clk_pin  {rise@0.000ns fall@5.000ns period=10.000ns})
  Destination:            cnt_reg[7]/D
                            (rising edge-triggered cell FDCE clocked by clk_pin  {rise@0.000ns fall@5.000ns period=10.000ns})
  Path Group:             clk_pin
  Path Type:              Hold (Min at Fast Process Corner)
  Requirement:            0.000ns  (clk_pin rise@0.000ns - clk_pin rise@0.000ns)
  Data Path Delay:        0.483ns  (logic 0.212ns (43.918%)  route 0.271ns (56.082%))
  Logic Levels:           1  (LUT3=1)
  Clock Path Skew:        0.015ns (DCD - SCD - CPR)
    Destination Clock Delay (DCD):    2.336ns
    Source Clock Delay      (SCD):    1.806ns
    Clock Pessimism Removal (CPR):    0.516ns

    Location             Delay type                Incr(ns)  Path(ns)    Netlist Resource(s)
  -------------------------------------------------------------------    -------------------
                         (clock clk_pin rise edge)    0.000     0.000 r  
    H16                                               0.000     0.000 r  clk (IN)
                         net (fo=0)                   0.000     0.000    clk
    H16                  IBUF (Prop_ibuf_I_O)         0.219     0.219 r  clk_IBUF_inst/O
                         net (fo=1, routed)           0.842     1.060    clk_IBUF
    BUFGCTRL_X0Y16       BUFG (Prop_bufg_I_O)         0.026     1.086 r  clk_IBUF_BUFG_inst/O
                         net (fo=27, routed)          0.719     1.806    clk_IBUF_BUFG
    SLICE_X112Y102       FDCE                                         r  cnt_reg[0]/C
  -------------------------------------------------------------------    -------------------
    SLICE_X112Y102       FDCE (Prop_fdce_C_Q)         0.164     1.970 r  cnt_reg[0]/Q
                         net (fo=28, routed)          0.271     2.240    cnt_reg_n_0_[0]
    SLICE_X112Y103       LUT3 (Prop_lut3_I0_O)        0.048     2.288 r  cnt[7]_i_1/O
                         net (fo=1, routed)           0.000     2.288    cnt[7]
    SLICE_X112Y103       FDCE                                         r  cnt_reg[7]/D
  -------------------------------------------------------------------    -------------------

                         (clock clk_pin rise edge)    0.000     0.000 r  
    H16                                               0.000     0.000 r  clk (IN)
                         net (fo=0)                   0.000     0.000    clk
    H16                  IBUF (Prop_ibuf_I_O)         0.406     0.406 r  clk_IBUF_inst/O
                         net (fo=1, routed)           0.907     1.313    clk_IBUF
    BUFGCTRL_X0Y16       BUFG (Prop_bufg_I_O)         0.029     1.342 r  clk_IBUF_BUFG_inst/O
                         net (fo=27, routed)          0.994     2.336    clk_IBUF_BUFG
    SLICE_X112Y103       FDCE                                         r  cnt_reg[7]/C
                         clock pessimism             -0.516     1.821    
    SLICE_X112Y103       FDCE (Hold_fdce_C_D)         0.131     1.952    cnt_reg[7]
  -------------------------------------------------------------------
                         required time                         -1.952    
                         arrival time                           2.288    
  -------------------------------------------------------------------
                         slack                                  0.337    

Slack (MET) :             0.344ns  (arrival time - required time)
  Source:                 cnt_reg[0]/C
                            (rising edge-triggered cell FDCE clocked by clk_pin  {rise@0.000ns fall@5.000ns period=10.000ns})
  Destination:            cnt_reg[6]/D
                            (rising edge-triggered cell FDCE clocked by clk_pin  {rise@0.000ns fall@5.000ns period=10.000ns})
  Path Group:             clk_pin
  Path Type:              Hold (Min at Fast Process Corner)
  Requirement:            0.000ns  (clk_pin rise@0.000ns - clk_pin rise@0.000ns)
  Data Path Delay:        0.480ns  (logic 0.209ns (43.567%)  route 0.271ns (56.433%))
  Logic Levels:           1  (LUT3=1)
  Clock Path Skew:        0.015ns (DCD - SCD - CPR)
    Destination Clock Delay (DCD):    2.336ns
    Source Clock Delay      (SCD):    1.806ns
    Clock Pessimism Removal (CPR):    0.516ns

    Location             Delay type                Incr(ns)  Path(ns)    Netlist Resource(s)
  -------------------------------------------------------------------    -------------------
                         (clock clk_pin rise edge)    0.000     0.000 r  
    H16                                               0.000     0.000 r  clk (IN)
                         net (fo=0)                   0.000     0.000    clk
    H16                  IBUF (Prop_ibuf_I_O)         0.219     0.219 r  clk_IBUF_inst/O
                         net (fo=1, routed)           0.842     1.060    clk_IBUF
    BUFGCTRL_X0Y16       BUFG (Prop_bufg_I_O)         0.026     1.086 r  clk_IBUF_BUFG_inst/O
                         net (fo=27, routed)          0.719     1.806    clk_IBUF_BUFG
    SLICE_X112Y102       FDCE                                         r  cnt_reg[0]/C
  -------------------------------------------------------------------    -------------------
    SLICE_X112Y102       FDCE (Prop_fdce_C_Q)         0.164     1.970 r  cnt_reg[0]/Q
                         net (fo=28, routed)          0.271     2.240    cnt_reg_n_0_[0]
    SLICE_X112Y103       LUT3 (Prop_lut3_I0_O)        0.045     2.285 r  cnt[6]_i_1/O
                         net (fo=1, routed)           0.000     2.285    cnt[6]
    SLICE_X112Y103       FDCE                                         r  cnt_reg[6]/D
  -------------------------------------------------------------------    -------------------

                         (clock clk_pin rise edge)    0.000     0.000 r  
    H16                                               0.000     0.000 r  clk (IN)
                         net (fo=0)                   0.000     0.000    clk
    H16                  IBUF (Prop_ibuf_I_O)         0.406     0.406 r  clk_IBUF_inst/O
                         net (fo=1, routed)           0.907     1.313    clk_IBUF
    BUFGCTRL_X0Y16       BUFG (Prop_bufg_I_O)         0.029     1.342 r  clk_IBUF_BUFG_inst/O
                         net (fo=27, routed)          0.994     2.336    clk_IBUF_BUFG
    SLICE_X112Y103       FDCE                                         r  cnt_reg[6]/C
                         clock pessimism             -0.516     1.821    
    SLICE_X112Y103       FDCE (Hold_fdce_C_D)         0.121     1.942    cnt_reg[6]
  -------------------------------------------------------------------
                         required time                         -1.942    
                         arrival time                           2.285    
  -------------------------------------------------------------------
                         slack                                  0.344    

Slack (MET) :             0.372ns  (arrival time - required time)
  Source:                 cnt_reg[0]/C
                            (rising edge-triggered cell FDCE clocked by clk_pin  {rise@0.000ns fall@5.000ns period=10.000ns})
  Destination:            cnt_reg[3]/D
                            (rising edge-triggered cell FDCE clocked by clk_pin  {rise@0.000ns fall@5.000ns period=10.000ns})
  Path Group:             clk_pin
  Path Type:              Hold (Min at Fast Process Corner)
  Requirement:            0.000ns  (clk_pin rise@0.000ns - clk_pin rise@0.000ns)
  Data Path Delay:        0.503ns  (logic 0.212ns (42.136%)  route 0.291ns (57.864%))
  Logic Levels:           1  (LUT3=1)
  Clock Path Skew:        0.000ns (DCD - SCD - CPR)
    Destination Clock Delay (DCD):    2.337ns
    Source Clock Delay      (SCD):    1.806ns
    Clock Pessimism Removal (CPR):    0.532ns

    Location             Delay type                Incr(ns)  Path(ns)    Netlist Resource(s)
  -------------------------------------------------------------------    -------------------
                         (clock clk_pin rise edge)    0.000     0.000 r  
    H16                                               0.000     0.000 r  clk (IN)
                         net (fo=0)                   0.000     0.000    clk
    H16                  IBUF (Prop_ibuf_I_O)         0.219     0.219 r  clk_IBUF_inst/O
                         net (fo=1, routed)           0.842     1.060    clk_IBUF
    BUFGCTRL_X0Y16       BUFG (Prop_bufg_I_O)         0.026     1.086 r  clk_IBUF_BUFG_inst/O
                         net (fo=27, routed)          0.719     1.806    clk_IBUF_BUFG
    SLICE_X112Y102       FDCE                                         r  cnt_reg[0]/C
  -------------------------------------------------------------------    -------------------
    SLICE_X112Y102       FDCE (Prop_fdce_C_Q)         0.164     1.970 r  cnt_reg[0]/Q
                         net (fo=28, routed)          0.291     2.261    cnt_reg_n_0_[0]
    SLICE_X112Y102       LUT3 (Prop_lut3_I0_O)        0.048     2.309 r  cnt[3]_i_1/O
                         net (fo=1, routed)           0.000     2.309    cnt[3]
    SLICE_X112Y102       FDCE                                         r  cnt_reg[3]/D
  -------------------------------------------------------------------    -------------------

                         (clock clk_pin rise edge)    0.000     0.000 r  
    H16                                               0.000     0.000 r  clk (IN)
                         net (fo=0)                   0.000     0.000    clk
    H16                  IBUF (Prop_ibuf_I_O)         0.406     0.406 r  clk_IBUF_inst/O
                         net (fo=1, routed)           0.907     1.313    clk_IBUF
    BUFGCTRL_X0Y16       BUFG (Prop_bufg_I_O)         0.029     1.342 r  clk_IBUF_BUFG_inst/O
                         net (fo=27, routed)          0.995     2.337    clk_IBUF_BUFG
    SLICE_X112Y102       FDCE                                         r  cnt_reg[3]/C
                         clock pessimism             -0.532     1.806    
    SLICE_X112Y102       FDCE (Hold_fdce_C_D)         0.131     1.937    cnt_reg[3]
  -------------------------------------------------------------------
                         required time                         -1.937    
                         arrival time                           2.309    
  -------------------------------------------------------------------
                         slack                                  0.372    

Slack (MET) :             0.379ns  (arrival time - required time)
  Source:                 cnt_reg[0]/C
                            (rising edge-triggered cell FDCE clocked by clk_pin  {rise@0.000ns fall@5.000ns period=10.000ns})
  Destination:            cnt_reg[2]/D
                            (rising edge-triggered cell FDCE clocked by clk_pin  {rise@0.000ns fall@5.000ns period=10.000ns})
  Path Group:             clk_pin
  Path Type:              Hold (Min at Fast Process Corner)
  Requirement:            0.000ns  (clk_pin rise@0.000ns - clk_pin rise@0.000ns)
  Data Path Delay:        0.500ns  (logic 0.209ns (41.789%)  route 0.291ns (58.211%))
  Logic Levels:           1  (LUT3=1)
  Clock Path Skew:        0.000ns (DCD - SCD - CPR)
    Destination Clock Delay (DCD):    2.337ns
    Source Clock Delay      (SCD):    1.806ns
    Clock Pessimism Removal (CPR):    0.532ns

    Location             Delay type                Incr(ns)  Path(ns)    Netlist Resource(s)
  -------------------------------------------------------------------    -------------------
                         (clock clk_pin rise edge)    0.000     0.000 r  
    H16                                               0.000     0.000 r  clk (IN)
                         net (fo=0)                   0.000     0.000    clk
    H16                  IBUF (Prop_ibuf_I_O)         0.219     0.219 r  clk_IBUF_inst/O
                         net (fo=1, routed)           0.842     1.060    clk_IBUF
    BUFGCTRL_X0Y16       BUFG (Prop_bufg_I_O)         0.026     1.086 r  clk_IBUF_BUFG_inst/O
                         net (fo=27, routed)          0.719     1.806    clk_IBUF_BUFG
    SLICE_X112Y102       FDCE                                         r  cnt_reg[0]/C
  -------------------------------------------------------------------    -------------------
    SLICE_X112Y102       FDCE (Prop_fdce_C_Q)         0.164     1.970 r  cnt_reg[0]/Q
                         net (fo=28, routed)          0.291     2.261    cnt_reg_n_0_[0]
    SLICE_X112Y102       LUT3 (Prop_lut3_I0_O)        0.045     2.306 r  cnt[2]_i_1/O
                         net (fo=1, routed)           0.000     2.306    cnt[2]
    SLICE_X112Y102       FDCE                                         r  cnt_reg[2]/D
  -------------------------------------------------------------------    -------------------

                         (clock clk_pin rise edge)    0.000     0.000 r  
    H16                                               0.000     0.000 r  clk (IN)
                         net (fo=0)                   0.000     0.000    clk
    H16                  IBUF (Prop_ibuf_I_O)         0.406     0.406 r  clk_IBUF_inst/O
                         net (fo=1, routed)           0.907     1.313    clk_IBUF
    BUFGCTRL_X0Y16       BUFG (Prop_bufg_I_O)         0.029     1.342 r  clk_IBUF_BUFG_inst/O
                         net (fo=27, routed)          0.995     2.337    clk_IBUF_BUFG
    SLICE_X112Y102       FDCE                                         r  cnt_reg[2]/C
                         clock pessimism             -0.532     1.806    
    SLICE_X112Y102       FDCE (Hold_fdce_C_D)         0.121     1.927    cnt_reg[2]
  -------------------------------------------------------------------
                         required time                         -1.927    
                         arrival time                           2.306    
  -------------------------------------------------------------------
                         slack                                  0.379    

Slack (MET) :             0.423ns  (arrival time - required time)
  Source:                 cnt_reg[0]/C
                            (rising edge-triggered cell FDCE clocked by clk_pin  {rise@0.000ns fall@5.000ns period=10.000ns})
  Destination:            cnt_reg[24]/D
                            (rising edge-triggered cell FDCE clocked by clk_pin  {rise@0.000ns fall@5.000ns period=10.000ns})
  Path Group:             clk_pin
  Path Type:              Hold (Min at Fast Process Corner)
  Requirement:            0.000ns  (clk_pin rise@0.000ns - clk_pin rise@0.000ns)
  Data Path Delay:        0.569ns  (logic 0.212ns (37.264%)  route 0.357ns (62.736%))
  Logic Levels:           1  (LUT3=1)
  Clock Path Skew:        0.015ns (DCD - SCD - CPR)
    Destination Clock Delay (DCD):    2.336ns
    Source Clock Delay      (SCD):    1.806ns
    Clock Pessimism Removal (CPR):    0.516ns

    Location             Delay type                Incr(ns)  Path(ns)    Netlist Resource(s)
  -------------------------------------------------------------------    -------------------
                         (clock clk_pin rise edge)    0.000     0.000 r  
    H16                                               0.000     0.000 r  clk (IN)
                         net (fo=0)                   0.000     0.000    clk
    H16                  IBUF (Prop_ibuf_I_O)         0.219     0.219 r  clk_IBUF_inst/O
                         net (fo=1, routed)           0.842     1.060    clk_IBUF
    BUFGCTRL_X0Y16       BUFG (Prop_bufg_I_O)         0.026     1.086 r  clk_IBUF_BUFG_inst/O
                         net (fo=27, routed)          0.719     1.806    clk_IBUF_BUFG
    SLICE_X112Y102       FDCE                                         r  cnt_reg[0]/C
  -------------------------------------------------------------------    -------------------
    SLICE_X112Y102       FDCE (Prop_fdce_C_Q)         0.164     1.970 r  cnt_reg[0]/Q
                         net (fo=28, routed)          0.357     2.326    cnt_reg_n_0_[0]
    SLICE_X112Y105       LUT3 (Prop_lut3_I0_O)        0.048     2.374 r  cnt[24]_i_1/O
                         net (fo=1, routed)           0.000     2.374    cnt[24]
    SLICE_X112Y105       FDCE                                         r  cnt_reg[24]/D
  -------------------------------------------------------------------    -------------------

                         (clock clk_pin rise edge)    0.000     0.000 r  
    H16                                               0.000     0.000 r  clk (IN)
                         net (fo=0)                   0.000     0.000    clk
    H16                  IBUF (Prop_ibuf_I_O)         0.406     0.406 r  clk_IBUF_inst/O
                         net (fo=1, routed)           0.907     1.313    clk_IBUF
    BUFGCTRL_X0Y16       BUFG (Prop_bufg_I_O)         0.029     1.342 r  clk_IBUF_BUFG_inst/O
                         net (fo=27, routed)          0.994     2.336    clk_IBUF_BUFG
    SLICE_X112Y105       FDCE                                         r  cnt_reg[24]/C
                         clock pessimism             -0.516     1.821    
    SLICE_X112Y105       FDCE (Hold_fdce_C_D)         0.131     1.952    cnt_reg[24]
  -------------------------------------------------------------------
                         required time                         -1.952    
                         arrival time                           2.374    
  -------------------------------------------------------------------
                         slack                                  0.423    

Slack (MET) :             0.430ns  (arrival time - required time)
  Source:                 cnt_reg[0]/C
                            (rising edge-triggered cell FDCE clocked by clk_pin  {rise@0.000ns fall@5.000ns period=10.000ns})
  Destination:            cnt_reg[14]/D
                            (rising edge-triggered cell FDCE clocked by clk_pin  {rise@0.000ns fall@5.000ns period=10.000ns})
  Path Group:             clk_pin
  Path Type:              Hold (Min at Fast Process Corner)
  Requirement:            0.000ns  (clk_pin rise@0.000ns - clk_pin rise@0.000ns)
  Data Path Delay:        0.566ns  (logic 0.209ns (36.932%)  route 0.357ns (63.068%))
  Logic Levels:           1  (LUT3=1)
  Clock Path Skew:        0.015ns (DCD - SCD - CPR)
    Destination Clock Delay (DCD):    2.336ns
    Source Clock Delay      (SCD):    1.806ns
    Clock Pessimism Removal (CPR):    0.516ns

    Location             Delay type                Incr(ns)  Path(ns)    Netlist Resource(s)
  -------------------------------------------------------------------    -------------------
                         (clock clk_pin rise edge)    0.000     0.000 r  
    H16                                               0.000     0.000 r  clk (IN)
                         net (fo=0)                   0.000     0.000    clk
    H16                  IBUF (Prop_ibuf_I_O)         0.219     0.219 r  clk_IBUF_inst/O
                         net (fo=1, routed)           0.842     1.060    clk_IBUF
    BUFGCTRL_X0Y16       BUFG (Prop_bufg_I_O)         0.026     1.086 r  clk_IBUF_BUFG_inst/O
                         net (fo=27, routed)          0.719     1.806    clk_IBUF_BUFG
    SLICE_X112Y102       FDCE                                         r  cnt_reg[0]/C
  -------------------------------------------------------------------    -------------------
    SLICE_X112Y102       FDCE (Prop_fdce_C_Q)         0.164     1.970 r  cnt_reg[0]/Q
                         net (fo=28, routed)          0.357     2.326    cnt_reg_n_0_[0]
    SLICE_X112Y105       LUT3 (Prop_lut3_I0_O)        0.045     2.371 r  cnt[14]_i_1/O
                         net (fo=1, routed)           0.000     2.371    cnt[14]
    SLICE_X112Y105       FDCE                                         r  cnt_reg[14]/D
  -------------------------------------------------------------------    -------------------

                         (clock clk_pin rise edge)    0.000     0.000 r  
    H16                                               0.000     0.000 r  clk (IN)
                         net (fo=0)                   0.000     0.000    clk
    H16                  IBUF (Prop_ibuf_I_O)         0.406     0.406 r  clk_IBUF_inst/O
                         net (fo=1, routed)           0.907     1.313    clk_IBUF
    BUFGCTRL_X0Y16       BUFG (Prop_bufg_I_O)         0.029     1.342 r  clk_IBUF_BUFG_inst/O
                         net (fo=27, routed)          0.994     2.336    clk_IBUF_BUFG
    SLICE_X112Y105       FDCE                                         r  cnt_reg[14]/C
                         clock pessimism             -0.516     1.821    
    SLICE_X112Y105       FDCE (Hold_fdce_C_D)         0.121     1.942    cnt_reg[14]
  -------------------------------------------------------------------
                         required time                         -1.942    
                         arrival time                           2.371    
  -------------------------------------------------------------------
                         slack                                  0.430    

Slack (MET) :             0.462ns  (arrival time - required time)
  Source:                 cnt_reg[0]/C
                            (rising edge-triggered cell FDCE clocked by clk_pin  {rise@0.000ns fall@5.000ns period=10.000ns})
  Destination:            cnt_reg[21]/D
                            (rising edge-triggered cell FDCE clocked by clk_pin  {rise@0.000ns fall@5.000ns period=10.000ns})
  Path Group:             clk_pin
  Path Type:              Hold (Min at Fast Process Corner)
  Requirement:            0.000ns  (clk_pin rise@0.000ns - clk_pin rise@0.000ns)
  Data Path Delay:        0.608ns  (logic 0.213ns (35.041%)  route 0.395ns (64.959%))
  Logic Levels:           1  (LUT3=1)
  Clock Path Skew:        0.015ns (DCD - SCD - CPR)
    Destination Clock Delay (DCD):    2.336ns
    Source Clock Delay      (SCD):    1.806ns
    Clock Pessimism Removal (CPR):    0.516ns

    Location             Delay type                Incr(ns)  Path(ns)    Netlist Resource(s)
  -------------------------------------------------------------------    -------------------
                         (clock clk_pin rise edge)    0.000     0.000 r  
    H16                                               0.000     0.000 r  clk (IN)
                         net (fo=0)                   0.000     0.000    clk
    H16                  IBUF (Prop_ibuf_I_O)         0.219     0.219 r  clk_IBUF_inst/O
                         net (fo=1, routed)           0.842     1.060    clk_IBUF
    BUFGCTRL_X0Y16       BUFG (Prop_bufg_I_O)         0.026     1.086 r  clk_IBUF_BUFG_inst/O
                         net (fo=27, routed)          0.719     1.806    clk_IBUF_BUFG
    SLICE_X112Y102       FDCE                                         r  cnt_reg[0]/C
  -------------------------------------------------------------------    -------------------
    SLICE_X112Y102       FDCE (Prop_fdce_C_Q)         0.164     1.970 r  cnt_reg[0]/Q
                         net (fo=28, routed)          0.395     2.364    cnt_reg_n_0_[0]
    SLICE_X112Y105       LUT3 (Prop_lut3_I0_O)        0.049     2.413 r  cnt[21]_i_1/O
                         net (fo=1, routed)           0.000     2.413    cnt[21]
    SLICE_X112Y105       FDCE                                         r  cnt_reg[21]/D
  -------------------------------------------------------------------    -------------------

                         (clock clk_pin rise edge)    0.000     0.000 r  
    H16                                               0.000     0.000 r  clk (IN)
                         net (fo=0)                   0.000     0.000    clk
    H16                  IBUF (Prop_ibuf_I_O)         0.406     0.406 r  clk_IBUF_inst/O
                         net (fo=1, routed)           0.907     1.313    clk_IBUF
    BUFGCTRL_X0Y16       BUFG (Prop_bufg_I_O)         0.029     1.342 r  clk_IBUF_BUFG_inst/O
                         net (fo=27, routed)          0.994     2.336    clk_IBUF_BUFG
    SLICE_X112Y105       FDCE                                         r  cnt_reg[21]/C
                         clock pessimism             -0.516     1.821    
    SLICE_X112Y105       FDCE (Hold_fdce_C_D)         0.131     1.952    cnt_reg[21]
  -------------------------------------------------------------------
                         required time                         -1.952    
                         arrival time                           2.413    
  -------------------------------------------------------------------
                         slack                                  0.462    





Pulse Width Checks
--------------------------------------------------------------------------------------
Clock Name:         clk_pin
Waveform(ns):       { 0.000 5.000 }
Period(ns):         10.000
Sources:            { clk }

Check Type        Corner  Lib Pin  Reference Pin  Required(ns)  Actual(ns)  Slack(ns)  Location        Pin
Min Period        n/a     BUFG/I   n/a            2.155         10.000      7.845      BUFGCTRL_X0Y16  clk_IBUF_BUFG_inst/I
Min Period        n/a     FDCE/C   n/a            1.000         10.000      9.000      SLICE_X112Y102  cnt_reg[0]/C
Min Period        n/a     FDCE/C   n/a            1.000         10.000      9.000      SLICE_X112Y104  cnt_reg[10]/C
Min Period        n/a     FDCE/C   n/a            1.000         10.000      9.000      SLICE_X112Y104  cnt_reg[11]/C
Min Period        n/a     FDCE/C   n/a            1.000         10.000      9.000      SLICE_X112Y104  cnt_reg[12]/C
Min Period        n/a     FDCE/C   n/a            1.000         10.000      9.000      SLICE_X112Y105  cnt_reg[13]/C
Min Period        n/a     FDCE/C   n/a            1.000         10.000      9.000      SLICE_X112Y105  cnt_reg[14]/C
Min Period        n/a     FDCE/C   n/a            1.000         10.000      9.000      SLICE_X112Y105  cnt_reg[15]/C
Min Period        n/a     FDCE/C   n/a            1.000         10.000      9.000      SLICE_X112Y106  cnt_reg[16]/C
Min Period        n/a     FDCE/C   n/a            1.000         10.000      9.000      SLICE_X112Y106  cnt_reg[17]/C
Low Pulse Width   Slow    FDCE/C   n/a            0.500         5.000       4.500      SLICE_X112Y102  cnt_reg[0]/C
Low Pulse Width   Fast    FDCE/C   n/a            0.500         5.000       4.500      SLICE_X112Y102  cnt_reg[0]/C
Low Pulse Width   Slow    FDCE/C   n/a            0.500         5.000       4.500      SLICE_X112Y104  cnt_reg[10]/C
Low Pulse Width   Fast    FDCE/C   n/a            0.500         5.000       4.500      SLICE_X112Y104  cnt_reg[10]/C
Low Pulse Width   Slow    FDCE/C   n/a            0.500         5.000       4.500      SLICE_X112Y104  cnt_reg[11]/C
Low Pulse Width   Fast    FDCE/C   n/a            0.500         5.000       4.500      SLICE_X112Y104  cnt_reg[11]/C
Low Pulse Width   Slow    FDCE/C   n/a            0.500         5.000       4.500      SLICE_X112Y104  cnt_reg[12]/C
Low Pulse Width   Fast    FDCE/C   n/a            0.500         5.000       4.500      SLICE_X112Y104  cnt_reg[12]/C
Low Pulse Width   Slow    FDCE/C   n/a            0.500         5.000       4.500      SLICE_X112Y105  cnt_reg[13]/C
Low Pulse Width   Fast    FDCE/C   n/a            0.500         5.000       4.500      SLICE_X112Y105  cnt_reg[13]/C
High Pulse Width  Slow    FDCE/C   n/a            0.500         5.000       4.500      SLICE_X112Y102  cnt_reg[0]/C
High Pulse Width  Fast    FDCE/C   n/a            0.500         5.000       4.500      SLICE_X112Y102  cnt_reg[0]/C
High Pulse Width  Slow    FDCE/C   n/a            0.500         5.000       4.500      SLICE_X112Y104  cnt_reg[10]/C
High Pulse Width  Fast    FDCE/C   n/a            0.500         5.000       4.500      SLICE_X112Y104  cnt_reg[10]/C
High Pulse Width  Slow    FDCE/C   n/a            0.500         5.000       4.500      SLICE_X112Y104  cnt_reg[11]/C
High Pulse Width  Fast    FDCE/C   n/a            0.500         5.000       4.500      SLICE_X112Y104  cnt_reg[11]/C
High Pulse Width  Slow    FDCE/C   n/a            0.500         5.000       4.500      SLICE_X112Y104  cnt_reg[12]/C
High Pulse Width  Fast    FDCE/C   n/a            0.500         5.000       4.500      SLICE_X112Y104  cnt_reg[12]/C
High Pulse Width  Slow    FDCE/C   n/a            0.500         5.000       4.500      SLICE_X112Y105  cnt_reg[13]/C
High Pulse Width  Fast    FDCE/C   n/a            0.500         5.000       4.500      SLICE_X112Y105  cnt_reg[13]/C



