Copyright 1986-2018 Xilinx, Inc. All Rights Reserved.
-----------------------------------------------------------------------------------------------------------------------------------------------------------------------------------------------
| Tool Version : Vivado v.2018.3 (win64) Build 2405991 Thu Dec  6 23:38:27 MST 2018
| Date         : Sun May 25 03:36:50 2025
| Host         : ukp66482 running 64-bit major release  (build 9200)
| Command      : report_methodology -file conv_design_wrapper_methodology_drc_routed.rpt -pb conv_design_wrapper_methodology_drc_routed.pb -rpx conv_design_wrapper_methodology_drc_routed.rpx
| Design       : conv_design_wrapper
| Device       : xc7z020clg400-1
| Speed File   : -1
| Design State : Fully Routed
-----------------------------------------------------------------------------------------------------------------------------------------------------------------------------------------------

Report Methodology

Table of Contents
-----------------
1. REPORT SUMMARY
2. REPORT DETAILS

1. REPORT SUMMARY
-----------------
            Netlist: netlist
          Floorplan: design_1
      Design limits: <entire design considered>
             Max violations: <unlimited>
             Violations found: 32
+-----------+----------+-------------------+------------+
| Rule      | Severity | Description       | Violations |
+-----------+----------+-------------------+------------+
| TIMING-20 | Warning  | Non-clocked latch | 32         |
+-----------+----------+-------------------+------------+

2. REPORT DETAILS
-----------------
TIMING-20#1 Warning
Non-clocked latch  
The latch conv_design_i/CONV_0/inst/mul_result_reg[16] cannot be properly analyzed as its control pin conv_design_i/CONV_0/inst/mul_result_reg[16]/G is not reached by a timing clock
Related violations: <none>

TIMING-20#2 Warning
Non-clocked latch  
The latch conv_design_i/CONV_0/inst/mul_result_reg[17] cannot be properly analyzed as its control pin conv_design_i/CONV_0/inst/mul_result_reg[17]/G is not reached by a timing clock
Related violations: <none>

TIMING-20#3 Warning
Non-clocked latch  
The latch conv_design_i/CONV_0/inst/mul_result_reg[18] cannot be properly analyzed as its control pin conv_design_i/CONV_0/inst/mul_result_reg[18]/G is not reached by a timing clock
Related violations: <none>

TIMING-20#4 Warning
Non-clocked latch  
The latch conv_design_i/CONV_0/inst/mul_result_reg[19] cannot be properly analyzed as its control pin conv_design_i/CONV_0/inst/mul_result_reg[19]/G is not reached by a timing clock
Related violations: <none>

TIMING-20#5 Warning
Non-clocked latch  
The latch conv_design_i/CONV_0/inst/mul_result_reg[20] cannot be properly analyzed as its control pin conv_design_i/CONV_0/inst/mul_result_reg[20]/G is not reached by a timing clock
Related violations: <none>

TIMING-20#6 Warning
Non-clocked latch  
The latch conv_design_i/CONV_0/inst/mul_result_reg[21] cannot be properly analyzed as its control pin conv_design_i/CONV_0/inst/mul_result_reg[21]/G is not reached by a timing clock
Related violations: <none>

TIMING-20#7 Warning
Non-clocked latch  
The latch conv_design_i/CONV_0/inst/mul_result_reg[22] cannot be properly analyzed as its control pin conv_design_i/CONV_0/inst/mul_result_reg[22]/G is not reached by a timing clock
Related violations: <none>

TIMING-20#8 Warning
Non-clocked latch  
The latch conv_design_i/CONV_0/inst/mul_result_reg[23] cannot be properly analyzed as its control pin conv_design_i/CONV_0/inst/mul_result_reg[23]/G is not reached by a timing clock
Related violations: <none>

TIMING-20#9 Warning
Non-clocked latch  
The latch conv_design_i/CONV_0/inst/mul_result_reg[24] cannot be properly analyzed as its control pin conv_design_i/CONV_0/inst/mul_result_reg[24]/G is not reached by a timing clock
Related violations: <none>

TIMING-20#10 Warning
Non-clocked latch  
The latch conv_design_i/CONV_0/inst/mul_result_reg[25] cannot be properly analyzed as its control pin conv_design_i/CONV_0/inst/mul_result_reg[25]/G is not reached by a timing clock
Related violations: <none>

TIMING-20#11 Warning
Non-clocked latch  
The latch conv_design_i/CONV_0/inst/mul_result_reg[26] cannot be properly analyzed as its control pin conv_design_i/CONV_0/inst/mul_result_reg[26]/G is not reached by a timing clock
Related violations: <none>

TIMING-20#12 Warning
Non-clocked latch  
The latch conv_design_i/CONV_0/inst/mul_result_reg[27] cannot be properly analyzed as its control pin conv_design_i/CONV_0/inst/mul_result_reg[27]/G is not reached by a timing clock
Related violations: <none>

TIMING-20#13 Warning
Non-clocked latch  
The latch conv_design_i/CONV_0/inst/mul_result_reg[28] cannot be properly analyzed as its control pin conv_design_i/CONV_0/inst/mul_result_reg[28]/G is not reached by a timing clock
Related violations: <none>

TIMING-20#14 Warning
Non-clocked latch  
The latch conv_design_i/CONV_0/inst/mul_result_reg[29] cannot be properly analyzed as its control pin conv_design_i/CONV_0/inst/mul_result_reg[29]/G is not reached by a timing clock
Related violations: <none>

TIMING-20#15 Warning
Non-clocked latch  
The latch conv_design_i/CONV_0/inst/mul_result_reg[30] cannot be properly analyzed as its control pin conv_design_i/CONV_0/inst/mul_result_reg[30]/G is not reached by a timing clock
Related violations: <none>

TIMING-20#16 Warning
Non-clocked latch  
The latch conv_design_i/CONV_0/inst/mul_result_reg[31] cannot be properly analyzed as its control pin conv_design_i/CONV_0/inst/mul_result_reg[31]/G is not reached by a timing clock
Related violations: <none>

TIMING-20#17 Warning
Non-clocked latch  
The latch conv_design_i/CONV_0/inst/mul_result_reg[32] cannot be properly analyzed as its control pin conv_design_i/CONV_0/inst/mul_result_reg[32]/G is not reached by a timing clock
Related violations: <none>

TIMING-20#18 Warning
Non-clocked latch  
The latch conv_design_i/CONV_0/inst/mul_result_reg[33] cannot be properly analyzed as its control pin conv_design_i/CONV_0/inst/mul_result_reg[33]/G is not reached by a timing clock
Related violations: <none>

TIMING-20#19 Warning
Non-clocked latch  
The latch conv_design_i/CONV_0/inst/mul_result_reg[34] cannot be properly analyzed as its control pin conv_design_i/CONV_0/inst/mul_result_reg[34]/G is not reached by a timing clock
Related violations: <none>

TIMING-20#20 Warning
Non-clocked latch  
The latch conv_design_i/CONV_0/inst/mul_result_reg[35] cannot be properly analyzed as its control pin conv_design_i/CONV_0/inst/mul_result_reg[35]/G is not reached by a timing clock
Related violations: <none>

TIMING-20#21 Warning
Non-clocked latch  
The latch conv_design_i/CONV_0/inst/mul_result_reg[36] cannot be properly analyzed as its control pin conv_design_i/CONV_0/inst/mul_result_reg[36]/G is not reached by a timing clock
Related violations: <none>

TIMING-20#22 Warning
Non-clocked latch  
The latch conv_design_i/CONV_0/inst/mul_result_reg[37] cannot be properly analyzed as its control pin conv_design_i/CONV_0/inst/mul_result_reg[37]/G is not reached by a timing clock
Related violations: <none>

TIMING-20#23 Warning
Non-clocked latch  
The latch conv_design_i/CONV_0/inst/mul_result_reg[38] cannot be properly analyzed as its control pin conv_design_i/CONV_0/inst/mul_result_reg[38]/G is not reached by a timing clock
Related violations: <none>

TIMING-20#24 Warning
Non-clocked latch  
The latch conv_design_i/CONV_0/inst/mul_result_reg[39] cannot be properly analyzed as its control pin conv_design_i/CONV_0/inst/mul_result_reg[39]/G is not reached by a timing clock
Related violations: <none>

TIMING-20#25 Warning
Non-clocked latch  
The latch conv_design_i/CONV_0/inst/mul_result_reg[40] cannot be properly analyzed as its control pin conv_design_i/CONV_0/inst/mul_result_reg[40]/G is not reached by a timing clock
Related violations: <none>

TIMING-20#26 Warning
Non-clocked latch  
The latch conv_design_i/CONV_0/inst/mul_result_reg[41] cannot be properly analyzed as its control pin conv_design_i/CONV_0/inst/mul_result_reg[41]/G is not reached by a timing clock
Related violations: <none>

TIMING-20#27 Warning
Non-clocked latch  
The latch conv_design_i/CONV_0/inst/mul_result_reg[42] cannot be properly analyzed as its control pin conv_design_i/CONV_0/inst/mul_result_reg[42]/G is not reached by a timing clock
Related violations: <none>

TIMING-20#28 Warning
Non-clocked latch  
The latch conv_design_i/CONV_0/inst/mul_result_reg[43] cannot be properly analyzed as its control pin conv_design_i/CONV_0/inst/mul_result_reg[43]/G is not reached by a timing clock
Related violations: <none>

TIMING-20#29 Warning
Non-clocked latch  
The latch conv_design_i/CONV_0/inst/mul_result_reg[44] cannot be properly analyzed as its control pin conv_design_i/CONV_0/inst/mul_result_reg[44]/G is not reached by a timing clock
Related violations: <none>

TIMING-20#30 Warning
Non-clocked latch  
The latch conv_design_i/CONV_0/inst/mul_result_reg[45] cannot be properly analyzed as its control pin conv_design_i/CONV_0/inst/mul_result_reg[45]/G is not reached by a timing clock
Related violations: <none>

TIMING-20#31 Warning
Non-clocked latch  
The latch conv_design_i/CONV_0/inst/mul_result_reg[46] cannot be properly analyzed as its control pin conv_design_i/CONV_0/inst/mul_result_reg[46]/G is not reached by a timing clock
Related violations: <none>

TIMING-20#32 Warning
Non-clocked latch  
The latch conv_design_i/CONV_0/inst/mul_result_reg[47] cannot be properly analyzed as its control pin conv_design_i/CONV_0/inst/mul_result_reg[47]/G is not reached by a timing clock
Related violations: <none>


