14:25:54 INFO  : Registering command handlers for SDK TCF services
14:25:54 INFO  : Launching XSCT server: xsct.bat -interactive C:\Users\kartg\Desktop\Github\Deep-Learning-IC\hw6\project_hw6\project_hw6.sdk\temp_xsdb_launch_script.tcl
14:25:57 INFO  : XSCT server has started successfully.
14:25:57 INFO  : Successfully done setting XSCT server connection channel  
14:25:58 INFO  : Successfully done setting SDK workspace  
14:25:58 INFO  : Processing command line option -hwspec C:/Users/kartg/Desktop/Github/Deep-Learning-IC/hw6/project_hw6/project_hw6.sdk/design_1_wrapper.hdf.
15:30:33 INFO  : Connected to target on host '127.0.0.1' and port '3121'.
15:30:34 INFO  : Jtag cable 'Xilinx HW-FTDI-TEST FT2232H 1234-tulA' is selected.
15:30:34 INFO  : 'jtag frequency' command is executed.
15:30:34 INFO  : Sourcing of 'C:/Users/kartg/Desktop/Github/Deep-Learning-IC/hw6/project_hw6/project_hw6.sdk/design_1_wrapper_hw_platform_0/ps7_init.tcl' is done.
15:30:34 INFO  : 'targets -set -filter {jtag_cable_name =~ "Xilinx HW-FTDI-TEST FT2232H 1234-tulA" && level==0} -index 1' command is executed.
15:30:36 INFO  : FPGA configured successfully with bitstream "C:/Users/kartg/Desktop/Github/Deep-Learning-IC/hw6/project_hw6/project_hw6.sdk/design_1_wrapper_hw_platform_0/design_1_wrapper.bit"
15:30:36 INFO  : Context for 'APU' is selected.
15:30:36 INFO  : Hardware design information is loaded from 'C:/Users/kartg/Desktop/Github/Deep-Learning-IC/hw6/project_hw6/project_hw6.sdk/design_1_wrapper_hw_platform_0/system.hdf'.
15:30:36 INFO  : 'configparams force-mem-access 1' command is executed.
15:30:36 INFO  : Context for 'APU' is selected.
15:30:36 INFO  : 'stop' command is executed.
15:30:37 INFO  : 'ps7_init' command is executed.
15:30:37 INFO  : 'ps7_post_config' command is executed.
15:30:37 INFO  : Context for processor 'ps7_cortexa9_0' is selected.
15:30:37 INFO  : Processor reset is completed for 'ps7_cortexa9_0'.
15:30:37 INFO  : Context for processor 'ps7_cortexa9_0' is selected.
15:30:37 INFO  : The application 'C:/Users/kartg/Desktop/Github/Deep-Learning-IC/hw6/project_hw6/project_hw6.sdk/ImageInversion/Debug/ImageInversion.elf' is downloaded to processor 'ps7_cortexa9_0'.
15:30:37 INFO  : 'configparams force-mem-access 0' command is executed.
15:30:37 INFO  : ----------------XSDB Script----------------
connect -url tcp:127.0.0.1:3121
source C:/Users/kartg/Desktop/Github/Deep-Learning-IC/hw6/project_hw6/project_hw6.sdk/design_1_wrapper_hw_platform_0/ps7_init.tcl
targets -set -filter {jtag_cable_name =~ "Xilinx HW-FTDI-TEST FT2232H 1234-tulA" && level==0} -index 1
fpga -file C:/Users/kartg/Desktop/Github/Deep-Learning-IC/hw6/project_hw6/project_hw6.sdk/design_1_wrapper_hw_platform_0/design_1_wrapper.bit
targets -set -nocase -filter {name =~"APU*" && jtag_cable_name =~ "Xilinx HW-FTDI-TEST FT2232H 1234-tulA"} -index 0
loadhw -hw C:/Users/kartg/Desktop/Github/Deep-Learning-IC/hw6/project_hw6/project_hw6.sdk/design_1_wrapper_hw_platform_0/system.hdf -mem-ranges [list {0x40000000 0xbfffffff}]
configparams force-mem-access 1
targets -set -nocase -filter {name =~"APU*" && jtag_cable_name =~ "Xilinx HW-FTDI-TEST FT2232H 1234-tulA"} -index 0
stop
ps7_init
ps7_post_config
targets -set -nocase -filter {name =~ "ARM*#0" && jtag_cable_name =~ "Xilinx HW-FTDI-TEST FT2232H 1234-tulA"} -index 0
rst -processor
targets -set -nocase -filter {name =~ "ARM*#0" && jtag_cable_name =~ "Xilinx HW-FTDI-TEST FT2232H 1234-tulA"} -index 0
dow C:/Users/kartg/Desktop/Github/Deep-Learning-IC/hw6/project_hw6/project_hw6.sdk/ImageInversion/Debug/ImageInversion.elf
configparams force-mem-access 0
----------------End of Script----------------

15:30:37 INFO  : Memory regions updated for context APU
15:30:37 INFO  : Context for processor 'ps7_cortexa9_0' is selected.
15:30:37 INFO  : 'con' command is executed.
15:30:37 INFO  : ----------------XSDB Script (After Launch)----------------
targets -set -nocase -filter {name =~ "ARM*#0" && jtag_cable_name =~ "Xilinx HW-FTDI-TEST FT2232H 1234-tulA"} -index 0
con
----------------End of Script----------------

15:30:37 INFO  : Launch script is exported to file 'C:\Users\kartg\Desktop\Github\Deep-Learning-IC\hw6\project_hw6\project_hw6.sdk\.sdk\launch_scripts\xilinx_c-c++_application_(system_debugger)\system_debugger_on_local.tcl'
15:35:03 INFO  : Disconnected from the channel tcfchan#1.
15:35:04 INFO  : Connected to target on host '127.0.0.1' and port '3121'.
15:35:04 INFO  : Jtag cable 'Xilinx HW-FTDI-TEST FT2232H 1234-tulA' is selected.
15:35:04 INFO  : 'jtag frequency' command is executed.
15:35:04 INFO  : Sourcing of 'C:/Users/kartg/Desktop/Github/Deep-Learning-IC/hw6/project_hw6/project_hw6.sdk/design_1_wrapper_hw_platform_0/ps7_init.tcl' is done.
15:35:04 INFO  : 'targets -set -filter {jtag_cable_name =~ "Xilinx HW-FTDI-TEST FT2232H 1234-tulA" && level==0} -index 1' command is executed.
15:35:07 INFO  : FPGA configured successfully with bitstream "C:/Users/kartg/Desktop/Github/Deep-Learning-IC/hw6/project_hw6/project_hw6.sdk/design_1_wrapper_hw_platform_0/design_1_wrapper.bit"
15:35:07 INFO  : Context for 'APU' is selected.
15:35:09 INFO  : Hardware design information is loaded from 'C:/Users/kartg/Desktop/Github/Deep-Learning-IC/hw6/project_hw6/project_hw6.sdk/design_1_wrapper_hw_platform_0/system.hdf'.
15:35:09 INFO  : 'configparams force-mem-access 1' command is executed.
15:35:09 INFO  : Context for 'APU' is selected.
15:35:09 INFO  : 'stop' command is executed.
15:35:09 INFO  : 'ps7_init' command is executed.
15:35:09 INFO  : 'ps7_post_config' command is executed.
15:35:09 INFO  : Context for processor 'ps7_cortexa9_0' is selected.
15:35:09 INFO  : Processor reset is completed for 'ps7_cortexa9_0'.
15:35:10 INFO  : Context for processor 'ps7_cortexa9_0' is selected.
15:35:10 INFO  : The application 'C:/Users/kartg/Desktop/Github/Deep-Learning-IC/hw6/project_hw6/project_hw6.sdk/ImageInversion/Debug/ImageInversion.elf' is downloaded to processor 'ps7_cortexa9_0'.
15:35:10 INFO  : 'configparams force-mem-access 0' command is executed.
15:35:10 INFO  : ----------------XSDB Script----------------
connect -url tcp:127.0.0.1:3121
source C:/Users/kartg/Desktop/Github/Deep-Learning-IC/hw6/project_hw6/project_hw6.sdk/design_1_wrapper_hw_platform_0/ps7_init.tcl
targets -set -filter {jtag_cable_name =~ "Xilinx HW-FTDI-TEST FT2232H 1234-tulA" && level==0} -index 1
fpga -file C:/Users/kartg/Desktop/Github/Deep-Learning-IC/hw6/project_hw6/project_hw6.sdk/design_1_wrapper_hw_platform_0/design_1_wrapper.bit
targets -set -nocase -filter {name =~"APU*" && jtag_cable_name =~ "Xilinx HW-FTDI-TEST FT2232H 1234-tulA"} -index 0
loadhw -hw C:/Users/kartg/Desktop/Github/Deep-Learning-IC/hw6/project_hw6/project_hw6.sdk/design_1_wrapper_hw_platform_0/system.hdf -mem-ranges [list {0x40000000 0xbfffffff}]
configparams force-mem-access 1
targets -set -nocase -filter {name =~"APU*" && jtag_cable_name =~ "Xilinx HW-FTDI-TEST FT2232H 1234-tulA"} -index 0
stop
ps7_init
ps7_post_config
targets -set -nocase -filter {name =~ "ARM*#0" && jtag_cable_name =~ "Xilinx HW-FTDI-TEST FT2232H 1234-tulA"} -index 0
rst -processor
targets -set -nocase -filter {name =~ "ARM*#0" && jtag_cable_name =~ "Xilinx HW-FTDI-TEST FT2232H 1234-tulA"} -index 0
dow C:/Users/kartg/Desktop/Github/Deep-Learning-IC/hw6/project_hw6/project_hw6.sdk/ImageInversion/Debug/ImageInversion.elf
configparams force-mem-access 0
----------------End of Script----------------

15:35:10 INFO  : Memory regions updated for context APU
15:35:10 INFO  : Context for processor 'ps7_cortexa9_0' is selected.
15:35:10 INFO  : 'con' command is executed.
15:35:10 INFO  : ----------------XSDB Script (After Launch)----------------
targets -set -nocase -filter {name =~ "ARM*#0" && jtag_cable_name =~ "Xilinx HW-FTDI-TEST FT2232H 1234-tulA"} -index 0
con
----------------End of Script----------------

15:35:10 INFO  : Launch script is exported to file 'C:\Users\kartg\Desktop\Github\Deep-Learning-IC\hw6\project_hw6\project_hw6.sdk\.sdk\launch_scripts\xilinx_c-c++_application_(system_debugger)\system_debugger_on_local.tcl'
15:54:21 INFO  : Disconnected from the channel tcfchan#2.
15:54:22 INFO  : Connected to target on host '127.0.0.1' and port '3121'.
15:54:23 INFO  : Jtag cable 'Xilinx HW-FTDI-TEST FT2232H 1234-tulA' is selected.
15:54:23 INFO  : 'jtag frequency' command is executed.
15:54:23 INFO  : Sourcing of 'C:/Users/kartg/Desktop/Github/Deep-Learning-IC/hw6/project_hw6/project_hw6.sdk/design_1_wrapper_hw_platform_0/ps7_init.tcl' is done.
15:54:23 INFO  : 'targets -set -filter {jtag_cable_name =~ "Xilinx HW-FTDI-TEST FT2232H 1234-tulA" && level==0} -index 1' command is executed.
15:54:25 INFO  : FPGA configured successfully with bitstream "C:/Users/kartg/Desktop/Github/Deep-Learning-IC/hw6/project_hw6/project_hw6.sdk/design_1_wrapper_hw_platform_0/design_1_wrapper.bit"
15:54:25 INFO  : Context for 'APU' is selected.
15:54:27 INFO  : Hardware design information is loaded from 'C:/Users/kartg/Desktop/Github/Deep-Learning-IC/hw6/project_hw6/project_hw6.sdk/design_1_wrapper_hw_platform_0/system.hdf'.
15:54:27 INFO  : 'configparams force-mem-access 1' command is executed.
15:54:27 INFO  : Context for 'APU' is selected.
15:54:27 INFO  : 'stop' command is executed.
15:54:27 INFO  : 'ps7_init' command is executed.
15:54:27 INFO  : 'ps7_post_config' command is executed.
15:54:27 INFO  : Context for processor 'ps7_cortexa9_0' is selected.
15:54:27 INFO  : Processor reset is completed for 'ps7_cortexa9_0'.
15:54:27 INFO  : Context for processor 'ps7_cortexa9_0' is selected.
15:54:28 INFO  : The application 'C:/Users/kartg/Desktop/Github/Deep-Learning-IC/hw6/project_hw6/project_hw6.sdk/ImageInversion/Debug/ImageInversion.elf' is downloaded to processor 'ps7_cortexa9_0'.
15:54:28 INFO  : 'configparams force-mem-access 0' command is executed.
15:54:28 INFO  : ----------------XSDB Script----------------
connect -url tcp:127.0.0.1:3121
source C:/Users/kartg/Desktop/Github/Deep-Learning-IC/hw6/project_hw6/project_hw6.sdk/design_1_wrapper_hw_platform_0/ps7_init.tcl
targets -set -filter {jtag_cable_name =~ "Xilinx HW-FTDI-TEST FT2232H 1234-tulA" && level==0} -index 1
fpga -file C:/Users/kartg/Desktop/Github/Deep-Learning-IC/hw6/project_hw6/project_hw6.sdk/design_1_wrapper_hw_platform_0/design_1_wrapper.bit
targets -set -nocase -filter {name =~"APU*" && jtag_cable_name =~ "Xilinx HW-FTDI-TEST FT2232H 1234-tulA"} -index 0
loadhw -hw C:/Users/kartg/Desktop/Github/Deep-Learning-IC/hw6/project_hw6/project_hw6.sdk/design_1_wrapper_hw_platform_0/system.hdf -mem-ranges [list {0x40000000 0xbfffffff}]
configparams force-mem-access 1
targets -set -nocase -filter {name =~"APU*" && jtag_cable_name =~ "Xilinx HW-FTDI-TEST FT2232H 1234-tulA"} -index 0
stop
ps7_init
ps7_post_config
targets -set -nocase -filter {name =~ "ARM*#0" && jtag_cable_name =~ "Xilinx HW-FTDI-TEST FT2232H 1234-tulA"} -index 0
rst -processor
targets -set -nocase -filter {name =~ "ARM*#0" && jtag_cable_name =~ "Xilinx HW-FTDI-TEST FT2232H 1234-tulA"} -index 0
dow C:/Users/kartg/Desktop/Github/Deep-Learning-IC/hw6/project_hw6/project_hw6.sdk/ImageInversion/Debug/ImageInversion.elf
configparams force-mem-access 0
----------------End of Script----------------

15:54:28 INFO  : Memory regions updated for context APU
15:54:28 INFO  : Context for processor 'ps7_cortexa9_0' is selected.
15:54:28 INFO  : 'con' command is executed.
15:54:28 INFO  : ----------------XSDB Script (After Launch)----------------
targets -set -nocase -filter {name =~ "ARM*#0" && jtag_cable_name =~ "Xilinx HW-FTDI-TEST FT2232H 1234-tulA"} -index 0
con
----------------End of Script----------------

15:54:28 INFO  : Launch script is exported to file 'C:\Users\kartg\Desktop\Github\Deep-Learning-IC\hw6\project_hw6\project_hw6.sdk\.sdk\launch_scripts\xilinx_c-c++_application_(system_debugger)\system_debugger_on_local.tcl'
16:00:33 INFO  : Disconnected from the channel tcfchan#3.
16:00:34 INFO  : Connected to target on host '127.0.0.1' and port '3121'.
16:00:34 INFO  : Jtag cable 'Xilinx HW-FTDI-TEST FT2232H 1234-tulA' is selected.
16:00:34 INFO  : 'jtag frequency' command is executed.
16:00:34 INFO  : Sourcing of 'C:/Users/kartg/Desktop/Github/Deep-Learning-IC/hw6/project_hw6/project_hw6.sdk/design_1_wrapper_hw_platform_0/ps7_init.tcl' is done.
16:00:34 INFO  : 'targets -set -filter {jtag_cable_name =~ "Xilinx HW-FTDI-TEST FT2232H 1234-tulA" && level==0} -index 1' command is executed.
16:00:37 INFO  : FPGA configured successfully with bitstream "C:/Users/kartg/Desktop/Github/Deep-Learning-IC/hw6/project_hw6/project_hw6.sdk/design_1_wrapper_hw_platform_0/design_1_wrapper.bit"
16:00:37 INFO  : Context for 'APU' is selected.
16:00:39 INFO  : Hardware design information is loaded from 'C:/Users/kartg/Desktop/Github/Deep-Learning-IC/hw6/project_hw6/project_hw6.sdk/design_1_wrapper_hw_platform_0/system.hdf'.
16:00:39 INFO  : 'configparams force-mem-access 1' command is executed.
16:00:39 INFO  : Context for 'APU' is selected.
16:00:39 INFO  : 'stop' command is executed.
16:00:39 INFO  : 'ps7_init' command is executed.
16:00:39 INFO  : 'ps7_post_config' command is executed.
16:00:40 INFO  : Context for processor 'ps7_cortexa9_0' is selected.
16:00:40 INFO  : Processor reset is completed for 'ps7_cortexa9_0'.
16:00:40 INFO  : Context for processor 'ps7_cortexa9_0' is selected.
16:00:40 INFO  : The application 'C:/Users/kartg/Desktop/Github/Deep-Learning-IC/hw6/project_hw6/project_hw6.sdk/ImageInversion/Debug/ImageInversion.elf' is downloaded to processor 'ps7_cortexa9_0'.
16:00:40 INFO  : 'configparams force-mem-access 0' command is executed.
16:00:40 INFO  : ----------------XSDB Script----------------
connect -url tcp:127.0.0.1:3121
source C:/Users/kartg/Desktop/Github/Deep-Learning-IC/hw6/project_hw6/project_hw6.sdk/design_1_wrapper_hw_platform_0/ps7_init.tcl
targets -set -filter {jtag_cable_name =~ "Xilinx HW-FTDI-TEST FT2232H 1234-tulA" && level==0} -index 1
fpga -file C:/Users/kartg/Desktop/Github/Deep-Learning-IC/hw6/project_hw6/project_hw6.sdk/design_1_wrapper_hw_platform_0/design_1_wrapper.bit
targets -set -nocase -filter {name =~"APU*" && jtag_cable_name =~ "Xilinx HW-FTDI-TEST FT2232H 1234-tulA"} -index 0
loadhw -hw C:/Users/kartg/Desktop/Github/Deep-Learning-IC/hw6/project_hw6/project_hw6.sdk/design_1_wrapper_hw_platform_0/system.hdf -mem-ranges [list {0x40000000 0xbfffffff}]
configparams force-mem-access 1
targets -set -nocase -filter {name =~"APU*" && jtag_cable_name =~ "Xilinx HW-FTDI-TEST FT2232H 1234-tulA"} -index 0
stop
ps7_init
ps7_post_config
targets -set -nocase -filter {name =~ "ARM*#0" && jtag_cable_name =~ "Xilinx HW-FTDI-TEST FT2232H 1234-tulA"} -index 0
rst -processor
targets -set -nocase -filter {name =~ "ARM*#0" && jtag_cable_name =~ "Xilinx HW-FTDI-TEST FT2232H 1234-tulA"} -index 0
dow C:/Users/kartg/Desktop/Github/Deep-Learning-IC/hw6/project_hw6/project_hw6.sdk/ImageInversion/Debug/ImageInversion.elf
configparams force-mem-access 0
----------------End of Script----------------

16:00:40 INFO  : Memory regions updated for context APU
16:00:40 INFO  : Context for processor 'ps7_cortexa9_0' is selected.
16:00:40 INFO  : 'con' command is executed.
16:00:40 INFO  : ----------------XSDB Script (After Launch)----------------
targets -set -nocase -filter {name =~ "ARM*#0" && jtag_cable_name =~ "Xilinx HW-FTDI-TEST FT2232H 1234-tulA"} -index 0
con
----------------End of Script----------------

16:00:40 INFO  : Launch script is exported to file 'C:\Users\kartg\Desktop\Github\Deep-Learning-IC\hw6\project_hw6\project_hw6.sdk\.sdk\launch_scripts\xilinx_c-c++_application_(system_debugger)\system_debugger_on_local.tcl'
16:04:11 INFO  : Disconnected from the channel tcfchan#4.
16:04:12 INFO  : Connected to target on host '127.0.0.1' and port '3121'.
16:04:13 INFO  : Jtag cable 'Xilinx HW-FTDI-TEST FT2232H 1234-tulA' is selected.
16:04:13 INFO  : 'jtag frequency' command is executed.
16:04:13 INFO  : Sourcing of 'C:/Users/kartg/Desktop/Github/Deep-Learning-IC/hw6/project_hw6/project_hw6.sdk/design_1_wrapper_hw_platform_0/ps7_init.tcl' is done.
16:04:13 INFO  : 'targets -set -filter {jtag_cable_name =~ "Xilinx HW-FTDI-TEST FT2232H 1234-tulA" && level==0} -index 1' command is executed.
16:04:15 INFO  : FPGA configured successfully with bitstream "C:/Users/kartg/Desktop/Github/Deep-Learning-IC/hw6/project_hw6/project_hw6.sdk/design_1_wrapper_hw_platform_0/design_1_wrapper.bit"
16:04:15 INFO  : Context for 'APU' is selected.
16:04:17 INFO  : Hardware design information is loaded from 'C:/Users/kartg/Desktop/Github/Deep-Learning-IC/hw6/project_hw6/project_hw6.sdk/design_1_wrapper_hw_platform_0/system.hdf'.
16:04:17 INFO  : 'configparams force-mem-access 1' command is executed.
16:04:17 INFO  : Context for 'APU' is selected.
16:04:17 INFO  : 'stop' command is executed.
16:04:18 INFO  : 'ps7_init' command is executed.
16:04:18 INFO  : 'ps7_post_config' command is executed.
16:04:18 INFO  : Context for processor 'ps7_cortexa9_0' is selected.
16:04:18 INFO  : Processor reset is completed for 'ps7_cortexa9_0'.
16:04:18 INFO  : Context for processor 'ps7_cortexa9_0' is selected.
16:04:18 INFO  : The application 'C:/Users/kartg/Desktop/Github/Deep-Learning-IC/hw6/project_hw6/project_hw6.sdk/ImageInversion/Debug/ImageInversion.elf' is downloaded to processor 'ps7_cortexa9_0'.
16:04:18 INFO  : 'configparams force-mem-access 0' command is executed.
16:04:18 INFO  : ----------------XSDB Script----------------
connect -url tcp:127.0.0.1:3121
source C:/Users/kartg/Desktop/Github/Deep-Learning-IC/hw6/project_hw6/project_hw6.sdk/design_1_wrapper_hw_platform_0/ps7_init.tcl
targets -set -filter {jtag_cable_name =~ "Xilinx HW-FTDI-TEST FT2232H 1234-tulA" && level==0} -index 1
fpga -file C:/Users/kartg/Desktop/Github/Deep-Learning-IC/hw6/project_hw6/project_hw6.sdk/design_1_wrapper_hw_platform_0/design_1_wrapper.bit
targets -set -nocase -filter {name =~"APU*" && jtag_cable_name =~ "Xilinx HW-FTDI-TEST FT2232H 1234-tulA"} -index 0
loadhw -hw C:/Users/kartg/Desktop/Github/Deep-Learning-IC/hw6/project_hw6/project_hw6.sdk/design_1_wrapper_hw_platform_0/system.hdf -mem-ranges [list {0x40000000 0xbfffffff}]
configparams force-mem-access 1
targets -set -nocase -filter {name =~"APU*" && jtag_cable_name =~ "Xilinx HW-FTDI-TEST FT2232H 1234-tulA"} -index 0
stop
ps7_init
ps7_post_config
targets -set -nocase -filter {name =~ "ARM*#0" && jtag_cable_name =~ "Xilinx HW-FTDI-TEST FT2232H 1234-tulA"} -index 0
rst -processor
targets -set -nocase -filter {name =~ "ARM*#0" && jtag_cable_name =~ "Xilinx HW-FTDI-TEST FT2232H 1234-tulA"} -index 0
dow C:/Users/kartg/Desktop/Github/Deep-Learning-IC/hw6/project_hw6/project_hw6.sdk/ImageInversion/Debug/ImageInversion.elf
configparams force-mem-access 0
----------------End of Script----------------

16:04:18 INFO  : Memory regions updated for context APU
16:04:18 INFO  : Context for processor 'ps7_cortexa9_0' is selected.
16:04:18 INFO  : 'con' command is executed.
16:04:18 INFO  : ----------------XSDB Script (After Launch)----------------
targets -set -nocase -filter {name =~ "ARM*#0" && jtag_cable_name =~ "Xilinx HW-FTDI-TEST FT2232H 1234-tulA"} -index 0
con
----------------End of Script----------------

16:04:18 INFO  : Launch script is exported to file 'C:\Users\kartg\Desktop\Github\Deep-Learning-IC\hw6\project_hw6\project_hw6.sdk\.sdk\launch_scripts\xilinx_c-c++_application_(system_debugger)\system_debugger_on_local.tcl'
16:04:34 INFO  : Disconnected from the channel tcfchan#5.
16:04:35 INFO  : Connected to target on host '127.0.0.1' and port '3121'.
16:04:35 INFO  : Jtag cable 'Xilinx HW-FTDI-TEST FT2232H 1234-tulA' is selected.
16:04:35 INFO  : 'jtag frequency' command is executed.
16:04:35 INFO  : Sourcing of 'C:/Users/kartg/Desktop/Github/Deep-Learning-IC/hw6/project_hw6/project_hw6.sdk/design_1_wrapper_hw_platform_0/ps7_init.tcl' is done.
16:04:35 INFO  : 'targets -set -filter {jtag_cable_name =~ "Xilinx HW-FTDI-TEST FT2232H 1234-tulA" && level==0} -index 1' command is executed.
16:04:37 INFO  : FPGA configured successfully with bitstream "C:/Users/kartg/Desktop/Github/Deep-Learning-IC/hw6/project_hw6/project_hw6.sdk/design_1_wrapper_hw_platform_0/design_1_wrapper.bit"
16:04:38 INFO  : Context for 'APU' is selected.
16:04:39 INFO  : Hardware design information is loaded from 'C:/Users/kartg/Desktop/Github/Deep-Learning-IC/hw6/project_hw6/project_hw6.sdk/design_1_wrapper_hw_platform_0/system.hdf'.
16:04:39 INFO  : 'configparams force-mem-access 1' command is executed.
16:04:39 INFO  : Context for 'APU' is selected.
16:04:39 INFO  : 'stop' command is executed.
16:04:40 INFO  : 'ps7_init' command is executed.
16:04:40 INFO  : 'ps7_post_config' command is executed.
16:04:40 INFO  : Context for processor 'ps7_cortexa9_0' is selected.
16:04:40 INFO  : Processor reset is completed for 'ps7_cortexa9_0'.
16:04:40 INFO  : Context for processor 'ps7_cortexa9_0' is selected.
16:04:40 INFO  : The application 'C:/Users/kartg/Desktop/Github/Deep-Learning-IC/hw6/project_hw6/project_hw6.sdk/ImageInversion/Debug/ImageInversion.elf' is downloaded to processor 'ps7_cortexa9_0'.
16:04:40 INFO  : 'configparams force-mem-access 0' command is executed.
16:04:40 INFO  : ----------------XSDB Script----------------
connect -url tcp:127.0.0.1:3121
source C:/Users/kartg/Desktop/Github/Deep-Learning-IC/hw6/project_hw6/project_hw6.sdk/design_1_wrapper_hw_platform_0/ps7_init.tcl
targets -set -filter {jtag_cable_name =~ "Xilinx HW-FTDI-TEST FT2232H 1234-tulA" && level==0} -index 1
fpga -file C:/Users/kartg/Desktop/Github/Deep-Learning-IC/hw6/project_hw6/project_hw6.sdk/design_1_wrapper_hw_platform_0/design_1_wrapper.bit
targets -set -nocase -filter {name =~"APU*" && jtag_cable_name =~ "Xilinx HW-FTDI-TEST FT2232H 1234-tulA"} -index 0
loadhw -hw C:/Users/kartg/Desktop/Github/Deep-Learning-IC/hw6/project_hw6/project_hw6.sdk/design_1_wrapper_hw_platform_0/system.hdf -mem-ranges [list {0x40000000 0xbfffffff}]
configparams force-mem-access 1
targets -set -nocase -filter {name =~"APU*" && jtag_cable_name =~ "Xilinx HW-FTDI-TEST FT2232H 1234-tulA"} -index 0
stop
ps7_init
ps7_post_config
targets -set -nocase -filter {name =~ "ARM*#0" && jtag_cable_name =~ "Xilinx HW-FTDI-TEST FT2232H 1234-tulA"} -index 0
rst -processor
targets -set -nocase -filter {name =~ "ARM*#0" && jtag_cable_name =~ "Xilinx HW-FTDI-TEST FT2232H 1234-tulA"} -index 0
dow C:/Users/kartg/Desktop/Github/Deep-Learning-IC/hw6/project_hw6/project_hw6.sdk/ImageInversion/Debug/ImageInversion.elf
configparams force-mem-access 0
----------------End of Script----------------

16:04:40 INFO  : Memory regions updated for context APU
16:04:40 INFO  : Context for processor 'ps7_cortexa9_0' is selected.
16:04:40 INFO  : 'con' command is executed.
16:04:40 INFO  : ----------------XSDB Script (After Launch)----------------
targets -set -nocase -filter {name =~ "ARM*#0" && jtag_cable_name =~ "Xilinx HW-FTDI-TEST FT2232H 1234-tulA"} -index 0
con
----------------End of Script----------------

16:04:40 INFO  : Launch script is exported to file 'C:\Users\kartg\Desktop\Github\Deep-Learning-IC\hw6\project_hw6\project_hw6.sdk\.sdk\launch_scripts\xilinx_c-c++_application_(system_debugger)\system_debugger_on_local.tcl'
16:16:02 INFO  : Disconnected from the channel tcfchan#6.
18:01:06 INFO  : Registering command handlers for SDK TCF services
18:01:06 INFO  : Launching XSCT server: xsct.bat -interactive C:\Users\kartg\Desktop\Github\Deep-Learning-IC\hw6\project_hw6\project_hw6.sdk\temp_xsdb_launch_script.tcl
18:01:08 INFO  : XSCT server has started successfully.
18:01:08 INFO  : Successfully done setting XSCT server connection channel  
18:01:08 INFO  : Successfully done setting SDK workspace  
18:01:08 INFO  : Processing command line option -hwspec C:/Users/kartg/Desktop/Github/Deep-Learning-IC/hw6/project_hw6/project_hw6.sdk/design_1_wrapper.hdf.
18:01:08 INFO  : Checking for hwspec changes in the project design_1_wrapper_hw_platform_0.
19:36:38 INFO  : Connected to target on host '127.0.0.1' and port '3121'.
19:36:39 INFO  : Jtag cable 'Xilinx HW-FTDI-TEST FT2232H 1234-tulA' is selected.
19:36:39 INFO  : 'jtag frequency' command is executed.
19:36:39 INFO  : Sourcing of 'C:/Users/kartg/Desktop/Github/Deep-Learning-IC/hw6/project_hw6/project_hw6.sdk/design_1_wrapper_hw_platform_0/ps7_init.tcl' is done.
19:36:39 INFO  : 'targets -set -filter {jtag_cable_name =~ "Xilinx HW-FTDI-TEST FT2232H 1234-tulA" && level==0} -index 1' command is executed.
19:36:42 INFO  : FPGA configured successfully with bitstream "C:/Users/kartg/Desktop/Github/Deep-Learning-IC/hw6/project_hw6/project_hw6.sdk/design_1_wrapper_hw_platform_0/design_1_wrapper.bit"
19:36:42 INFO  : Context for 'APU' is selected.
19:36:42 INFO  : Hardware design information is loaded from 'C:/Users/kartg/Desktop/Github/Deep-Learning-IC/hw6/project_hw6/project_hw6.sdk/design_1_wrapper_hw_platform_0/system.hdf'.
19:36:42 INFO  : 'configparams force-mem-access 1' command is executed.
19:36:42 INFO  : Context for 'APU' is selected.
19:36:42 INFO  : 'stop' command is executed.
19:36:43 INFO  : 'ps7_init' command is executed.
19:36:43 INFO  : 'ps7_post_config' command is executed.
19:36:43 INFO  : Context for processor 'ps7_cortexa9_0' is selected.
19:36:43 INFO  : Processor reset is completed for 'ps7_cortexa9_0'.
19:36:43 INFO  : Context for processor 'ps7_cortexa9_0' is selected.
19:36:43 INFO  : The application 'C:/Users/kartg/Desktop/Github/Deep-Learning-IC/hw6/project_hw6/project_hw6.sdk/ImageInversion/Debug/ImageInversion.elf' is downloaded to processor 'ps7_cortexa9_0'.
19:36:43 INFO  : 'configparams force-mem-access 0' command is executed.
19:36:43 INFO  : ----------------XSDB Script----------------
connect -url tcp:127.0.0.1:3121
source C:/Users/kartg/Desktop/Github/Deep-Learning-IC/hw6/project_hw6/project_hw6.sdk/design_1_wrapper_hw_platform_0/ps7_init.tcl
targets -set -filter {jtag_cable_name =~ "Xilinx HW-FTDI-TEST FT2232H 1234-tulA" && level==0} -index 1
fpga -file C:/Users/kartg/Desktop/Github/Deep-Learning-IC/hw6/project_hw6/project_hw6.sdk/design_1_wrapper_hw_platform_0/design_1_wrapper.bit
targets -set -nocase -filter {name =~"APU*" && jtag_cable_name =~ "Xilinx HW-FTDI-TEST FT2232H 1234-tulA"} -index 0
loadhw -hw C:/Users/kartg/Desktop/Github/Deep-Learning-IC/hw6/project_hw6/project_hw6.sdk/design_1_wrapper_hw_platform_0/system.hdf -mem-ranges [list {0x40000000 0xbfffffff}]
configparams force-mem-access 1
targets -set -nocase -filter {name =~"APU*" && jtag_cable_name =~ "Xilinx HW-FTDI-TEST FT2232H 1234-tulA"} -index 0
stop
ps7_init
ps7_post_config
targets -set -nocase -filter {name =~ "ARM*#0" && jtag_cable_name =~ "Xilinx HW-FTDI-TEST FT2232H 1234-tulA"} -index 0
rst -processor
targets -set -nocase -filter {name =~ "ARM*#0" && jtag_cable_name =~ "Xilinx HW-FTDI-TEST FT2232H 1234-tulA"} -index 0
dow C:/Users/kartg/Desktop/Github/Deep-Learning-IC/hw6/project_hw6/project_hw6.sdk/ImageInversion/Debug/ImageInversion.elf
configparams force-mem-access 0
----------------End of Script----------------

19:36:43 INFO  : Memory regions updated for context APU
19:36:43 INFO  : Context for processor 'ps7_cortexa9_0' is selected.
19:36:43 INFO  : 'con' command is executed.
19:36:43 INFO  : ----------------XSDB Script (After Launch)----------------
targets -set -nocase -filter {name =~ "ARM*#0" && jtag_cable_name =~ "Xilinx HW-FTDI-TEST FT2232H 1234-tulA"} -index 0
con
----------------End of Script----------------

19:36:43 INFO  : Launch script is exported to file 'C:\Users\kartg\Desktop\Github\Deep-Learning-IC\hw6\project_hw6\project_hw6.sdk\.sdk\launch_scripts\xilinx_c-c++_application_(system_debugger)\system_debugger_on_local.tcl'
19:48:07 INFO  : Disconnected from the channel tcfchan#1.
