Copyright 1986-2018 Xilinx, Inc. All Rights Reserved.
-------------------------------------------------------------------------------------------
| Tool Version : Vivado v.2018.3 (win64) Build 2405991 Thu Dec  6 23:38:27 MST 2018
| Date         : Thu Mar 27 03:51:35 2025
| Host         : ukp66482 running 64-bit major release  (build 9200)
| Command      : report_control_sets -verbose -file voting_machine_control_sets_placed.rpt
| Design       : voting_machine
| Device       : xc7z020
-------------------------------------------------------------------------------------------

Control Set Information

Table of Contents
-----------------
1. Summary
2. Histogram
3. Flip-Flop Distribution
4. Detailed Control Set Information

1. Summary
----------

+----------------------------------------------------------+-------+
|                          Status                          | Count |
+----------------------------------------------------------+-------+
| Number of unique control sets                            |    11 |
| Unused register locations in slices containing registers |    28 |
+----------------------------------------------------------+-------+


2. Histogram
------------

+--------+--------------+
| Fanout | Control Sets |
+--------+--------------+
|      4 |            5 |
|      5 |            1 |
|    16+ |            5 |
+--------+--------------+


3. Flip-Flop Distribution
-------------------------

+--------------+-----------------------+------------------------+-----------------+--------------+
| Clock Enable | Synchronous Set/Reset | Asynchronous Set/Reset | Total Registers | Total Slices |
+--------------+-----------------------+------------------------+-----------------+--------------+
| No           | No                    | No                     |               5 |            5 |
| No           | No                    | Yes                    |               0 |            0 |
| No           | Yes                   | No                     |             155 |           40 |
| Yes          | No                    | No                     |               0 |            0 |
| Yes          | No                    | Yes                    |               0 |            0 |
| Yes          | Yes                   | No                     |              20 |            6 |
+--------------+-----------------------+------------------------+-----------------+--------------+


4. Detailed Control Set Information
-----------------------------------

+----------------+-------------------------+----------------------------------------+------------------+----------------+
|  Clock Signal  |      Enable Signal      |            Set/Reset Signal            | Slice Load Count | Bel Load Count |
+----------------+-------------------------+----------------------------------------+------------------+----------------+
|  clk_IBUF_BUFG | bc0/E[0]                | vl/candidate0_vote_received[3]_i_1_n_0 |                1 |              4 |
|  clk_IBUF_BUFG | bc0/valid_vote_reg_1[0] | vl/candidate0_vote_received[3]_i_1_n_0 |                2 |              4 |
|  clk_IBUF_BUFG | bc1/E[0]                | vl/candidate0_vote_received[3]_i_1_n_0 |                1 |              4 |
|  clk_IBUF_BUFG | bc2/E[0]                | vl/candidate0_vote_received[3]_i_1_n_0 |                1 |              4 |
|  clk_IBUF_BUFG | mc/led[3]_i_2_n_0       | mc/led[3]_i_1_n_0                      |                1 |              4 |
|  clk_IBUF_BUFG |                         |                                        |                5 |              5 |
|  clk_IBUF_BUFG |                         | bc0/counter[0]_i_1_n_0                 |                8 |             31 |
|  clk_IBUF_BUFG |                         | bc1/counter[0]_i_1__0_n_0              |                8 |             31 |
|  clk_IBUF_BUFG |                         | bc2/counter[0]_i_1__1_n_0              |                8 |             31 |
|  clk_IBUF_BUFG |                         | bc3/counter[0]_i_1__2_n_0              |                8 |             31 |
|  clk_IBUF_BUFG |                         | mc/counter[0]_i_1__3_n_0               |                8 |             31 |
+----------------+-------------------------+----------------------------------------+------------------+----------------+


