Copyright 1986-2018 Xilinx, Inc. All Rights Reserved.
-----------------------------------------------------------------------------------------------------------------------------------------------------------------------------------------------------------------
| Tool Version : Vivado v.2018.3 (win64) Build 2405991 Thu Dec  6 23:38:27 MST 2018
| Date         : Thu Mar 27 03:51:55 2025
| Host         : ukp66482 running 64-bit major release  (build 9200)
| Command      : report_timing_summary -max_paths 10 -file voting_machine_timing_summary_routed.rpt -pb voting_machine_timing_summary_routed.pb -rpx voting_machine_timing_summary_routed.rpx -warn_on_violation
| Design       : voting_machine
| Device       : 7z020-clg400
| Speed File   : -1  PRODUCTION 1.11 2014-09-11
-----------------------------------------------------------------------------------------------------------------------------------------------------------------------------------------------------------------

Timing Summary Report

------------------------------------------------------------------------------------------------
| Timer Settings
| --------------
------------------------------------------------------------------------------------------------

  Enable Multi Corner Analysis               :  Yes
  Enable Pessimism Removal                   :  Yes
  Pessimism Removal Resolution               :  Nearest Common Node
  Enable Input Delay Default Clock           :  No
  Enable Preset / Clear Arcs                 :  No
  Disable Flight Delays                      :  No
  Ignore I/O Paths                           :  No
  Timing Early Launch at Borrowing Latches   :  false

  Corner  Analyze    Analyze    
  Name    Max Paths  Min Paths  
  ------  ---------  ---------  
  Slow    Yes        Yes        
  Fast    Yes        Yes        



check_timing report

Table of Contents
-----------------
1. checking no_clock
2. checking constant_clock
3. checking pulse_width_clock
4. checking unconstrained_internal_endpoints
5. checking no_input_delay
6. checking no_output_delay
7. checking multiple_clock
8. checking generated_clocks
9. checking loops
10. checking partial_input_delay
11. checking partial_output_delay
12. checking latch_loops

1. checking no_clock
--------------------
 There are 0 register/latch pins with no clock.


2. checking constant_clock
--------------------------
 There are 0 register/latch pins with constant_clock.


3. checking pulse_width_clock
-----------------------------
 There are 0 register/latch pins which need pulse_width check


4. checking unconstrained_internal_endpoints
--------------------------------------------
 There are 0 pins that are not constrained for maximum delay.

 There are 0 pins that are not constrained for maximum delay due to constant clock.


5. checking no_input_delay
--------------------------
 There are 6 input ports with no input delay specified. (HIGH)

 There are 0 input ports with no input delay but user has a false path constraint.


6. checking no_output_delay
---------------------------
 There are 4 ports with no output delay specified. (HIGH)

 There are 0 ports with no output delay but user has a false path constraint

 There are 0 ports with no output delay but with a timing clock defined on it or propagating through it


7. checking multiple_clock
--------------------------
 There are 0 register/latch pins with multiple clocks.


8. checking generated_clocks
----------------------------
 There are 0 generated clocks that are not connected to a clock source.


9. checking loops
-----------------
 There are 0 combinational loops in the design.


10. checking partial_input_delay
--------------------------------
 There are 0 input ports with partial input delay specified.


11. checking partial_output_delay
---------------------------------
 There are 0 ports with partial output delay specified.


12. checking latch_loops
------------------------
 There are 0 combinational latch loops in the design through latch input



------------------------------------------------------------------------------------------------
| Design Timing Summary
| ---------------------
------------------------------------------------------------------------------------------------

    WNS(ns)      TNS(ns)  TNS Failing Endpoints  TNS Total Endpoints      WHS(ns)      THS(ns)  THS Failing Endpoints  THS Total Endpoints     WPWS(ns)     TPWS(ns)  TPWS Failing Endpoints  TPWS Total Endpoints  
    -------      -------  ---------------------  -------------------      -------      -------  ---------------------  -------------------     --------     --------  ----------------------  --------------------  
      3.004        0.000                      0                  359        0.173        0.000                      0                  359        3.500        0.000                       0                   181  


All user specified timing constraints are met.


------------------------------------------------------------------------------------------------
| Clock Summary
| -------------
------------------------------------------------------------------------------------------------

Clock        Waveform(ns)         Period(ns)      Frequency(MHz)
-----        ------------         ----------      --------------
sys_clk_pin  {0.000 4.000}        8.000           125.000         


------------------------------------------------------------------------------------------------
| Intra Clock Table
| -----------------
------------------------------------------------------------------------------------------------

Clock             WNS(ns)      TNS(ns)  TNS Failing Endpoints  TNS Total Endpoints      WHS(ns)      THS(ns)  THS Failing Endpoints  THS Total Endpoints     WPWS(ns)     TPWS(ns)  TPWS Failing Endpoints  TPWS Total Endpoints  
-----             -------      -------  ---------------------  -------------------      -------      -------  ---------------------  -------------------     --------     --------  ----------------------  --------------------  
sys_clk_pin         3.004        0.000                      0                  359        0.173        0.000                      0                  359        3.500        0.000                       0                   181  


------------------------------------------------------------------------------------------------
| Inter Clock Table
| -----------------
------------------------------------------------------------------------------------------------

From Clock    To Clock          WNS(ns)      TNS(ns)  TNS Failing Endpoints  TNS Total Endpoints      WHS(ns)      THS(ns)  THS Failing Endpoints  THS Total Endpoints  
----------    --------          -------      -------  ---------------------  -------------------      -------      -------  ---------------------  -------------------  


------------------------------------------------------------------------------------------------
| Other Path Groups Table
| -----------------------
------------------------------------------------------------------------------------------------

Path Group    From Clock    To Clock          WNS(ns)      TNS(ns)  TNS Failing Endpoints  TNS Total Endpoints      WHS(ns)      THS(ns)  THS Failing Endpoints  THS Total Endpoints  
----------    ----------    --------          -------      -------  ---------------------  -------------------      -------      -------  ---------------------  -------------------  


------------------------------------------------------------------------------------------------
| Timing Details
| --------------
------------------------------------------------------------------------------------------------


---------------------------------------------------------------------------------------------------
From Clock:  sys_clk_pin
  To Clock:  sys_clk_pin

Setup :            0  Failing Endpoints,  Worst Slack        3.004ns,  Total Violation        0.000ns
Hold  :            0  Failing Endpoints,  Worst Slack        0.173ns,  Total Violation        0.000ns
PW    :            0  Failing Endpoints,  Worst Slack        3.500ns,  Total Violation        0.000ns
---------------------------------------------------------------------------------------------------


Max Delay Paths
--------------------------------------------------------------------------------------
Slack (MET) :             3.004ns  (required time - arrival time)
  Source:                 bc0/counter_reg[6]/C
                            (rising edge-triggered cell FDRE clocked by sys_clk_pin  {rise@0.000ns fall@4.000ns period=8.000ns})
  Destination:            bc0/counter_reg[10]/R
                            (rising edge-triggered cell FDRE clocked by sys_clk_pin  {rise@0.000ns fall@4.000ns period=8.000ns})
  Path Group:             sys_clk_pin
  Path Type:              Setup (Max at Slow Process Corner)
  Requirement:            8.000ns  (sys_clk_pin rise@8.000ns - sys_clk_pin rise@0.000ns)
  Data Path Delay:        4.507ns  (logic 0.952ns (21.124%)  route 3.555ns (78.876%))
  Logic Levels:           4  (LUT5=2 LUT6=2)
  Clock Path Skew:        -0.025ns (DCD - SCD + CPR)
    Destination Clock Delay (DCD):    5.611ns = ( 13.611 - 8.000 ) 
    Source Clock Delay      (SCD):    6.118ns
    Clock Pessimism Removal (CPR):    0.482ns
  Clock Uncertainty:      0.035ns  ((TSJ^2 + TIJ^2)^1/2 + DJ) / 2 + PE
    Total System Jitter     (TSJ):    0.071ns
    Total Input Jitter      (TIJ):    0.000ns
    Discrete Jitter          (DJ):    0.000ns
    Phase Error              (PE):    0.000ns

    Location             Delay type                Incr(ns)  Path(ns)    Netlist Resource(s)
  -------------------------------------------------------------------    -------------------
                         (clock sys_clk_pin rise edge)
                                                      0.000     0.000 r  
    H16                                               0.000     0.000 r  clk (IN)
                         net (fo=0)                   0.000     0.000    clk
    H16                  IBUF (Prop_ibuf_I_O)         1.451     1.451 r  clk_IBUF_inst/O
                         net (fo=1, routed)           2.522     3.973    clk_IBUF
    BUFGCTRL_X0Y16       BUFG (Prop_bufg_I_O)         0.101     4.074 r  clk_IBUF_BUFG_inst/O
                         net (fo=180, routed)         2.044     6.118    bc0/CLK
    SLICE_X107Y118       FDRE                                         r  bc0/counter_reg[6]/C
  -------------------------------------------------------------------    -------------------
    SLICE_X107Y118       FDRE (Prop_fdre_C_Q)         0.456     6.574 r  bc0/counter_reg[6]/Q
                         net (fo=2, routed)           0.964     7.538    bc0/counter_reg[6]
    SLICE_X108Y119       LUT5 (Prop_lut5_I2_O)        0.124     7.662 r  bc0/counter[0]_i_8/O
                         net (fo=1, routed)           0.417     8.079    bc0/counter[0]_i_8_n_0
    SLICE_X108Y120       LUT6 (Prop_lut6_I2_O)        0.124     8.203 r  bc0/counter[0]_i_7/O
                         net (fo=1, routed)           0.417     8.621    bc0/counter[0]_i_7_n_0
    SLICE_X108Y121       LUT6 (Prop_lut6_I3_O)        0.124     8.745 r  bc0/counter[0]_i_4/O
                         net (fo=2, routed)           0.579     9.324    bc0/counter[0]_i_4_n_0
    SLICE_X108Y123       LUT5 (Prop_lut5_I3_O)        0.124     9.448 r  bc0/counter[0]_i_1/O
                         net (fo=31, routed)          1.177    10.624    bc0/counter[0]_i_1_n_0
    SLICE_X107Y119       FDRE                                         r  bc0/counter_reg[10]/R
  -------------------------------------------------------------------    -------------------

                         (clock sys_clk_pin rise edge)
                                                      8.000     8.000 r  
    H16                                               0.000     8.000 r  clk (IN)
                         net (fo=0)                   0.000     8.000    clk
    H16                  IBUF (Prop_ibuf_I_O)         1.380     9.380 r  clk_IBUF_inst/O
                         net (fo=1, routed)           2.293    11.673    clk_IBUF
    BUFGCTRL_X0Y16       BUFG (Prop_bufg_I_O)         0.091    11.764 r  clk_IBUF_BUFG_inst/O
                         net (fo=180, routed)         1.846    13.611    bc0/CLK
    SLICE_X107Y119       FDRE                                         r  bc0/counter_reg[10]/C
                         clock pessimism              0.482    14.093    
                         clock uncertainty           -0.035    14.057    
    SLICE_X107Y119       FDRE (Setup_fdre_C_R)       -0.429    13.628    bc0/counter_reg[10]
  -------------------------------------------------------------------
                         required time                         13.628    
                         arrival time                         -10.624    
  -------------------------------------------------------------------
                         slack                                  3.004    

Slack (MET) :             3.004ns  (required time - arrival time)
  Source:                 bc0/counter_reg[6]/C
                            (rising edge-triggered cell FDRE clocked by sys_clk_pin  {rise@0.000ns fall@4.000ns period=8.000ns})
  Destination:            bc0/counter_reg[11]/R
                            (rising edge-triggered cell FDRE clocked by sys_clk_pin  {rise@0.000ns fall@4.000ns period=8.000ns})
  Path Group:             sys_clk_pin
  Path Type:              Setup (Max at Slow Process Corner)
  Requirement:            8.000ns  (sys_clk_pin rise@8.000ns - sys_clk_pin rise@0.000ns)
  Data Path Delay:        4.507ns  (logic 0.952ns (21.124%)  route 3.555ns (78.876%))
  Logic Levels:           4  (LUT5=2 LUT6=2)
  Clock Path Skew:        -0.025ns (DCD - SCD + CPR)
    Destination Clock Delay (DCD):    5.611ns = ( 13.611 - 8.000 ) 
    Source Clock Delay      (SCD):    6.118ns
    Clock Pessimism Removal (CPR):    0.482ns
  Clock Uncertainty:      0.035ns  ((TSJ^2 + TIJ^2)^1/2 + DJ) / 2 + PE
    Total System Jitter     (TSJ):    0.071ns
    Total Input Jitter      (TIJ):    0.000ns
    Discrete Jitter          (DJ):    0.000ns
    Phase Error              (PE):    0.000ns

    Location             Delay type                Incr(ns)  Path(ns)    Netlist Resource(s)
  -------------------------------------------------------------------    -------------------
                         (clock sys_clk_pin rise edge)
                                                      0.000     0.000 r  
    H16                                               0.000     0.000 r  clk (IN)
                         net (fo=0)                   0.000     0.000    clk
    H16                  IBUF (Prop_ibuf_I_O)         1.451     1.451 r  clk_IBUF_inst/O
                         net (fo=1, routed)           2.522     3.973    clk_IBUF
    BUFGCTRL_X0Y16       BUFG (Prop_bufg_I_O)         0.101     4.074 r  clk_IBUF_BUFG_inst/O
                         net (fo=180, routed)         2.044     6.118    bc0/CLK
    SLICE_X107Y118       FDRE                                         r  bc0/counter_reg[6]/C
  -------------------------------------------------------------------    -------------------
    SLICE_X107Y118       FDRE (Prop_fdre_C_Q)         0.456     6.574 r  bc0/counter_reg[6]/Q
                         net (fo=2, routed)           0.964     7.538    bc0/counter_reg[6]
    SLICE_X108Y119       LUT5 (Prop_lut5_I2_O)        0.124     7.662 r  bc0/counter[0]_i_8/O
                         net (fo=1, routed)           0.417     8.079    bc0/counter[0]_i_8_n_0
    SLICE_X108Y120       LUT6 (Prop_lut6_I2_O)        0.124     8.203 r  bc0/counter[0]_i_7/O
                         net (fo=1, routed)           0.417     8.621    bc0/counter[0]_i_7_n_0
    SLICE_X108Y121       LUT6 (Prop_lut6_I3_O)        0.124     8.745 r  bc0/counter[0]_i_4/O
                         net (fo=2, routed)           0.579     9.324    bc0/counter[0]_i_4_n_0
    SLICE_X108Y123       LUT5 (Prop_lut5_I3_O)        0.124     9.448 r  bc0/counter[0]_i_1/O
                         net (fo=31, routed)          1.177    10.624    bc0/counter[0]_i_1_n_0
    SLICE_X107Y119       FDRE                                         r  bc0/counter_reg[11]/R
  -------------------------------------------------------------------    -------------------

                         (clock sys_clk_pin rise edge)
                                                      8.000     8.000 r  
    H16                                               0.000     8.000 r  clk (IN)
                         net (fo=0)                   0.000     8.000    clk
    H16                  IBUF (Prop_ibuf_I_O)         1.380     9.380 r  clk_IBUF_inst/O
                         net (fo=1, routed)           2.293    11.673    clk_IBUF
    BUFGCTRL_X0Y16       BUFG (Prop_bufg_I_O)         0.091    11.764 r  clk_IBUF_BUFG_inst/O
                         net (fo=180, routed)         1.846    13.611    bc0/CLK
    SLICE_X107Y119       FDRE                                         r  bc0/counter_reg[11]/C
                         clock pessimism              0.482    14.093    
                         clock uncertainty           -0.035    14.057    
    SLICE_X107Y119       FDRE (Setup_fdre_C_R)       -0.429    13.628    bc0/counter_reg[11]
  -------------------------------------------------------------------
                         required time                         13.628    
                         arrival time                         -10.624    
  -------------------------------------------------------------------
                         slack                                  3.004    

Slack (MET) :             3.004ns  (required time - arrival time)
  Source:                 bc0/counter_reg[6]/C
                            (rising edge-triggered cell FDRE clocked by sys_clk_pin  {rise@0.000ns fall@4.000ns period=8.000ns})
  Destination:            bc0/counter_reg[8]/R
                            (rising edge-triggered cell FDRE clocked by sys_clk_pin  {rise@0.000ns fall@4.000ns period=8.000ns})
  Path Group:             sys_clk_pin
  Path Type:              Setup (Max at Slow Process Corner)
  Requirement:            8.000ns  (sys_clk_pin rise@8.000ns - sys_clk_pin rise@0.000ns)
  Data Path Delay:        4.507ns  (logic 0.952ns (21.124%)  route 3.555ns (78.876%))
  Logic Levels:           4  (LUT5=2 LUT6=2)
  Clock Path Skew:        -0.025ns (DCD - SCD + CPR)
    Destination Clock Delay (DCD):    5.611ns = ( 13.611 - 8.000 ) 
    Source Clock Delay      (SCD):    6.118ns
    Clock Pessimism Removal (CPR):    0.482ns
  Clock Uncertainty:      0.035ns  ((TSJ^2 + TIJ^2)^1/2 + DJ) / 2 + PE
    Total System Jitter     (TSJ):    0.071ns
    Total Input Jitter      (TIJ):    0.000ns
    Discrete Jitter          (DJ):    0.000ns
    Phase Error              (PE):    0.000ns

    Location             Delay type                Incr(ns)  Path(ns)    Netlist Resource(s)
  -------------------------------------------------------------------    -------------------
                         (clock sys_clk_pin rise edge)
                                                      0.000     0.000 r  
    H16                                               0.000     0.000 r  clk (IN)
                         net (fo=0)                   0.000     0.000    clk
    H16                  IBUF (Prop_ibuf_I_O)         1.451     1.451 r  clk_IBUF_inst/O
                         net (fo=1, routed)           2.522     3.973    clk_IBUF
    BUFGCTRL_X0Y16       BUFG (Prop_bufg_I_O)         0.101     4.074 r  clk_IBUF_BUFG_inst/O
                         net (fo=180, routed)         2.044     6.118    bc0/CLK
    SLICE_X107Y118       FDRE                                         r  bc0/counter_reg[6]/C
  -------------------------------------------------------------------    -------------------
    SLICE_X107Y118       FDRE (Prop_fdre_C_Q)         0.456     6.574 r  bc0/counter_reg[6]/Q
                         net (fo=2, routed)           0.964     7.538    bc0/counter_reg[6]
    SLICE_X108Y119       LUT5 (Prop_lut5_I2_O)        0.124     7.662 r  bc0/counter[0]_i_8/O
                         net (fo=1, routed)           0.417     8.079    bc0/counter[0]_i_8_n_0
    SLICE_X108Y120       LUT6 (Prop_lut6_I2_O)        0.124     8.203 r  bc0/counter[0]_i_7/O
                         net (fo=1, routed)           0.417     8.621    bc0/counter[0]_i_7_n_0
    SLICE_X108Y121       LUT6 (Prop_lut6_I3_O)        0.124     8.745 r  bc0/counter[0]_i_4/O
                         net (fo=2, routed)           0.579     9.324    bc0/counter[0]_i_4_n_0
    SLICE_X108Y123       LUT5 (Prop_lut5_I3_O)        0.124     9.448 r  bc0/counter[0]_i_1/O
                         net (fo=31, routed)          1.177    10.624    bc0/counter[0]_i_1_n_0
    SLICE_X107Y119       FDRE                                         r  bc0/counter_reg[8]/R
  -------------------------------------------------------------------    -------------------

                         (clock sys_clk_pin rise edge)
                                                      8.000     8.000 r  
    H16                                               0.000     8.000 r  clk (IN)
                         net (fo=0)                   0.000     8.000    clk
    H16                  IBUF (Prop_ibuf_I_O)         1.380     9.380 r  clk_IBUF_inst/O
                         net (fo=1, routed)           2.293    11.673    clk_IBUF
    BUFGCTRL_X0Y16       BUFG (Prop_bufg_I_O)         0.091    11.764 r  clk_IBUF_BUFG_inst/O
                         net (fo=180, routed)         1.846    13.611    bc0/CLK
    SLICE_X107Y119       FDRE                                         r  bc0/counter_reg[8]/C
                         clock pessimism              0.482    14.093    
                         clock uncertainty           -0.035    14.057    
    SLICE_X107Y119       FDRE (Setup_fdre_C_R)       -0.429    13.628    bc0/counter_reg[8]
  -------------------------------------------------------------------
                         required time                         13.628    
                         arrival time                         -10.624    
  -------------------------------------------------------------------
                         slack                                  3.004    

Slack (MET) :             3.004ns  (required time - arrival time)
  Source:                 bc0/counter_reg[6]/C
                            (rising edge-triggered cell FDRE clocked by sys_clk_pin  {rise@0.000ns fall@4.000ns period=8.000ns})
  Destination:            bc0/counter_reg[9]/R
                            (rising edge-triggered cell FDRE clocked by sys_clk_pin  {rise@0.000ns fall@4.000ns period=8.000ns})
  Path Group:             sys_clk_pin
  Path Type:              Setup (Max at Slow Process Corner)
  Requirement:            8.000ns  (sys_clk_pin rise@8.000ns - sys_clk_pin rise@0.000ns)
  Data Path Delay:        4.507ns  (logic 0.952ns (21.124%)  route 3.555ns (78.876%))
  Logic Levels:           4  (LUT5=2 LUT6=2)
  Clock Path Skew:        -0.025ns (DCD - SCD + CPR)
    Destination Clock Delay (DCD):    5.611ns = ( 13.611 - 8.000 ) 
    Source Clock Delay      (SCD):    6.118ns
    Clock Pessimism Removal (CPR):    0.482ns
  Clock Uncertainty:      0.035ns  ((TSJ^2 + TIJ^2)^1/2 + DJ) / 2 + PE
    Total System Jitter     (TSJ):    0.071ns
    Total Input Jitter      (TIJ):    0.000ns
    Discrete Jitter          (DJ):    0.000ns
    Phase Error              (PE):    0.000ns

    Location             Delay type                Incr(ns)  Path(ns)    Netlist Resource(s)
  -------------------------------------------------------------------    -------------------
                         (clock sys_clk_pin rise edge)
                                                      0.000     0.000 r  
    H16                                               0.000     0.000 r  clk (IN)
                         net (fo=0)                   0.000     0.000    clk
    H16                  IBUF (Prop_ibuf_I_O)         1.451     1.451 r  clk_IBUF_inst/O
                         net (fo=1, routed)           2.522     3.973    clk_IBUF
    BUFGCTRL_X0Y16       BUFG (Prop_bufg_I_O)         0.101     4.074 r  clk_IBUF_BUFG_inst/O
                         net (fo=180, routed)         2.044     6.118    bc0/CLK
    SLICE_X107Y118       FDRE                                         r  bc0/counter_reg[6]/C
  -------------------------------------------------------------------    -------------------
    SLICE_X107Y118       FDRE (Prop_fdre_C_Q)         0.456     6.574 r  bc0/counter_reg[6]/Q
                         net (fo=2, routed)           0.964     7.538    bc0/counter_reg[6]
    SLICE_X108Y119       LUT5 (Prop_lut5_I2_O)        0.124     7.662 r  bc0/counter[0]_i_8/O
                         net (fo=1, routed)           0.417     8.079    bc0/counter[0]_i_8_n_0
    SLICE_X108Y120       LUT6 (Prop_lut6_I2_O)        0.124     8.203 r  bc0/counter[0]_i_7/O
                         net (fo=1, routed)           0.417     8.621    bc0/counter[0]_i_7_n_0
    SLICE_X108Y121       LUT6 (Prop_lut6_I3_O)        0.124     8.745 r  bc0/counter[0]_i_4/O
                         net (fo=2, routed)           0.579     9.324    bc0/counter[0]_i_4_n_0
    SLICE_X108Y123       LUT5 (Prop_lut5_I3_O)        0.124     9.448 r  bc0/counter[0]_i_1/O
                         net (fo=31, routed)          1.177    10.624    bc0/counter[0]_i_1_n_0
    SLICE_X107Y119       FDRE                                         r  bc0/counter_reg[9]/R
  -------------------------------------------------------------------    -------------------

                         (clock sys_clk_pin rise edge)
                                                      8.000     8.000 r  
    H16                                               0.000     8.000 r  clk (IN)
                         net (fo=0)                   0.000     8.000    clk
    H16                  IBUF (Prop_ibuf_I_O)         1.380     9.380 r  clk_IBUF_inst/O
                         net (fo=1, routed)           2.293    11.673    clk_IBUF
    BUFGCTRL_X0Y16       BUFG (Prop_bufg_I_O)         0.091    11.764 r  clk_IBUF_BUFG_inst/O
                         net (fo=180, routed)         1.846    13.611    bc0/CLK
    SLICE_X107Y119       FDRE                                         r  bc0/counter_reg[9]/C
                         clock pessimism              0.482    14.093    
                         clock uncertainty           -0.035    14.057    
    SLICE_X107Y119       FDRE (Setup_fdre_C_R)       -0.429    13.628    bc0/counter_reg[9]
  -------------------------------------------------------------------
                         required time                         13.628    
                         arrival time                         -10.624    
  -------------------------------------------------------------------
                         slack                                  3.004    

Slack (MET) :             3.104ns  (required time - arrival time)
  Source:                 bc1/counter_reg[7]/C
                            (rising edge-triggered cell FDRE clocked by sys_clk_pin  {rise@0.000ns fall@4.000ns period=8.000ns})
  Destination:            bc1/counter_reg[0]/R
                            (rising edge-triggered cell FDRE clocked by sys_clk_pin  {rise@0.000ns fall@4.000ns period=8.000ns})
  Path Group:             sys_clk_pin
  Path Type:              Setup (Max at Slow Process Corner)
  Requirement:            8.000ns  (sys_clk_pin rise@8.000ns - sys_clk_pin rise@0.000ns)
  Data Path Delay:        4.410ns  (logic 0.952ns (21.587%)  route 3.458ns (78.413%))
  Logic Levels:           4  (LUT5=2 LUT6=2)
  Clock Path Skew:        -0.022ns (DCD - SCD + CPR)
    Destination Clock Delay (DCD):    5.540ns = ( 13.540 - 8.000 ) 
    Source Clock Delay      (SCD):    6.040ns
    Clock Pessimism Removal (CPR):    0.478ns
  Clock Uncertainty:      0.035ns  ((TSJ^2 + TIJ^2)^1/2 + DJ) / 2 + PE
    Total System Jitter     (TSJ):    0.071ns
    Total Input Jitter      (TIJ):    0.000ns
    Discrete Jitter          (DJ):    0.000ns
    Phase Error              (PE):    0.000ns

    Location             Delay type                Incr(ns)  Path(ns)    Netlist Resource(s)
  -------------------------------------------------------------------    -------------------
                         (clock sys_clk_pin rise edge)
                                                      0.000     0.000 r  
    H16                                               0.000     0.000 r  clk (IN)
                         net (fo=0)                   0.000     0.000    clk
    H16                  IBUF (Prop_ibuf_I_O)         1.451     1.451 r  clk_IBUF_inst/O
                         net (fo=1, routed)           2.522     3.973    clk_IBUF
    BUFGCTRL_X0Y16       BUFG (Prop_bufg_I_O)         0.101     4.074 r  clk_IBUF_BUFG_inst/O
                         net (fo=180, routed)         1.966     6.040    bc1/CLK
    SLICE_X105Y118       FDRE                                         r  bc1/counter_reg[7]/C
  -------------------------------------------------------------------    -------------------
    SLICE_X105Y118       FDRE (Prop_fdre_C_Q)         0.456     6.496 r  bc1/counter_reg[7]/Q
                         net (fo=2, routed)           0.833     7.329    bc1/counter_reg[7]
    SLICE_X104Y119       LUT5 (Prop_lut5_I1_O)        0.124     7.453 r  bc1/counter[0]_i_8__0/O
                         net (fo=1, routed)           0.417     7.870    bc1/counter[0]_i_8__0_n_0
    SLICE_X104Y120       LUT6 (Prop_lut6_I2_O)        0.124     7.994 r  bc1/counter[0]_i_7__0/O
                         net (fo=1, routed)           0.417     8.412    bc1/counter[0]_i_7__0_n_0
    SLICE_X104Y121       LUT6 (Prop_lut6_I3_O)        0.124     8.536 r  bc1/counter[0]_i_4__0/O
                         net (fo=2, routed)           0.807     9.343    bc1/counter[0]_i_4__0_n_0
    SLICE_X108Y124       LUT5 (Prop_lut5_I3_O)        0.124     9.467 r  bc1/counter[0]_i_1__0/O
                         net (fo=31, routed)          0.982    10.450    bc1/counter[0]_i_1__0_n_0
    SLICE_X105Y117       FDRE                                         r  bc1/counter_reg[0]/R
  -------------------------------------------------------------------    -------------------

                         (clock sys_clk_pin rise edge)
                                                      8.000     8.000 r  
    H16                                               0.000     8.000 r  clk (IN)
                         net (fo=0)                   0.000     8.000    clk
    H16                  IBUF (Prop_ibuf_I_O)         1.380     9.380 r  clk_IBUF_inst/O
                         net (fo=1, routed)           2.293    11.673    clk_IBUF
    BUFGCTRL_X0Y16       BUFG (Prop_bufg_I_O)         0.091    11.764 r  clk_IBUF_BUFG_inst/O
                         net (fo=180, routed)         1.775    13.540    bc1/CLK
    SLICE_X105Y117       FDRE                                         r  bc1/counter_reg[0]/C
                         clock pessimism              0.478    14.018    
                         clock uncertainty           -0.035    13.982    
    SLICE_X105Y117       FDRE (Setup_fdre_C_R)       -0.429    13.553    bc1/counter_reg[0]
  -------------------------------------------------------------------
                         required time                         13.553    
                         arrival time                         -10.450    
  -------------------------------------------------------------------
                         slack                                  3.104    

Slack (MET) :             3.104ns  (required time - arrival time)
  Source:                 bc1/counter_reg[7]/C
                            (rising edge-triggered cell FDRE clocked by sys_clk_pin  {rise@0.000ns fall@4.000ns period=8.000ns})
  Destination:            bc1/counter_reg[1]/R
                            (rising edge-triggered cell FDRE clocked by sys_clk_pin  {rise@0.000ns fall@4.000ns period=8.000ns})
  Path Group:             sys_clk_pin
  Path Type:              Setup (Max at Slow Process Corner)
  Requirement:            8.000ns  (sys_clk_pin rise@8.000ns - sys_clk_pin rise@0.000ns)
  Data Path Delay:        4.410ns  (logic 0.952ns (21.587%)  route 3.458ns (78.413%))
  Logic Levels:           4  (LUT5=2 LUT6=2)
  Clock Path Skew:        -0.022ns (DCD - SCD + CPR)
    Destination Clock Delay (DCD):    5.540ns = ( 13.540 - 8.000 ) 
    Source Clock Delay      (SCD):    6.040ns
    Clock Pessimism Removal (CPR):    0.478ns
  Clock Uncertainty:      0.035ns  ((TSJ^2 + TIJ^2)^1/2 + DJ) / 2 + PE
    Total System Jitter     (TSJ):    0.071ns
    Total Input Jitter      (TIJ):    0.000ns
    Discrete Jitter          (DJ):    0.000ns
    Phase Error              (PE):    0.000ns

    Location             Delay type                Incr(ns)  Path(ns)    Netlist Resource(s)
  -------------------------------------------------------------------    -------------------
                         (clock sys_clk_pin rise edge)
                                                      0.000     0.000 r  
    H16                                               0.000     0.000 r  clk (IN)
                         net (fo=0)                   0.000     0.000    clk
    H16                  IBUF (Prop_ibuf_I_O)         1.451     1.451 r  clk_IBUF_inst/O
                         net (fo=1, routed)           2.522     3.973    clk_IBUF
    BUFGCTRL_X0Y16       BUFG (Prop_bufg_I_O)         0.101     4.074 r  clk_IBUF_BUFG_inst/O
                         net (fo=180, routed)         1.966     6.040    bc1/CLK
    SLICE_X105Y118       FDRE                                         r  bc1/counter_reg[7]/C
  -------------------------------------------------------------------    -------------------
    SLICE_X105Y118       FDRE (Prop_fdre_C_Q)         0.456     6.496 r  bc1/counter_reg[7]/Q
                         net (fo=2, routed)           0.833     7.329    bc1/counter_reg[7]
    SLICE_X104Y119       LUT5 (Prop_lut5_I1_O)        0.124     7.453 r  bc1/counter[0]_i_8__0/O
                         net (fo=1, routed)           0.417     7.870    bc1/counter[0]_i_8__0_n_0
    SLICE_X104Y120       LUT6 (Prop_lut6_I2_O)        0.124     7.994 r  bc1/counter[0]_i_7__0/O
                         net (fo=1, routed)           0.417     8.412    bc1/counter[0]_i_7__0_n_0
    SLICE_X104Y121       LUT6 (Prop_lut6_I3_O)        0.124     8.536 r  bc1/counter[0]_i_4__0/O
                         net (fo=2, routed)           0.807     9.343    bc1/counter[0]_i_4__0_n_0
    SLICE_X108Y124       LUT5 (Prop_lut5_I3_O)        0.124     9.467 r  bc1/counter[0]_i_1__0/O
                         net (fo=31, routed)          0.982    10.450    bc1/counter[0]_i_1__0_n_0
    SLICE_X105Y117       FDRE                                         r  bc1/counter_reg[1]/R
  -------------------------------------------------------------------    -------------------

                         (clock sys_clk_pin rise edge)
                                                      8.000     8.000 r  
    H16                                               0.000     8.000 r  clk (IN)
                         net (fo=0)                   0.000     8.000    clk
    H16                  IBUF (Prop_ibuf_I_O)         1.380     9.380 r  clk_IBUF_inst/O
                         net (fo=1, routed)           2.293    11.673    clk_IBUF
    BUFGCTRL_X0Y16       BUFG (Prop_bufg_I_O)         0.091    11.764 r  clk_IBUF_BUFG_inst/O
                         net (fo=180, routed)         1.775    13.540    bc1/CLK
    SLICE_X105Y117       FDRE                                         r  bc1/counter_reg[1]/C
                         clock pessimism              0.478    14.018    
                         clock uncertainty           -0.035    13.982    
    SLICE_X105Y117       FDRE (Setup_fdre_C_R)       -0.429    13.553    bc1/counter_reg[1]
  -------------------------------------------------------------------
                         required time                         13.553    
                         arrival time                         -10.450    
  -------------------------------------------------------------------
                         slack                                  3.104    

Slack (MET) :             3.104ns  (required time - arrival time)
  Source:                 bc1/counter_reg[7]/C
                            (rising edge-triggered cell FDRE clocked by sys_clk_pin  {rise@0.000ns fall@4.000ns period=8.000ns})
  Destination:            bc1/counter_reg[2]/R
                            (rising edge-triggered cell FDRE clocked by sys_clk_pin  {rise@0.000ns fall@4.000ns period=8.000ns})
  Path Group:             sys_clk_pin
  Path Type:              Setup (Max at Slow Process Corner)
  Requirement:            8.000ns  (sys_clk_pin rise@8.000ns - sys_clk_pin rise@0.000ns)
  Data Path Delay:        4.410ns  (logic 0.952ns (21.587%)  route 3.458ns (78.413%))
  Logic Levels:           4  (LUT5=2 LUT6=2)
  Clock Path Skew:        -0.022ns (DCD - SCD + CPR)
    Destination Clock Delay (DCD):    5.540ns = ( 13.540 - 8.000 ) 
    Source Clock Delay      (SCD):    6.040ns
    Clock Pessimism Removal (CPR):    0.478ns
  Clock Uncertainty:      0.035ns  ((TSJ^2 + TIJ^2)^1/2 + DJ) / 2 + PE
    Total System Jitter     (TSJ):    0.071ns
    Total Input Jitter      (TIJ):    0.000ns
    Discrete Jitter          (DJ):    0.000ns
    Phase Error              (PE):    0.000ns

    Location             Delay type                Incr(ns)  Path(ns)    Netlist Resource(s)
  -------------------------------------------------------------------    -------------------
                         (clock sys_clk_pin rise edge)
                                                      0.000     0.000 r  
    H16                                               0.000     0.000 r  clk (IN)
                         net (fo=0)                   0.000     0.000    clk
    H16                  IBUF (Prop_ibuf_I_O)         1.451     1.451 r  clk_IBUF_inst/O
                         net (fo=1, routed)           2.522     3.973    clk_IBUF
    BUFGCTRL_X0Y16       BUFG (Prop_bufg_I_O)         0.101     4.074 r  clk_IBUF_BUFG_inst/O
                         net (fo=180, routed)         1.966     6.040    bc1/CLK
    SLICE_X105Y118       FDRE                                         r  bc1/counter_reg[7]/C
  -------------------------------------------------------------------    -------------------
    SLICE_X105Y118       FDRE (Prop_fdre_C_Q)         0.456     6.496 r  bc1/counter_reg[7]/Q
                         net (fo=2, routed)           0.833     7.329    bc1/counter_reg[7]
    SLICE_X104Y119       LUT5 (Prop_lut5_I1_O)        0.124     7.453 r  bc1/counter[0]_i_8__0/O
                         net (fo=1, routed)           0.417     7.870    bc1/counter[0]_i_8__0_n_0
    SLICE_X104Y120       LUT6 (Prop_lut6_I2_O)        0.124     7.994 r  bc1/counter[0]_i_7__0/O
                         net (fo=1, routed)           0.417     8.412    bc1/counter[0]_i_7__0_n_0
    SLICE_X104Y121       LUT6 (Prop_lut6_I3_O)        0.124     8.536 r  bc1/counter[0]_i_4__0/O
                         net (fo=2, routed)           0.807     9.343    bc1/counter[0]_i_4__0_n_0
    SLICE_X108Y124       LUT5 (Prop_lut5_I3_O)        0.124     9.467 r  bc1/counter[0]_i_1__0/O
                         net (fo=31, routed)          0.982    10.450    bc1/counter[0]_i_1__0_n_0
    SLICE_X105Y117       FDRE                                         r  bc1/counter_reg[2]/R
  -------------------------------------------------------------------    -------------------

                         (clock sys_clk_pin rise edge)
                                                      8.000     8.000 r  
    H16                                               0.000     8.000 r  clk (IN)
                         net (fo=0)                   0.000     8.000    clk
    H16                  IBUF (Prop_ibuf_I_O)         1.380     9.380 r  clk_IBUF_inst/O
                         net (fo=1, routed)           2.293    11.673    clk_IBUF
    BUFGCTRL_X0Y16       BUFG (Prop_bufg_I_O)         0.091    11.764 r  clk_IBUF_BUFG_inst/O
                         net (fo=180, routed)         1.775    13.540    bc1/CLK
    SLICE_X105Y117       FDRE                                         r  bc1/counter_reg[2]/C
                         clock pessimism              0.478    14.018    
                         clock uncertainty           -0.035    13.982    
    SLICE_X105Y117       FDRE (Setup_fdre_C_R)       -0.429    13.553    bc1/counter_reg[2]
  -------------------------------------------------------------------
                         required time                         13.553    
                         arrival time                         -10.450    
  -------------------------------------------------------------------
                         slack                                  3.104    

Slack (MET) :             3.104ns  (required time - arrival time)
  Source:                 bc1/counter_reg[7]/C
                            (rising edge-triggered cell FDRE clocked by sys_clk_pin  {rise@0.000ns fall@4.000ns period=8.000ns})
  Destination:            bc1/counter_reg[3]/R
                            (rising edge-triggered cell FDRE clocked by sys_clk_pin  {rise@0.000ns fall@4.000ns period=8.000ns})
  Path Group:             sys_clk_pin
  Path Type:              Setup (Max at Slow Process Corner)
  Requirement:            8.000ns  (sys_clk_pin rise@8.000ns - sys_clk_pin rise@0.000ns)
  Data Path Delay:        4.410ns  (logic 0.952ns (21.587%)  route 3.458ns (78.413%))
  Logic Levels:           4  (LUT5=2 LUT6=2)
  Clock Path Skew:        -0.022ns (DCD - SCD + CPR)
    Destination Clock Delay (DCD):    5.540ns = ( 13.540 - 8.000 ) 
    Source Clock Delay      (SCD):    6.040ns
    Clock Pessimism Removal (CPR):    0.478ns
  Clock Uncertainty:      0.035ns  ((TSJ^2 + TIJ^2)^1/2 + DJ) / 2 + PE
    Total System Jitter     (TSJ):    0.071ns
    Total Input Jitter      (TIJ):    0.000ns
    Discrete Jitter          (DJ):    0.000ns
    Phase Error              (PE):    0.000ns

    Location             Delay type                Incr(ns)  Path(ns)    Netlist Resource(s)
  -------------------------------------------------------------------    -------------------
                         (clock sys_clk_pin rise edge)
                                                      0.000     0.000 r  
    H16                                               0.000     0.000 r  clk (IN)
                         net (fo=0)                   0.000     0.000    clk
    H16                  IBUF (Prop_ibuf_I_O)         1.451     1.451 r  clk_IBUF_inst/O
                         net (fo=1, routed)           2.522     3.973    clk_IBUF
    BUFGCTRL_X0Y16       BUFG (Prop_bufg_I_O)         0.101     4.074 r  clk_IBUF_BUFG_inst/O
                         net (fo=180, routed)         1.966     6.040    bc1/CLK
    SLICE_X105Y118       FDRE                                         r  bc1/counter_reg[7]/C
  -------------------------------------------------------------------    -------------------
    SLICE_X105Y118       FDRE (Prop_fdre_C_Q)         0.456     6.496 r  bc1/counter_reg[7]/Q
                         net (fo=2, routed)           0.833     7.329    bc1/counter_reg[7]
    SLICE_X104Y119       LUT5 (Prop_lut5_I1_O)        0.124     7.453 r  bc1/counter[0]_i_8__0/O
                         net (fo=1, routed)           0.417     7.870    bc1/counter[0]_i_8__0_n_0
    SLICE_X104Y120       LUT6 (Prop_lut6_I2_O)        0.124     7.994 r  bc1/counter[0]_i_7__0/O
                         net (fo=1, routed)           0.417     8.412    bc1/counter[0]_i_7__0_n_0
    SLICE_X104Y121       LUT6 (Prop_lut6_I3_O)        0.124     8.536 r  bc1/counter[0]_i_4__0/O
                         net (fo=2, routed)           0.807     9.343    bc1/counter[0]_i_4__0_n_0
    SLICE_X108Y124       LUT5 (Prop_lut5_I3_O)        0.124     9.467 r  bc1/counter[0]_i_1__0/O
                         net (fo=31, routed)          0.982    10.450    bc1/counter[0]_i_1__0_n_0
    SLICE_X105Y117       FDRE                                         r  bc1/counter_reg[3]/R
  -------------------------------------------------------------------    -------------------

                         (clock sys_clk_pin rise edge)
                                                      8.000     8.000 r  
    H16                                               0.000     8.000 r  clk (IN)
                         net (fo=0)                   0.000     8.000    clk
    H16                  IBUF (Prop_ibuf_I_O)         1.380     9.380 r  clk_IBUF_inst/O
                         net (fo=1, routed)           2.293    11.673    clk_IBUF
    BUFGCTRL_X0Y16       BUFG (Prop_bufg_I_O)         0.091    11.764 r  clk_IBUF_BUFG_inst/O
                         net (fo=180, routed)         1.775    13.540    bc1/CLK
    SLICE_X105Y117       FDRE                                         r  bc1/counter_reg[3]/C
                         clock pessimism              0.478    14.018    
                         clock uncertainty           -0.035    13.982    
    SLICE_X105Y117       FDRE (Setup_fdre_C_R)       -0.429    13.553    bc1/counter_reg[3]
  -------------------------------------------------------------------
                         required time                         13.553    
                         arrival time                         -10.450    
  -------------------------------------------------------------------
                         slack                                  3.104    

Slack (MET) :             3.113ns  (required time - arrival time)
  Source:                 mc/counter_reg[15]/C
                            (rising edge-triggered cell FDRE clocked by sys_clk_pin  {rise@0.000ns fall@4.000ns period=8.000ns})
  Destination:            mc/counter_reg[0]/R
                            (rising edge-triggered cell FDRE clocked by sys_clk_pin  {rise@0.000ns fall@4.000ns period=8.000ns})
  Path Group:             sys_clk_pin
  Path Type:              Setup (Max at Slow Process Corner)
  Requirement:            8.000ns  (sys_clk_pin rise@8.000ns - sys_clk_pin rise@0.000ns)
  Data Path Delay:        4.404ns  (logic 1.024ns (23.252%)  route 3.380ns (76.748%))
  Logic Levels:           3  (LUT4=1 LUT6=2)
  Clock Path Skew:        -0.019ns (DCD - SCD + CPR)
    Destination Clock Delay (DCD):    5.611ns = ( 13.611 - 8.000 ) 
    Source Clock Delay      (SCD):    6.112ns
    Clock Pessimism Removal (CPR):    0.482ns
  Clock Uncertainty:      0.035ns  ((TSJ^2 + TIJ^2)^1/2 + DJ) / 2 + PE
    Total System Jitter     (TSJ):    0.071ns
    Total Input Jitter      (TIJ):    0.000ns
    Discrete Jitter          (DJ):    0.000ns
    Phase Error              (PE):    0.000ns

    Location             Delay type                Incr(ns)  Path(ns)    Netlist Resource(s)
  -------------------------------------------------------------------    -------------------
                         (clock sys_clk_pin rise edge)
                                                      0.000     0.000 r  
    H16                                               0.000     0.000 r  clk (IN)
                         net (fo=0)                   0.000     0.000    clk
    H16                  IBUF (Prop_ibuf_I_O)         1.451     1.451 r  clk_IBUF_inst/O
                         net (fo=1, routed)           2.522     3.973    clk_IBUF
    BUFGCTRL_X0Y16       BUFG (Prop_bufg_I_O)         0.101     4.074 r  clk_IBUF_BUFG_inst/O
                         net (fo=180, routed)         2.038     6.112    mc/CLK
    SLICE_X106Y122       FDRE                                         r  mc/counter_reg[15]/C
  -------------------------------------------------------------------    -------------------
    SLICE_X106Y122       FDRE (Prop_fdre_C_Q)         0.456     6.568 r  mc/counter_reg[15]/Q
                         net (fo=2, routed)           1.045     7.613    mc/counter_reg[15]
    SLICE_X108Y122       LUT4 (Prop_lut4_I1_O)        0.116     7.729 f  mc/counter[0]_i_12/O
                         net (fo=1, routed)           0.709     8.439    mc/counter[0]_i_12_n_0
    SLICE_X108Y122       LUT6 (Prop_lut6_I5_O)        0.328     8.767 f  mc/counter[0]_i_7__3/O
                         net (fo=1, routed)           0.477     9.244    mc/counter[0]_i_7__3_n_0
    SLICE_X107Y125       LUT6 (Prop_lut6_I3_O)        0.124     9.368 r  mc/counter[0]_i_3__3/O
                         net (fo=32, routed)          1.148    10.516    mc/counter[0]_i_1__3_n_0
    SLICE_X106Y119       FDRE                                         r  mc/counter_reg[0]/R
  -------------------------------------------------------------------    -------------------

                         (clock sys_clk_pin rise edge)
                                                      8.000     8.000 r  
    H16                                               0.000     8.000 r  clk (IN)
                         net (fo=0)                   0.000     8.000    clk
    H16                  IBUF (Prop_ibuf_I_O)         1.380     9.380 r  clk_IBUF_inst/O
                         net (fo=1, routed)           2.293    11.673    clk_IBUF
    BUFGCTRL_X0Y16       BUFG (Prop_bufg_I_O)         0.091    11.764 r  clk_IBUF_BUFG_inst/O
                         net (fo=180, routed)         1.846    13.611    mc/CLK
    SLICE_X106Y119       FDRE                                         r  mc/counter_reg[0]/C
                         clock pessimism              0.482    14.093    
                         clock uncertainty           -0.035    14.057    
    SLICE_X106Y119       FDRE (Setup_fdre_C_R)       -0.429    13.628    mc/counter_reg[0]
  -------------------------------------------------------------------
                         required time                         13.628    
                         arrival time                         -10.516    
  -------------------------------------------------------------------
                         slack                                  3.113    

Slack (MET) :             3.113ns  (required time - arrival time)
  Source:                 mc/counter_reg[15]/C
                            (rising edge-triggered cell FDRE clocked by sys_clk_pin  {rise@0.000ns fall@4.000ns period=8.000ns})
  Destination:            mc/counter_reg[1]/R
                            (rising edge-triggered cell FDRE clocked by sys_clk_pin  {rise@0.000ns fall@4.000ns period=8.000ns})
  Path Group:             sys_clk_pin
  Path Type:              Setup (Max at Slow Process Corner)
  Requirement:            8.000ns  (sys_clk_pin rise@8.000ns - sys_clk_pin rise@0.000ns)
  Data Path Delay:        4.404ns  (logic 1.024ns (23.252%)  route 3.380ns (76.748%))
  Logic Levels:           3  (LUT4=1 LUT6=2)
  Clock Path Skew:        -0.019ns (DCD - SCD + CPR)
    Destination Clock Delay (DCD):    5.611ns = ( 13.611 - 8.000 ) 
    Source Clock Delay      (SCD):    6.112ns
    Clock Pessimism Removal (CPR):    0.482ns
  Clock Uncertainty:      0.035ns  ((TSJ^2 + TIJ^2)^1/2 + DJ) / 2 + PE
    Total System Jitter     (TSJ):    0.071ns
    Total Input Jitter      (TIJ):    0.000ns
    Discrete Jitter          (DJ):    0.000ns
    Phase Error              (PE):    0.000ns

    Location             Delay type                Incr(ns)  Path(ns)    Netlist Resource(s)
  -------------------------------------------------------------------    -------------------
                         (clock sys_clk_pin rise edge)
                                                      0.000     0.000 r  
    H16                                               0.000     0.000 r  clk (IN)
                         net (fo=0)                   0.000     0.000    clk
    H16                  IBUF (Prop_ibuf_I_O)         1.451     1.451 r  clk_IBUF_inst/O
                         net (fo=1, routed)           2.522     3.973    clk_IBUF
    BUFGCTRL_X0Y16       BUFG (Prop_bufg_I_O)         0.101     4.074 r  clk_IBUF_BUFG_inst/O
                         net (fo=180, routed)         2.038     6.112    mc/CLK
    SLICE_X106Y122       FDRE                                         r  mc/counter_reg[15]/C
  -------------------------------------------------------------------    -------------------
    SLICE_X106Y122       FDRE (Prop_fdre_C_Q)         0.456     6.568 r  mc/counter_reg[15]/Q
                         net (fo=2, routed)           1.045     7.613    mc/counter_reg[15]
    SLICE_X108Y122       LUT4 (Prop_lut4_I1_O)        0.116     7.729 f  mc/counter[0]_i_12/O
                         net (fo=1, routed)           0.709     8.439    mc/counter[0]_i_12_n_0
    SLICE_X108Y122       LUT6 (Prop_lut6_I5_O)        0.328     8.767 f  mc/counter[0]_i_7__3/O
                         net (fo=1, routed)           0.477     9.244    mc/counter[0]_i_7__3_n_0
    SLICE_X107Y125       LUT6 (Prop_lut6_I3_O)        0.124     9.368 r  mc/counter[0]_i_3__3/O
                         net (fo=32, routed)          1.148    10.516    mc/counter[0]_i_1__3_n_0
    SLICE_X106Y119       FDRE                                         r  mc/counter_reg[1]/R
  -------------------------------------------------------------------    -------------------

                         (clock sys_clk_pin rise edge)
                                                      8.000     8.000 r  
    H16                                               0.000     8.000 r  clk (IN)
                         net (fo=0)                   0.000     8.000    clk
    H16                  IBUF (Prop_ibuf_I_O)         1.380     9.380 r  clk_IBUF_inst/O
                         net (fo=1, routed)           2.293    11.673    clk_IBUF
    BUFGCTRL_X0Y16       BUFG (Prop_bufg_I_O)         0.091    11.764 r  clk_IBUF_BUFG_inst/O
                         net (fo=180, routed)         1.846    13.611    mc/CLK
    SLICE_X106Y119       FDRE                                         r  mc/counter_reg[1]/C
                         clock pessimism              0.482    14.093    
                         clock uncertainty           -0.035    14.057    
    SLICE_X106Y119       FDRE (Setup_fdre_C_R)       -0.429    13.628    mc/counter_reg[1]
  -------------------------------------------------------------------
                         required time                         13.628    
                         arrival time                         -10.516    
  -------------------------------------------------------------------
                         slack                                  3.113    





Min Delay Paths
--------------------------------------------------------------------------------------
Slack (MET) :             0.173ns  (arrival time - required time)
  Source:                 bc0/counter_reg[30]/C
                            (rising edge-triggered cell FDRE clocked by sys_clk_pin  {rise@0.000ns fall@4.000ns period=8.000ns})
  Destination:            bc0/valid_vote_reg/D
                            (rising edge-triggered cell FDRE clocked by sys_clk_pin  {rise@0.000ns fall@4.000ns period=8.000ns})
  Path Group:             sys_clk_pin
  Path Type:              Hold (Min at Fast Process Corner)
  Requirement:            0.000ns  (sys_clk_pin rise@0.000ns - sys_clk_pin rise@0.000ns)
  Data Path Delay:        0.307ns  (logic 0.186ns (60.680%)  route 0.121ns (39.320%))
  Logic Levels:           1  (LUT4=1)
  Clock Path Skew:        0.014ns (DCD - SCD - CPR)
    Destination Clock Delay (DCD):    2.318ns
    Source Clock Delay      (SCD):    1.791ns
    Clock Pessimism Removal (CPR):    0.514ns

    Location             Delay type                Incr(ns)  Path(ns)    Netlist Resource(s)
  -------------------------------------------------------------------    -------------------
                         (clock sys_clk_pin rise edge)
                                                      0.000     0.000 r  
    H16                                               0.000     0.000 r  clk (IN)
                         net (fo=0)                   0.000     0.000    clk
    H16                  IBUF (Prop_ibuf_I_O)         0.219     0.219 r  clk_IBUF_inst/O
                         net (fo=1, routed)           0.842     1.060    clk_IBUF
    BUFGCTRL_X0Y16       BUFG (Prop_bufg_I_O)         0.026     1.086 r  clk_IBUF_BUFG_inst/O
                         net (fo=180, routed)         0.704     1.791    bc0/CLK
    SLICE_X107Y124       FDRE                                         r  bc0/counter_reg[30]/C
  -------------------------------------------------------------------    -------------------
    SLICE_X107Y124       FDRE (Prop_fdre_C_Q)         0.141     1.932 r  bc0/counter_reg[30]/Q
                         net (fo=3, routed)           0.121     2.052    bc0/counter_reg[30]
    SLICE_X108Y123       LUT4 (Prop_lut4_I2_O)        0.045     2.097 r  bc0/valid_vote_i_1/O
                         net (fo=1, routed)           0.000     2.097    bc0/valid_vote_i_1_n_0
    SLICE_X108Y123       FDRE                                         r  bc0/valid_vote_reg/D
  -------------------------------------------------------------------    -------------------

                         (clock sys_clk_pin rise edge)
                                                      0.000     0.000 r  
    H16                                               0.000     0.000 r  clk (IN)
                         net (fo=0)                   0.000     0.000    clk
    H16                  IBUF (Prop_ibuf_I_O)         0.406     0.406 r  clk_IBUF_inst/O
                         net (fo=1, routed)           0.907     1.313    clk_IBUF
    BUFGCTRL_X0Y16       BUFG (Prop_bufg_I_O)         0.029     1.342 r  clk_IBUF_BUFG_inst/O
                         net (fo=180, routed)         0.976     2.318    bc0/CLK
    SLICE_X108Y123       FDRE                                         r  bc0/valid_vote_reg/C
                         clock pessimism             -0.514     1.805    
    SLICE_X108Y123       FDRE (Hold_fdre_C_D)         0.120     1.925    bc0/valid_vote_reg
  -------------------------------------------------------------------
                         required time                         -1.925    
                         arrival time                           2.097    
  -------------------------------------------------------------------
                         slack                                  0.173    

Slack (MET) :             0.178ns  (arrival time - required time)
  Source:                 bc2/counter_reg[30]/C
                            (rising edge-triggered cell FDRE clocked by sys_clk_pin  {rise@0.000ns fall@4.000ns period=8.000ns})
  Destination:            bc2/valid_vote_reg/D
                            (rising edge-triggered cell FDRE clocked by sys_clk_pin  {rise@0.000ns fall@4.000ns period=8.000ns})
  Path Group:             sys_clk_pin
  Path Type:              Hold (Min at Fast Process Corner)
  Requirement:            0.000ns  (sys_clk_pin rise@0.000ns - sys_clk_pin rise@0.000ns)
  Data Path Delay:        0.282ns  (logic 0.209ns (74.086%)  route 0.073ns (25.914%))
  Logic Levels:           1  (LUT4=1)
  Clock Path Skew:        0.013ns (DCD - SCD - CPR)
    Destination Clock Delay (DCD):    2.321ns
    Source Clock Delay      (SCD):    1.793ns
    Clock Pessimism Removal (CPR):    0.516ns

    Location             Delay type                Incr(ns)  Path(ns)    Netlist Resource(s)
  -------------------------------------------------------------------    -------------------
                         (clock sys_clk_pin rise edge)
                                                      0.000     0.000 r  
    H16                                               0.000     0.000 r  clk (IN)
                         net (fo=0)                   0.000     0.000    clk
    H16                  IBUF (Prop_ibuf_I_O)         0.219     0.219 r  clk_IBUF_inst/O
                         net (fo=1, routed)           0.842     1.060    clk_IBUF
    BUFGCTRL_X0Y16       BUFG (Prop_bufg_I_O)         0.026     1.086 r  clk_IBUF_BUFG_inst/O
                         net (fo=180, routed)         0.706     1.793    bc2/CLK
    SLICE_X112Y126       FDRE                                         r  bc2/counter_reg[30]/C
  -------------------------------------------------------------------    -------------------
    SLICE_X112Y126       FDRE (Prop_fdre_C_Q)         0.164     1.957 r  bc2/counter_reg[30]/Q
                         net (fo=3, routed)           0.073     2.030    bc2/counter_reg[30]
    SLICE_X113Y126       LUT4 (Prop_lut4_I2_O)        0.045     2.075 r  bc2/valid_vote_i_1__1/O
                         net (fo=1, routed)           0.000     2.075    bc2/valid_vote_i_1__1_n_0
    SLICE_X113Y126       FDRE                                         r  bc2/valid_vote_reg/D
  -------------------------------------------------------------------    -------------------

                         (clock sys_clk_pin rise edge)
                                                      0.000     0.000 r  
    H16                                               0.000     0.000 r  clk (IN)
                         net (fo=0)                   0.000     0.000    clk
    H16                  IBUF (Prop_ibuf_I_O)         0.406     0.406 r  clk_IBUF_inst/O
                         net (fo=1, routed)           0.907     1.313    clk_IBUF
    BUFGCTRL_X0Y16       BUFG (Prop_bufg_I_O)         0.029     1.342 r  clk_IBUF_BUFG_inst/O
                         net (fo=180, routed)         0.979     2.321    bc2/CLK
    SLICE_X113Y126       FDRE                                         r  bc2/valid_vote_reg/C
                         clock pessimism             -0.516     1.806    
    SLICE_X113Y126       FDRE (Hold_fdre_C_D)         0.091     1.897    bc2/valid_vote_reg
  -------------------------------------------------------------------
                         required time                         -1.897    
                         arrival time                           2.075    
  -------------------------------------------------------------------
                         slack                                  0.178    

Slack (MET) :             0.226ns  (arrival time - required time)
  Source:                 vl/candidate2_vote_received_reg[1]/C
                            (rising edge-triggered cell FDRE clocked by sys_clk_pin  {rise@0.000ns fall@4.000ns period=8.000ns})
  Destination:            vl/candidate2_vote_received_reg[3]/D
                            (rising edge-triggered cell FDRE clocked by sys_clk_pin  {rise@0.000ns fall@4.000ns period=8.000ns})
  Path Group:             sys_clk_pin
  Path Type:              Hold (Min at Fast Process Corner)
  Requirement:            0.000ns  (sys_clk_pin rise@0.000ns - sys_clk_pin rise@0.000ns)
  Data Path Delay:        0.347ns  (logic 0.209ns (60.297%)  route 0.138ns (39.703%))
  Logic Levels:           1  (LUT6=1)
  Clock Path Skew:        0.000ns (DCD - SCD - CPR)
    Destination Clock Delay (DCD):    2.323ns
    Source Clock Delay      (SCD):    1.795ns
    Clock Pessimism Removal (CPR):    0.529ns

    Location             Delay type                Incr(ns)  Path(ns)    Netlist Resource(s)
  -------------------------------------------------------------------    -------------------
                         (clock sys_clk_pin rise edge)
                                                      0.000     0.000 r  
    H16                                               0.000     0.000 r  clk (IN)
                         net (fo=0)                   0.000     0.000    clk
    H16                  IBUF (Prop_ibuf_I_O)         0.219     0.219 r  clk_IBUF_inst/O
                         net (fo=1, routed)           0.842     1.060    clk_IBUF
    BUFGCTRL_X0Y16       BUFG (Prop_bufg_I_O)         0.026     1.086 r  clk_IBUF_BUFG_inst/O
                         net (fo=180, routed)         0.708     1.795    vl/CLK
    SLICE_X112Y127       FDRE                                         r  vl/candidate2_vote_received_reg[1]/C
  -------------------------------------------------------------------    -------------------
    SLICE_X112Y127       FDRE (Prop_fdre_C_Q)         0.164     1.959 r  vl/candidate2_vote_received_reg[1]/Q
                         net (fo=4, routed)           0.138     2.096    vl/candidate2_vote_received_reg__0[1]
    SLICE_X112Y127       LUT6 (Prop_lut6_I3_O)        0.045     2.141 r  vl/candidate2_vote_received[3]_i_2/O
                         net (fo=1, routed)           0.000     2.141    vl/p_0_in__1[3]
    SLICE_X112Y127       FDRE                                         r  vl/candidate2_vote_received_reg[3]/D
  -------------------------------------------------------------------    -------------------

                         (clock sys_clk_pin rise edge)
                                                      0.000     0.000 r  
    H16                                               0.000     0.000 r  clk (IN)
                         net (fo=0)                   0.000     0.000    clk
    H16                  IBUF (Prop_ibuf_I_O)         0.406     0.406 r  clk_IBUF_inst/O
                         net (fo=1, routed)           0.907     1.313    clk_IBUF
    BUFGCTRL_X0Y16       BUFG (Prop_bufg_I_O)         0.029     1.342 r  clk_IBUF_BUFG_inst/O
                         net (fo=180, routed)         0.981     2.323    vl/CLK
    SLICE_X112Y127       FDRE                                         r  vl/candidate2_vote_received_reg[3]/C
                         clock pessimism             -0.529     1.795    
    SLICE_X112Y127       FDRE (Hold_fdre_C_D)         0.121     1.916    vl/candidate2_vote_received_reg[3]
  -------------------------------------------------------------------
                         required time                         -1.916    
                         arrival time                           2.141    
  -------------------------------------------------------------------
                         slack                                  0.226    

Slack (MET) :             0.244ns  (arrival time - required time)
  Source:                 vl/candidate0_vote_received_reg[1]/C
                            (rising edge-triggered cell FDRE clocked by sys_clk_pin  {rise@0.000ns fall@4.000ns period=8.000ns})
  Destination:            vl/candidate0_vote_received_reg[2]/D
                            (rising edge-triggered cell FDRE clocked by sys_clk_pin  {rise@0.000ns fall@4.000ns period=8.000ns})
  Path Group:             sys_clk_pin
  Path Type:              Hold (Min at Fast Process Corner)
  Requirement:            0.000ns  (sys_clk_pin rise@0.000ns - sys_clk_pin rise@0.000ns)
  Data Path Delay:        0.351ns  (logic 0.183ns (52.101%)  route 0.168ns (47.899%))
  Logic Levels:           1  (LUT5=1)
  Clock Path Skew:        0.000ns (DCD - SCD - CPR)
    Destination Clock Delay (DCD):    2.320ns
    Source Clock Delay      (SCD):    1.794ns
    Clock Pessimism Removal (CPR):    0.527ns

    Location             Delay type                Incr(ns)  Path(ns)    Netlist Resource(s)
  -------------------------------------------------------------------    -------------------
                         (clock sys_clk_pin rise edge)
                                                      0.000     0.000 r  
    H16                                               0.000     0.000 r  clk (IN)
                         net (fo=0)                   0.000     0.000    clk
    H16                  IBUF (Prop_ibuf_I_O)         0.219     0.219 r  clk_IBUF_inst/O
                         net (fo=1, routed)           0.842     1.060    clk_IBUF
    BUFGCTRL_X0Y16       BUFG (Prop_bufg_I_O)         0.026     1.086 r  clk_IBUF_BUFG_inst/O
                         net (fo=180, routed)         0.707     1.794    vl/CLK
    SLICE_X109Y127       FDRE                                         r  vl/candidate0_vote_received_reg[1]/C
  -------------------------------------------------------------------    -------------------
    SLICE_X109Y127       FDRE (Prop_fdre_C_Q)         0.141     1.935 r  vl/candidate0_vote_received_reg[1]/Q
                         net (fo=4, routed)           0.168     2.103    vl/candidate0_vote_received_reg__0[1]
    SLICE_X109Y127       LUT5 (Prop_lut5_I1_O)        0.042     2.145 r  vl/candidate0_vote_received[2]_i_1/O
                         net (fo=1, routed)           0.000     2.145    vl/p_0_in[2]
    SLICE_X109Y127       FDRE                                         r  vl/candidate0_vote_received_reg[2]/D
  -------------------------------------------------------------------    -------------------

                         (clock sys_clk_pin rise edge)
                                                      0.000     0.000 r  
    H16                                               0.000     0.000 r  clk (IN)
                         net (fo=0)                   0.000     0.000    clk
    H16                  IBUF (Prop_ibuf_I_O)         0.406     0.406 r  clk_IBUF_inst/O
                         net (fo=1, routed)           0.907     1.313    clk_IBUF
    BUFGCTRL_X0Y16       BUFG (Prop_bufg_I_O)         0.029     1.342 r  clk_IBUF_BUFG_inst/O
                         net (fo=180, routed)         0.978     2.320    vl/CLK
    SLICE_X109Y127       FDRE                                         r  vl/candidate0_vote_received_reg[2]/C
                         clock pessimism             -0.527     1.794    
    SLICE_X109Y127       FDRE (Hold_fdre_C_D)         0.107     1.901    vl/candidate0_vote_received_reg[2]
  -------------------------------------------------------------------
                         required time                         -1.901    
                         arrival time                           2.145    
  -------------------------------------------------------------------
                         slack                                  0.244    

Slack (MET) :             0.251ns  (arrival time - required time)
  Source:                 vl/candidate0_vote_received_reg[1]/C
                            (rising edge-triggered cell FDRE clocked by sys_clk_pin  {rise@0.000ns fall@4.000ns period=8.000ns})
  Destination:            vl/candidate0_vote_received_reg[3]/D
                            (rising edge-triggered cell FDRE clocked by sys_clk_pin  {rise@0.000ns fall@4.000ns period=8.000ns})
  Path Group:             sys_clk_pin
  Path Type:              Hold (Min at Fast Process Corner)
  Requirement:            0.000ns  (sys_clk_pin rise@0.000ns - sys_clk_pin rise@0.000ns)
  Data Path Delay:        0.343ns  (logic 0.186ns (54.203%)  route 0.157ns (45.797%))
  Logic Levels:           1  (LUT6=1)
  Clock Path Skew:        0.000ns (DCD - SCD - CPR)
    Destination Clock Delay (DCD):    2.320ns
    Source Clock Delay      (SCD):    1.794ns
    Clock Pessimism Removal (CPR):    0.527ns

    Location             Delay type                Incr(ns)  Path(ns)    Netlist Resource(s)
  -------------------------------------------------------------------    -------------------
                         (clock sys_clk_pin rise edge)
                                                      0.000     0.000 r  
    H16                                               0.000     0.000 r  clk (IN)
                         net (fo=0)                   0.000     0.000    clk
    H16                  IBUF (Prop_ibuf_I_O)         0.219     0.219 r  clk_IBUF_inst/O
                         net (fo=1, routed)           0.842     1.060    clk_IBUF
    BUFGCTRL_X0Y16       BUFG (Prop_bufg_I_O)         0.026     1.086 r  clk_IBUF_BUFG_inst/O
                         net (fo=180, routed)         0.707     1.794    vl/CLK
    SLICE_X109Y127       FDRE                                         r  vl/candidate0_vote_received_reg[1]/C
  -------------------------------------------------------------------    -------------------
    SLICE_X109Y127       FDRE (Prop_fdre_C_Q)         0.141     1.935 r  vl/candidate0_vote_received_reg[1]/Q
                         net (fo=4, routed)           0.157     2.092    vl/candidate0_vote_received_reg__0[1]
    SLICE_X109Y127       LUT6 (Prop_lut6_I3_O)        0.045     2.137 r  vl/candidate0_vote_received[3]_i_3/O
                         net (fo=1, routed)           0.000     2.137    vl/p_0_in[3]
    SLICE_X109Y127       FDRE                                         r  vl/candidate0_vote_received_reg[3]/D
  -------------------------------------------------------------------    -------------------

                         (clock sys_clk_pin rise edge)
                                                      0.000     0.000 r  
    H16                                               0.000     0.000 r  clk (IN)
                         net (fo=0)                   0.000     0.000    clk
    H16                  IBUF (Prop_ibuf_I_O)         0.406     0.406 r  clk_IBUF_inst/O
                         net (fo=1, routed)           0.907     1.313    clk_IBUF
    BUFGCTRL_X0Y16       BUFG (Prop_bufg_I_O)         0.029     1.342 r  clk_IBUF_BUFG_inst/O
                         net (fo=180, routed)         0.978     2.320    vl/CLK
    SLICE_X109Y127       FDRE                                         r  vl/candidate0_vote_received_reg[3]/C
                         clock pessimism             -0.527     1.794    
    SLICE_X109Y127       FDRE (Hold_fdre_C_D)         0.092     1.886    vl/candidate0_vote_received_reg[3]
  -------------------------------------------------------------------
                         required time                         -1.886    
                         arrival time                           2.137    
  -------------------------------------------------------------------
                         slack                                  0.251    

Slack (MET) :             0.252ns  (arrival time - required time)
  Source:                 bc0/counter_reg[3]/C
                            (rising edge-triggered cell FDRE clocked by sys_clk_pin  {rise@0.000ns fall@4.000ns period=8.000ns})
  Destination:            bc0/counter_reg[3]/D
                            (rising edge-triggered cell FDRE clocked by sys_clk_pin  {rise@0.000ns fall@4.000ns period=8.000ns})
  Path Group:             sys_clk_pin
  Path Type:              Hold (Min at Fast Process Corner)
  Requirement:            0.000ns  (sys_clk_pin rise@0.000ns - sys_clk_pin rise@0.000ns)
  Data Path Delay:        0.357ns  (logic 0.249ns (69.714%)  route 0.108ns (30.286%))
  Logic Levels:           1  (CARRY4=1)
  Clock Path Skew:        0.000ns (DCD - SCD - CPR)
    Destination Clock Delay (DCD):    2.325ns
    Source Clock Delay      (SCD):    1.798ns
    Clock Pessimism Removal (CPR):    0.528ns

    Location             Delay type                Incr(ns)  Path(ns)    Netlist Resource(s)
  -------------------------------------------------------------------    -------------------
                         (clock sys_clk_pin rise edge)
                                                      0.000     0.000 r  
    H16                                               0.000     0.000 r  clk (IN)
                         net (fo=0)                   0.000     0.000    clk
    H16                  IBUF (Prop_ibuf_I_O)         0.219     0.219 r  clk_IBUF_inst/O
                         net (fo=1, routed)           0.842     1.060    clk_IBUF
    BUFGCTRL_X0Y16       BUFG (Prop_bufg_I_O)         0.026     1.086 r  clk_IBUF_BUFG_inst/O
                         net (fo=180, routed)         0.711     1.798    bc0/CLK
    SLICE_X107Y117       FDRE                                         r  bc0/counter_reg[3]/C
  -------------------------------------------------------------------    -------------------
    SLICE_X107Y117       FDRE (Prop_fdre_C_Q)         0.141     1.939 r  bc0/counter_reg[3]/Q
                         net (fo=1, routed)           0.108     2.047    bc0/counter_reg_n_0_[3]
    SLICE_X107Y117       CARRY4 (Prop_carry4_S[3]_O[3])
                                                      0.108     2.155 r  bc0/counter_reg[0]_i_2/O[3]
                         net (fo=1, routed)           0.000     2.155    bc0/counter_reg[0]_i_2_n_4
    SLICE_X107Y117       FDRE                                         r  bc0/counter_reg[3]/D
  -------------------------------------------------------------------    -------------------

                         (clock sys_clk_pin rise edge)
                                                      0.000     0.000 r  
    H16                                               0.000     0.000 r  clk (IN)
                         net (fo=0)                   0.000     0.000    clk
    H16                  IBUF (Prop_ibuf_I_O)         0.406     0.406 r  clk_IBUF_inst/O
                         net (fo=1, routed)           0.907     1.313    clk_IBUF
    BUFGCTRL_X0Y16       BUFG (Prop_bufg_I_O)         0.029     1.342 r  clk_IBUF_BUFG_inst/O
                         net (fo=180, routed)         0.983     2.325    bc0/CLK
    SLICE_X107Y117       FDRE                                         r  bc0/counter_reg[3]/C
                         clock pessimism             -0.528     1.798    
    SLICE_X107Y117       FDRE (Hold_fdre_C_D)         0.105     1.903    bc0/counter_reg[3]
  -------------------------------------------------------------------
                         required time                         -1.903    
                         arrival time                           2.155    
  -------------------------------------------------------------------
                         slack                                  0.252    

Slack (MET) :             0.252ns  (arrival time - required time)
  Source:                 bc1/counter_reg[3]/C
                            (rising edge-triggered cell FDRE clocked by sys_clk_pin  {rise@0.000ns fall@4.000ns period=8.000ns})
  Destination:            bc1/counter_reg[3]/D
                            (rising edge-triggered cell FDRE clocked by sys_clk_pin  {rise@0.000ns fall@4.000ns period=8.000ns})
  Path Group:             sys_clk_pin
  Path Type:              Hold (Min at Fast Process Corner)
  Requirement:            0.000ns  (sys_clk_pin rise@0.000ns - sys_clk_pin rise@0.000ns)
  Data Path Delay:        0.357ns  (logic 0.249ns (69.714%)  route 0.108ns (30.286%))
  Logic Levels:           1  (CARRY4=1)
  Clock Path Skew:        0.000ns (DCD - SCD - CPR)
    Destination Clock Delay (DCD):    2.299ns
    Source Clock Delay      (SCD):    1.771ns
    Clock Pessimism Removal (CPR):    0.529ns

    Location             Delay type                Incr(ns)  Path(ns)    Netlist Resource(s)
  -------------------------------------------------------------------    -------------------
                         (clock sys_clk_pin rise edge)
                                                      0.000     0.000 r  
    H16                                               0.000     0.000 r  clk (IN)
                         net (fo=0)                   0.000     0.000    clk
    H16                  IBUF (Prop_ibuf_I_O)         0.219     0.219 r  clk_IBUF_inst/O
                         net (fo=1, routed)           0.842     1.060    clk_IBUF
    BUFGCTRL_X0Y16       BUFG (Prop_bufg_I_O)         0.026     1.086 r  clk_IBUF_BUFG_inst/O
                         net (fo=180, routed)         0.684     1.771    bc1/CLK
    SLICE_X105Y117       FDRE                                         r  bc1/counter_reg[3]/C
  -------------------------------------------------------------------    -------------------
    SLICE_X105Y117       FDRE (Prop_fdre_C_Q)         0.141     1.912 r  bc1/counter_reg[3]/Q
                         net (fo=1, routed)           0.108     2.020    bc1/counter_reg_n_0_[3]
    SLICE_X105Y117       CARRY4 (Prop_carry4_S[3]_O[3])
                                                      0.108     2.128 r  bc1/counter_reg[0]_i_2__0/O[3]
                         net (fo=1, routed)           0.000     2.128    bc1/counter_reg[0]_i_2__0_n_4
    SLICE_X105Y117       FDRE                                         r  bc1/counter_reg[3]/D
  -------------------------------------------------------------------    -------------------

                         (clock sys_clk_pin rise edge)
                                                      0.000     0.000 r  
    H16                                               0.000     0.000 r  clk (IN)
                         net (fo=0)                   0.000     0.000    clk
    H16                  IBUF (Prop_ibuf_I_O)         0.406     0.406 r  clk_IBUF_inst/O
                         net (fo=1, routed)           0.907     1.313    clk_IBUF
    BUFGCTRL_X0Y16       BUFG (Prop_bufg_I_O)         0.029     1.342 r  clk_IBUF_BUFG_inst/O
                         net (fo=180, routed)         0.957     2.299    bc1/CLK
    SLICE_X105Y117       FDRE                                         r  bc1/counter_reg[3]/C
                         clock pessimism             -0.529     1.771    
    SLICE_X105Y117       FDRE (Hold_fdre_C_D)         0.105     1.876    bc1/counter_reg[3]
  -------------------------------------------------------------------
                         required time                         -1.876    
                         arrival time                           2.128    
  -------------------------------------------------------------------
                         slack                                  0.252    

Slack (MET) :             0.252ns  (arrival time - required time)
  Source:                 bc3/counter_reg[3]/C
                            (rising edge-triggered cell FDRE clocked by sys_clk_pin  {rise@0.000ns fall@4.000ns period=8.000ns})
  Destination:            bc3/counter_reg[3]/D
                            (rising edge-triggered cell FDRE clocked by sys_clk_pin  {rise@0.000ns fall@4.000ns period=8.000ns})
  Path Group:             sys_clk_pin
  Path Type:              Hold (Min at Fast Process Corner)
  Requirement:            0.000ns  (sys_clk_pin rise@0.000ns - sys_clk_pin rise@0.000ns)
  Data Path Delay:        0.357ns  (logic 0.249ns (69.714%)  route 0.108ns (30.286%))
  Logic Levels:           1  (CARRY4=1)
  Clock Path Skew:        0.000ns (DCD - SCD - CPR)
    Destination Clock Delay (DCD):    2.328ns
    Source Clock Delay      (SCD):    1.799ns
    Clock Pessimism Removal (CPR):    0.530ns

    Location             Delay type                Incr(ns)  Path(ns)    Netlist Resource(s)
  -------------------------------------------------------------------    -------------------
                         (clock sys_clk_pin rise edge)
                                                      0.000     0.000 r  
    H16                                               0.000     0.000 r  clk (IN)
                         net (fo=0)                   0.000     0.000    clk
    H16                  IBUF (Prop_ibuf_I_O)         0.219     0.219 r  clk_IBUF_inst/O
                         net (fo=1, routed)           0.842     1.060    clk_IBUF
    BUFGCTRL_X0Y16       BUFG (Prop_bufg_I_O)         0.026     1.086 r  clk_IBUF_BUFG_inst/O
                         net (fo=180, routed)         0.712     1.799    bc3/CLK
    SLICE_X113Y117       FDRE                                         r  bc3/counter_reg[3]/C
  -------------------------------------------------------------------    -------------------
    SLICE_X113Y117       FDRE (Prop_fdre_C_Q)         0.141     1.940 r  bc3/counter_reg[3]/Q
                         net (fo=1, routed)           0.108     2.048    bc3/counter_reg_n_0_[3]
    SLICE_X113Y117       CARRY4 (Prop_carry4_S[3]_O[3])
                                                      0.108     2.156 r  bc3/counter_reg[0]_i_2__2/O[3]
                         net (fo=1, routed)           0.000     2.156    bc3/counter_reg[0]_i_2__2_n_4
    SLICE_X113Y117       FDRE                                         r  bc3/counter_reg[3]/D
  -------------------------------------------------------------------    -------------------

                         (clock sys_clk_pin rise edge)
                                                      0.000     0.000 r  
    H16                                               0.000     0.000 r  clk (IN)
                         net (fo=0)                   0.000     0.000    clk
    H16                  IBUF (Prop_ibuf_I_O)         0.406     0.406 r  clk_IBUF_inst/O
                         net (fo=1, routed)           0.907     1.313    clk_IBUF
    BUFGCTRL_X0Y16       BUFG (Prop_bufg_I_O)         0.029     1.342 r  clk_IBUF_BUFG_inst/O
                         net (fo=180, routed)         0.986     2.328    bc3/CLK
    SLICE_X113Y117       FDRE                                         r  bc3/counter_reg[3]/C
                         clock pessimism             -0.530     1.799    
    SLICE_X113Y117       FDRE (Hold_fdre_C_D)         0.105     1.904    bc3/counter_reg[3]
  -------------------------------------------------------------------
                         required time                         -1.904    
                         arrival time                           2.156    
  -------------------------------------------------------------------
                         slack                                  0.252    

Slack (MET) :             0.253ns  (arrival time - required time)
  Source:                 vl/candidate3_vote_received_reg[1]/C
                            (rising edge-triggered cell FDRE clocked by sys_clk_pin  {rise@0.000ns fall@4.000ns period=8.000ns})
  Destination:            vl/candidate3_vote_received_reg[3]/D
                            (rising edge-triggered cell FDRE clocked by sys_clk_pin  {rise@0.000ns fall@4.000ns period=8.000ns})
  Path Group:             sys_clk_pin
  Path Type:              Hold (Min at Fast Process Corner)
  Requirement:            0.000ns  (sys_clk_pin rise@0.000ns - sys_clk_pin rise@0.000ns)
  Data Path Delay:        0.345ns  (logic 0.186ns (53.849%)  route 0.159ns (46.151%))
  Logic Levels:           1  (LUT6=1)
  Clock Path Skew:        0.000ns (DCD - SCD - CPR)
    Destination Clock Delay (DCD):    2.324ns
    Source Clock Delay      (SCD):    1.795ns
    Clock Pessimism Removal (CPR):    0.530ns

    Location             Delay type                Incr(ns)  Path(ns)    Netlist Resource(s)
  -------------------------------------------------------------------    -------------------
                         (clock sys_clk_pin rise edge)
                                                      0.000     0.000 r  
    H16                                               0.000     0.000 r  clk (IN)
                         net (fo=0)                   0.000     0.000    clk
    H16                  IBUF (Prop_ibuf_I_O)         0.219     0.219 r  clk_IBUF_inst/O
                         net (fo=1, routed)           0.842     1.060    clk_IBUF
    BUFGCTRL_X0Y16       BUFG (Prop_bufg_I_O)         0.026     1.086 r  clk_IBUF_BUFG_inst/O
                         net (fo=180, routed)         0.708     1.795    vl/CLK
    SLICE_X111Y128       FDRE                                         r  vl/candidate3_vote_received_reg[1]/C
  -------------------------------------------------------------------    -------------------
    SLICE_X111Y128       FDRE (Prop_fdre_C_Q)         0.141     1.936 r  vl/candidate3_vote_received_reg[1]/Q
                         net (fo=4, routed)           0.159     2.095    vl/candidate3_vote_received_reg__0[1]
    SLICE_X111Y128       LUT6 (Prop_lut6_I3_O)        0.045     2.140 r  vl/candidate3_vote_received[3]_i_2/O
                         net (fo=1, routed)           0.000     2.140    vl/p_0_in__2[3]
    SLICE_X111Y128       FDRE                                         r  vl/candidate3_vote_received_reg[3]/D
  -------------------------------------------------------------------    -------------------

                         (clock sys_clk_pin rise edge)
                                                      0.000     0.000 r  
    H16                                               0.000     0.000 r  clk (IN)
                         net (fo=0)                   0.000     0.000    clk
    H16                  IBUF (Prop_ibuf_I_O)         0.406     0.406 r  clk_IBUF_inst/O
                         net (fo=1, routed)           0.907     1.313    clk_IBUF
    BUFGCTRL_X0Y16       BUFG (Prop_bufg_I_O)         0.029     1.342 r  clk_IBUF_BUFG_inst/O
                         net (fo=180, routed)         0.982     2.324    vl/CLK
    SLICE_X111Y128       FDRE                                         r  vl/candidate3_vote_received_reg[3]/C
                         clock pessimism             -0.530     1.795    
    SLICE_X111Y128       FDRE (Hold_fdre_C_D)         0.092     1.887    vl/candidate3_vote_received_reg[3]
  -------------------------------------------------------------------
                         required time                         -1.887    
                         arrival time                           2.140    
  -------------------------------------------------------------------
                         slack                                  0.253    

Slack (MET) :             0.254ns  (arrival time - required time)
  Source:                 bc2/counter_reg[2]/C
                            (rising edge-triggered cell FDRE clocked by sys_clk_pin  {rise@0.000ns fall@4.000ns period=8.000ns})
  Destination:            bc2/counter_reg[2]/D
                            (rising edge-triggered cell FDRE clocked by sys_clk_pin  {rise@0.000ns fall@4.000ns period=8.000ns})
  Path Group:             sys_clk_pin
  Path Type:              Hold (Min at Fast Process Corner)
  Requirement:            0.000ns  (sys_clk_pin rise@0.000ns - sys_clk_pin rise@0.000ns)
  Data Path Delay:        0.388ns  (logic 0.274ns (70.550%)  route 0.114ns (29.450%))
  Logic Levels:           1  (CARRY4=1)
  Clock Path Skew:        0.000ns (DCD - SCD - CPR)
    Destination Clock Delay (DCD):    2.326ns
    Source Clock Delay      (SCD):    1.797ns
    Clock Pessimism Removal (CPR):    0.530ns

    Location             Delay type                Incr(ns)  Path(ns)    Netlist Resource(s)
  -------------------------------------------------------------------    -------------------
                         (clock sys_clk_pin rise edge)
                                                      0.000     0.000 r  
    H16                                               0.000     0.000 r  clk (IN)
                         net (fo=0)                   0.000     0.000    clk
    H16                  IBUF (Prop_ibuf_I_O)         0.219     0.219 r  clk_IBUF_inst/O
                         net (fo=1, routed)           0.842     1.060    clk_IBUF
    BUFGCTRL_X0Y16       BUFG (Prop_bufg_I_O)         0.026     1.086 r  clk_IBUF_BUFG_inst/O
                         net (fo=180, routed)         0.710     1.797    bc2/CLK
    SLICE_X112Y119       FDRE                                         r  bc2/counter_reg[2]/C
  -------------------------------------------------------------------    -------------------
    SLICE_X112Y119       FDRE (Prop_fdre_C_Q)         0.164     1.961 r  bc2/counter_reg[2]/Q
                         net (fo=1, routed)           0.114     2.075    bc2/counter_reg_n_0_[2]
    SLICE_X112Y119       CARRY4 (Prop_carry4_S[2]_O[2])
                                                      0.110     2.185 r  bc2/counter_reg[0]_i_2__1/O[2]
                         net (fo=1, routed)           0.000     2.185    bc2/counter_reg[0]_i_2__1_n_5
    SLICE_X112Y119       FDRE                                         r  bc2/counter_reg[2]/D
  -------------------------------------------------------------------    -------------------

                         (clock sys_clk_pin rise edge)
                                                      0.000     0.000 r  
    H16                                               0.000     0.000 r  clk (IN)
                         net (fo=0)                   0.000     0.000    clk
    H16                  IBUF (Prop_ibuf_I_O)         0.406     0.406 r  clk_IBUF_inst/O
                         net (fo=1, routed)           0.907     1.313    clk_IBUF
    BUFGCTRL_X0Y16       BUFG (Prop_bufg_I_O)         0.029     1.342 r  clk_IBUF_BUFG_inst/O
                         net (fo=180, routed)         0.984     2.326    bc2/CLK
    SLICE_X112Y119       FDRE                                         r  bc2/counter_reg[2]/C
                         clock pessimism             -0.530     1.797    
    SLICE_X112Y119       FDRE (Hold_fdre_C_D)         0.134     1.931    bc2/counter_reg[2]
  -------------------------------------------------------------------
                         required time                         -1.931    
                         arrival time                           2.185    
  -------------------------------------------------------------------
                         slack                                  0.254    





Pulse Width Checks
--------------------------------------------------------------------------------------
Clock Name:         sys_clk_pin
Waveform(ns):       { 0.000 4.000 }
Period(ns):         8.000
Sources:            { clk }

Check Type        Corner  Lib Pin  Reference Pin  Required(ns)  Actual(ns)  Slack(ns)  Location        Pin
Min Period        n/a     BUFG/I   n/a            2.155         8.000       5.845      BUFGCTRL_X0Y16  clk_IBUF_BUFG_inst/I
Min Period        n/a     FDRE/C   n/a            1.000         8.000       7.000      SLICE_X107Y117  bc0/counter_reg[0]/C
Min Period        n/a     FDRE/C   n/a            1.000         8.000       7.000      SLICE_X107Y119  bc0/counter_reg[10]/C
Min Period        n/a     FDRE/C   n/a            1.000         8.000       7.000      SLICE_X107Y121  bc0/counter_reg[17]/C
Min Period        n/a     FDRE/C   n/a            1.000         8.000       7.000      SLICE_X107Y121  bc0/counter_reg[18]/C
Min Period        n/a     FDRE/C   n/a            1.000         8.000       7.000      SLICE_X107Y121  bc0/counter_reg[19]/C
Min Period        n/a     FDRE/C   n/a            1.000         8.000       7.000      SLICE_X107Y117  bc0/counter_reg[1]/C
Min Period        n/a     FDRE/C   n/a            1.000         8.000       7.000      SLICE_X107Y122  bc0/counter_reg[20]/C
Min Period        n/a     FDRE/C   n/a            1.000         8.000       7.000      SLICE_X107Y122  bc0/counter_reg[21]/C
Min Period        n/a     FDRE/C   n/a            1.000         8.000       7.000      SLICE_X107Y122  bc0/counter_reg[22]/C
Low Pulse Width   Slow    FDRE/C   n/a            0.500         4.000       3.500      SLICE_X107Y121  bc0/counter_reg[17]/C
Low Pulse Width   Slow    FDRE/C   n/a            0.500         4.000       3.500      SLICE_X107Y121  bc0/counter_reg[18]/C
Low Pulse Width   Slow    FDRE/C   n/a            0.500         4.000       3.500      SLICE_X107Y121  bc0/counter_reg[19]/C
Low Pulse Width   Slow    FDRE/C   n/a            0.500         4.000       3.500      SLICE_X105Y117  bc1/counter_reg[3]/C
Low Pulse Width   Slow    FDRE/C   n/a            0.500         4.000       3.500      SLICE_X112Y121  bc2/counter_reg[10]/C
Low Pulse Width   Slow    FDRE/C   n/a            0.500         4.000       3.500      SLICE_X112Y121  bc2/counter_reg[11]/C
Low Pulse Width   Slow    FDRE/C   n/a            0.500         4.000       3.500      SLICE_X112Y121  bc2/counter_reg[8]/C
Low Pulse Width   Slow    FDRE/C   n/a            0.500         4.000       3.500      SLICE_X112Y121  bc2/counter_reg[9]/C
Low Pulse Width   Slow    FDRE/C   n/a            0.500         4.000       3.500      SLICE_X113Y121  bc3/counter_reg[16]/C
Low Pulse Width   Slow    FDRE/C   n/a            0.500         4.000       3.500      SLICE_X113Y121  bc3/counter_reg[17]/C
High Pulse Width  Slow    FDRE/C   n/a            0.500         4.000       3.500      SLICE_X107Y117  bc0/counter_reg[0]/C
High Pulse Width  Fast    FDRE/C   n/a            0.500         4.000       3.500      SLICE_X107Y117  bc0/counter_reg[0]/C
High Pulse Width  Slow    FDRE/C   n/a            0.500         4.000       3.500      SLICE_X107Y119  bc0/counter_reg[10]/C
High Pulse Width  Fast    FDRE/C   n/a            0.500         4.000       3.500      SLICE_X107Y121  bc0/counter_reg[17]/C
High Pulse Width  Fast    FDRE/C   n/a            0.500         4.000       3.500      SLICE_X107Y121  bc0/counter_reg[18]/C
High Pulse Width  Fast    FDRE/C   n/a            0.500         4.000       3.500      SLICE_X107Y121  bc0/counter_reg[19]/C
High Pulse Width  Slow    FDRE/C   n/a            0.500         4.000       3.500      SLICE_X107Y117  bc0/counter_reg[1]/C
High Pulse Width  Fast    FDRE/C   n/a            0.500         4.000       3.500      SLICE_X107Y117  bc0/counter_reg[1]/C
High Pulse Width  Fast    FDRE/C   n/a            0.500         4.000       3.500      SLICE_X107Y122  bc0/counter_reg[20]/C
High Pulse Width  Fast    FDRE/C   n/a            0.500         4.000       3.500      SLICE_X107Y122  bc0/counter_reg[21]/C



