
*** Running vivado
    with args -log conv_design_CONV_0_0.vds -m64 -product Vivado -mode batch -messageDb vivado.pb -notrace -source conv_design_CONV_0_0.tcl


****** Vivado v2018.3 (64-bit)
  **** SW Build 2405991 on Thu Dec  6 23:38:27 MST 2018
  **** IP Build 2404404 on Fri Dec  7 01:43:56 MST 2018
    ** Copyright 1986-2018 Xilinx, Inc. All Rights Reserved.

source conv_design_CONV_0_0.tcl -notrace
Command: synth_design -top conv_design_CONV_0_0 -part xc7z020clg400-1 -mode out_of_context
Starting synth_design
Attempting to get a license for feature 'Synthesis' and/or device 'xc7z020'
INFO: [Common 17-349] Got license for feature 'Synthesis' and/or device 'xc7z020'
INFO: Launching helper process for spawning children vivado processes
INFO: Helper process launched with PID 34908 
---------------------------------------------------------------------------------
Starting RTL Elaboration : Time (s): cpu = 00:00:02 ; elapsed = 00:00:02 . Memory (MB): peak = 392.684 ; gain = 106.469
---------------------------------------------------------------------------------
INFO: [Synth 8-6157] synthesizing module 'conv_design_CONV_0_0' [c:/Users/kartg/Desktop/Github/Deep-Learning-IC/hw10/project_hw10/project_hw10.srcs/sources_1/bd/conv_design/ip/conv_design_CONV_0_0/synth/conv_design_CONV_0_0.v:58]
INFO: [Synth 8-6157] synthesizing module 'CONV' [C:/Users/kartg/Desktop/Github/Deep-Learning-IC/hw10/project_hw10/project_hw10.srcs/sources_1/new/CONV.v:32]
	Parameter IDLE bound to: 3'b000 
	Parameter INPUT_CONV bound to: 3'b001 
	Parameter DELAY bound to: 3'b010 
	Parameter MUL bound to: 3'b011 
	Parameter ACC bound to: 3'b100 
	Parameter OUTPUT bound to: 3'b101 
	Parameter DONE bound to: 4'b0110 
INFO: [Synth 8-155] case statement is not full and has no default [C:/Users/kartg/Desktop/Github/Deep-Learning-IC/hw10/project_hw10/project_hw10.srcs/sources_1/new/CONV.v:107]
INFO: [Synth 8-155] case statement is not full and has no default [C:/Users/kartg/Desktop/Github/Deep-Learning-IC/hw10/project_hw10/project_hw10.srcs/sources_1/new/CONV.v:117]
INFO: [Synth 8-155] case statement is not full and has no default [C:/Users/kartg/Desktop/Github/Deep-Learning-IC/hw10/project_hw10/project_hw10.srcs/sources_1/new/CONV.v:137]
INFO: [Synth 8-155] case statement is not full and has no default [C:/Users/kartg/Desktop/Github/Deep-Learning-IC/hw10/project_hw10/project_hw10.srcs/sources_1/new/CONV.v:132]
INFO: [Synth 8-155] case statement is not full and has no default [C:/Users/kartg/Desktop/Github/Deep-Learning-IC/hw10/project_hw10/project_hw10.srcs/sources_1/new/CONV.v:151]
INFO: [Synth 8-155] case statement is not full and has no default [C:/Users/kartg/Desktop/Github/Deep-Learning-IC/hw10/project_hw10/project_hw10.srcs/sources_1/new/CONV.v:158]
INFO: [Synth 8-155] case statement is not full and has no default [C:/Users/kartg/Desktop/Github/Deep-Learning-IC/hw10/project_hw10/project_hw10.srcs/sources_1/new/CONV.v:172]
INFO: [Synth 8-155] case statement is not full and has no default [C:/Users/kartg/Desktop/Github/Deep-Learning-IC/hw10/project_hw10/project_hw10.srcs/sources_1/new/CONV.v:189]
INFO: [Synth 8-6155] done synthesizing module 'CONV' (1#1) [C:/Users/kartg/Desktop/Github/Deep-Learning-IC/hw10/project_hw10/project_hw10.srcs/sources_1/new/CONV.v:32]
INFO: [Synth 8-6155] done synthesizing module 'conv_design_CONV_0_0' (2#1) [c:/Users/kartg/Desktop/Github/Deep-Learning-IC/hw10/project_hw10/project_hw10.srcs/sources_1/bd/conv_design/ip/conv_design_CONV_0_0/synth/conv_design_CONV_0_0.v:58]
---------------------------------------------------------------------------------
Finished RTL Elaboration : Time (s): cpu = 00:00:03 ; elapsed = 00:00:03 . Memory (MB): peak = 448.492 ; gain = 162.277
---------------------------------------------------------------------------------

Report Check Netlist: 
+------+------------------+-------+---------+-------+------------------+
|      |Item              |Errors |Warnings |Status |Description       |
+------+------------------+-------+---------+-------+------------------+
|1     |multi_driven_nets |      0|        0|Passed |Multi driven nets |
+------+------------------+-------+---------+-------+------------------+
---------------------------------------------------------------------------------
Start Handling Custom Attributes
---------------------------------------------------------------------------------
---------------------------------------------------------------------------------
Finished Handling Custom Attributes : Time (s): cpu = 00:00:03 ; elapsed = 00:00:03 . Memory (MB): peak = 448.492 ; gain = 162.277
---------------------------------------------------------------------------------
---------------------------------------------------------------------------------
Finished RTL Optimization Phase 1 : Time (s): cpu = 00:00:03 ; elapsed = 00:00:03 . Memory (MB): peak = 448.492 ; gain = 162.277
---------------------------------------------------------------------------------
INFO: [Device 21-403] Loading part xc7z020clg400-1
INFO: [Project 1-570] Preparing netlist for logic optimization

Processing XDC Constraints
Initializing timing engine
Completed Processing XDC Constraints

Netlist sorting complete. Time (s): cpu = 00:00:00 ; elapsed = 00:00:00 . Memory (MB): peak = 774.508 ; gain = 0.000
INFO: [Project 1-111] Unisim Transformation Summary:
No Unisim elements were transformed.

Netlist sorting complete. Time (s): cpu = 00:00:00 ; elapsed = 00:00:00 . Memory (MB): peak = 774.508 ; gain = 0.000
WARNING: [Constraints 18-5210] No constraints selected for write.
Resolution: This message can indicate that there are no constraints for the design, or it can indicate that the used_in flags are set such that the constraints are ignored. This later case is used when running synth_design to not write synthesis constraints to the resulting checkpoint. Instead, project constraints are read when the synthesized design is opened.
Constraint Validation Runtime : Time (s): cpu = 00:00:00 ; elapsed = 00:00:00.049 . Memory (MB): peak = 776.137 ; gain = 1.629
---------------------------------------------------------------------------------
Finished Constraint Validation : Time (s): cpu = 00:00:07 ; elapsed = 00:00:10 . Memory (MB): peak = 776.137 ; gain = 489.922
---------------------------------------------------------------------------------
---------------------------------------------------------------------------------
Start Loading Part and Timing Information
---------------------------------------------------------------------------------
Loading part: xc7z020clg400-1
---------------------------------------------------------------------------------
Finished Loading Part and Timing Information : Time (s): cpu = 00:00:07 ; elapsed = 00:00:10 . Memory (MB): peak = 776.137 ; gain = 489.922
---------------------------------------------------------------------------------
---------------------------------------------------------------------------------
Start Applying 'set_property' XDC Constraints
---------------------------------------------------------------------------------
---------------------------------------------------------------------------------
Finished applying 'set_property' XDC Constraints : Time (s): cpu = 00:00:07 ; elapsed = 00:00:10 . Memory (MB): peak = 776.137 ; gain = 489.922
---------------------------------------------------------------------------------
INFO: [Synth 8-5818] HDL ADVISOR - The operator resource <adder> is shared. To prevent sharing consider applying a KEEP on the output of the operator [C:/Users/kartg/Desktop/Github/Deep-Learning-IC/hw10/project_hw10/project_hw10.srcs/sources_1/new/CONV.v:137]
INFO: [Synth 8-5818] HDL ADVISOR - The operator resource <multiplier> is shared. To prevent sharing consider applying a KEEP on the output of the operator [C:/Users/kartg/Desktop/Github/Deep-Learning-IC/hw10/project_hw10/project_hw10.srcs/sources_1/new/CONV.v:137]
INFO: [Synth 8-5818] HDL ADVISOR - The operator resource <adder> is shared. To prevent sharing consider applying a KEEP on the output of the operator [C:/Users/kartg/Desktop/Github/Deep-Learning-IC/hw10/project_hw10/project_hw10.srcs/sources_1/new/CONV.v:132]
INFO: [Synth 8-5544] ROM "next_state" won't be mapped to Block RAM because address size (4) smaller than threshold (5)
INFO: [Synth 8-5546] ROM "next_state" won't be mapped to RAM because it is too sparse
INFO: [Synth 8-5544] ROM "cnt" won't be mapped to Block RAM because address size (3) smaller than threshold (5)
INFO: [Synth 8-5544] ROM "x" won't be mapped to Block RAM because address size (3) smaller than threshold (5)
INFO: [Synth 8-5546] ROM "y" won't be mapped to RAM because it is too sparse
INFO: [Synth 8-5544] ROM "y0" won't be mapped to Block RAM because address size (3) smaller than threshold (5)
INFO: [Synth 8-5544] ROM "addr_r" won't be mapped to Block RAM because address size (4) smaller than threshold (5)
INFO: [Synth 8-5544] ROM "addr_w" won't be mapped to Block RAM because address size (3) smaller than threshold (5)
INFO: [Synth 8-5544] ROM "acc" won't be mapped to Block RAM because address size (3) smaller than threshold (5)
INFO: [Synth 8-5544] ROM "data_w" won't be mapped to Block RAM because address size (3) smaller than threshold (5)
INFO: [Synth 8-5544] ROM "done" won't be mapped to Block RAM because address size (3) smaller than threshold (5)
INFO: [Synth 8-5544] ROM "BYTE_WRITE" won't be mapped to Block RAM because address size (3) smaller than threshold (5)
---------------------------------------------------------------------------------
Finished RTL Optimization Phase 2 : Time (s): cpu = 00:00:07 ; elapsed = 00:00:10 . Memory (MB): peak = 776.137 ; gain = 489.922
---------------------------------------------------------------------------------

Report RTL Partitions: 
+-+--------------+------------+----------+
| |RTL Partition |Replication |Instances |
+-+--------------+------------+----------+
+-+--------------+------------+----------+
---------------------------------------------------------------------------------
Start RTL Component Statistics 
---------------------------------------------------------------------------------
Detailed RTL Component Info : 
+---Adders : 
	   2 Input     32 Bit       Adders := 1     
	   2 Input     10 Bit       Adders := 2     
	   2 Input      5 Bit       Adders := 5     
	   2 Input      4 Bit       Adders := 1     
+---Registers : 
	               64 Bit    Registers := 1     
	               32 Bit    Registers := 2     
	               10 Bit    Registers := 2     
	                5 Bit    Registers := 2     
	                4 Bit    Registers := 2     
	                3 Bit    Registers := 1     
	                1 Bit    Registers := 2     
+---Multipliers : 
	                17x32  Multipliers := 3     
	                16x32  Multipliers := 4     
	                15x32  Multipliers := 1     
	                14x32  Multipliers := 1     
+---Muxes : 
	   4 Input     32 Bit        Muxes := 1     
	   5 Input     10 Bit        Muxes := 1     
	   2 Input     10 Bit        Muxes := 1     
	   8 Input     10 Bit        Muxes := 1     
	   3 Input      5 Bit        Muxes := 1     
	   2 Input      5 Bit        Muxes := 3     
	   5 Input      5 Bit        Muxes := 1     
	   8 Input      5 Bit        Muxes := 2     
	   4 Input      4 Bit        Muxes := 1     
	   2 Input      3 Bit        Muxes := 1     
	   9 Input      3 Bit        Muxes := 1     
	   4 Input      1 Bit        Muxes := 2     
	   2 Input      1 Bit        Muxes := 5     
	   3 Input      1 Bit        Muxes := 4     
	  12 Input      1 Bit        Muxes := 1     
	  10 Input      1 Bit        Muxes := 1     
---------------------------------------------------------------------------------
Finished RTL Component Statistics 
---------------------------------------------------------------------------------
---------------------------------------------------------------------------------
Start RTL Hierarchical Component Statistics 
---------------------------------------------------------------------------------
Hierarchical RTL Component report 
Module CONV 
Detailed RTL Component Info : 
+---Adders : 
	   2 Input     32 Bit       Adders := 1     
	   2 Input     10 Bit       Adders := 2     
	   2 Input      5 Bit       Adders := 5     
	   2 Input      4 Bit       Adders := 1     
+---Registers : 
	               64 Bit    Registers := 1     
	               32 Bit    Registers := 2     
	               10 Bit    Registers := 2     
	                5 Bit    Registers := 2     
	                4 Bit    Registers := 2     
	                3 Bit    Registers := 1     
	                1 Bit    Registers := 2     
+---Multipliers : 
	                17x32  Multipliers := 3     
	                16x32  Multipliers := 4     
	                15x32  Multipliers := 1     
	                14x32  Multipliers := 1     
+---Muxes : 
	   4 Input     32 Bit        Muxes := 1     
	   5 Input     10 Bit        Muxes := 1     
	   2 Input     10 Bit        Muxes := 1     
	   8 Input     10 Bit        Muxes := 1     
	   3 Input      5 Bit        Muxes := 1     
	   2 Input      5 Bit        Muxes := 3     
	   5 Input      5 Bit        Muxes := 1     
	   8 Input      5 Bit        Muxes := 2     
	   4 Input      4 Bit        Muxes := 1     
	   2 Input      3 Bit        Muxes := 1     
	   9 Input      3 Bit        Muxes := 1     
	   4 Input      1 Bit        Muxes := 2     
	   2 Input      1 Bit        Muxes := 5     
	   3 Input      1 Bit        Muxes := 4     
	  12 Input      1 Bit        Muxes := 1     
	  10 Input      1 Bit        Muxes := 1     
---------------------------------------------------------------------------------
Finished RTL Hierarchical Component Statistics
---------------------------------------------------------------------------------
---------------------------------------------------------------------------------
Start Part Resource Summary
---------------------------------------------------------------------------------
Part Resources:
DSPs: 220 (col length:60)
BRAMs: 280 (col length: RAMB18 60 RAMB36 30)
---------------------------------------------------------------------------------
Finished Part Resource Summary
---------------------------------------------------------------------------------
---------------------------------------------------------------------------------
Start Cross Boundary and Area Optimization
---------------------------------------------------------------------------------
Warning: Parallel synthesis criteria is not met 
INFO: [Synth 8-5544] ROM "next_state" won't be mapped to Block RAM because address size (4) smaller than threshold (5)
INFO: [Synth 8-3886] merging instance 'inst/BYTE_WRITE_reg[0]' (FDS) to 'inst/BYTE_WRITE_reg[3]'
INFO: [Synth 8-3886] merging instance 'inst/BYTE_WRITE_reg[1]' (FDS) to 'inst/BYTE_WRITE_reg[3]'
INFO: [Synth 8-3886] merging instance 'inst/BYTE_WRITE_reg[2]' (FDS) to 'inst/BYTE_WRITE_reg[3]'
---------------------------------------------------------------------------------
Finished Cross Boundary and Area Optimization : Time (s): cpu = 00:00:11 ; elapsed = 00:00:15 . Memory (MB): peak = 776.137 ; gain = 489.922
---------------------------------------------------------------------------------

Report RTL Partitions: 
+-+--------------+------------+----------+
| |RTL Partition |Replication |Instances |
+-+--------------+------------+----------+
+-+--------------+------------+----------+
---------------------------------------------------------------------------------
Start Applying XDC Timing Constraints
---------------------------------------------------------------------------------
---------------------------------------------------------------------------------
Finished Applying XDC Timing Constraints : Time (s): cpu = 00:00:17 ; elapsed = 00:00:21 . Memory (MB): peak = 801.320 ; gain = 515.105
---------------------------------------------------------------------------------
---------------------------------------------------------------------------------
Start Timing Optimization
---------------------------------------------------------------------------------
---------------------------------------------------------------------------------
Finished Timing Optimization : Time (s): cpu = 00:00:17 ; elapsed = 00:00:21 . Memory (MB): peak = 803.059 ; gain = 516.844
---------------------------------------------------------------------------------

Report RTL Partitions: 
+-+--------------+------------+----------+
| |RTL Partition |Replication |Instances |
+-+--------------+------------+----------+
+-+--------------+------------+----------+
---------------------------------------------------------------------------------
Start Technology Mapping
---------------------------------------------------------------------------------
---------------------------------------------------------------------------------
Finished Technology Mapping : Time (s): cpu = 00:00:17 ; elapsed = 00:00:22 . Memory (MB): peak = 838.113 ; gain = 551.898
---------------------------------------------------------------------------------

Report RTL Partitions: 
+-+--------------+------------+----------+
| |RTL Partition |Replication |Instances |
+-+--------------+------------+----------+
+-+--------------+------------+----------+
---------------------------------------------------------------------------------
Start IO Insertion
---------------------------------------------------------------------------------
---------------------------------------------------------------------------------
Start Flattening Before IO Insertion
---------------------------------------------------------------------------------
---------------------------------------------------------------------------------
Finished Flattening Before IO Insertion
---------------------------------------------------------------------------------
---------------------------------------------------------------------------------
Start Final Netlist Cleanup
---------------------------------------------------------------------------------
---------------------------------------------------------------------------------
Finished Final Netlist Cleanup
---------------------------------------------------------------------------------
---------------------------------------------------------------------------------
Finished IO Insertion : Time (s): cpu = 00:00:18 ; elapsed = 00:00:22 . Memory (MB): peak = 838.113 ; gain = 551.898
---------------------------------------------------------------------------------

Report Check Netlist: 
+------+------------------+-------+---------+-------+------------------+
|      |Item              |Errors |Warnings |Status |Description       |
+------+------------------+-------+---------+-------+------------------+
|1     |multi_driven_nets |      0|        0|Passed |Multi driven nets |
+------+------------------+-------+---------+-------+------------------+
---------------------------------------------------------------------------------
Start Renaming Generated Instances
---------------------------------------------------------------------------------
---------------------------------------------------------------------------------
Finished Renaming Generated Instances : Time (s): cpu = 00:00:18 ; elapsed = 00:00:22 . Memory (MB): peak = 838.113 ; gain = 551.898
---------------------------------------------------------------------------------

Report RTL Partitions: 
+-+--------------+------------+----------+
| |RTL Partition |Replication |Instances |
+-+--------------+------------+----------+
+-+--------------+------------+----------+
---------------------------------------------------------------------------------
Start Rebuilding User Hierarchy
---------------------------------------------------------------------------------
---------------------------------------------------------------------------------
Finished Rebuilding User Hierarchy : Time (s): cpu = 00:00:18 ; elapsed = 00:00:23 . Memory (MB): peak = 838.113 ; gain = 551.898
---------------------------------------------------------------------------------
---------------------------------------------------------------------------------
Start Renaming Generated Ports
---------------------------------------------------------------------------------
---------------------------------------------------------------------------------
Finished Renaming Generated Ports : Time (s): cpu = 00:00:18 ; elapsed = 00:00:23 . Memory (MB): peak = 838.113 ; gain = 551.898
---------------------------------------------------------------------------------
---------------------------------------------------------------------------------
Start Handling Custom Attributes
---------------------------------------------------------------------------------
---------------------------------------------------------------------------------
Finished Handling Custom Attributes : Time (s): cpu = 00:00:18 ; elapsed = 00:00:23 . Memory (MB): peak = 838.113 ; gain = 551.898
---------------------------------------------------------------------------------
---------------------------------------------------------------------------------
Start Renaming Generated Nets
---------------------------------------------------------------------------------
---------------------------------------------------------------------------------
Finished Renaming Generated Nets : Time (s): cpu = 00:00:18 ; elapsed = 00:00:23 . Memory (MB): peak = 838.113 ; gain = 551.898
---------------------------------------------------------------------------------
---------------------------------------------------------------------------------
Start Writing Synthesis Report
---------------------------------------------------------------------------------

Report BlackBoxes: 
+-+--------------+----------+
| |BlackBox name |Instances |
+-+--------------+----------+
+-+--------------+----------+

Report Cell Usage: 
+------+-------+------+
|      |Cell   |Count |
+------+-------+------+
|1     |CARRY4 |   427|
|2     |LUT1   |   153|
|3     |LUT2   |   933|
|4     |LUT3   |   418|
|5     |LUT4   |   417|
|6     |LUT5   |   169|
|7     |LUT6   |   200|
|8     |MUXF7  |     1|
|9     |FDCE   |     5|
|10    |FDRE   |   120|
|11    |FDSE   |    11|
+------+-------+------+

Report Instance Areas: 
+------+---------+-------+------+
|      |Instance |Module |Cells |
+------+---------+-------+------+
|1     |top      |       |  2854|
|2     |  inst   |CONV   |   456|
+------+---------+-------+------+
---------------------------------------------------------------------------------
Finished Writing Synthesis Report : Time (s): cpu = 00:00:18 ; elapsed = 00:00:23 . Memory (MB): peak = 838.113 ; gain = 551.898
---------------------------------------------------------------------------------
Synthesis finished with 0 errors, 0 critical warnings and 0 warnings.
Synthesis Optimization Runtime : Time (s): cpu = 00:00:12 ; elapsed = 00:00:18 . Memory (MB): peak = 838.113 ; gain = 224.254
Synthesis Optimization Complete : Time (s): cpu = 00:00:18 ; elapsed = 00:00:23 . Memory (MB): peak = 838.113 ; gain = 551.898
INFO: [Project 1-571] Translating synthesized netlist
INFO: [Netlist 29-17] Analyzing 428 Unisim elements for replacement
INFO: [Netlist 29-28] Unisim Transformation completed in 0 CPU seconds
WARNING: [Netlist 29-101] Netlist 'conv_design_CONV_0_0' is not ideal for floorplanning, since the cellview 'conv_design_CONV_0_0' contains a large number of primitives.  Please consider enabling hierarchy in synthesis if you want to do floorplanning.
INFO: [Project 1-570] Preparing netlist for logic optimization
INFO: [Opt 31-138] Pushed 0 inverter(s) to 0 load pin(s).
Netlist sorting complete. Time (s): cpu = 00:00:00 ; elapsed = 00:00:00 . Memory (MB): peak = 838.113 ; gain = 0.000
INFO: [Project 1-111] Unisim Transformation Summary:
No Unisim elements were transformed.

INFO: [Common 17-83] Releasing license: Synthesis
42 Infos, 2 Warnings, 0 Critical Warnings and 0 Errors encountered.
synth_design completed successfully
synth_design: Time (s): cpu = 00:00:19 ; elapsed = 00:00:25 . Memory (MB): peak = 838.113 ; gain = 564.695
Netlist sorting complete. Time (s): cpu = 00:00:00 ; elapsed = 00:00:00 . Memory (MB): peak = 838.113 ; gain = 0.000
WARNING: [Constraints 18-5210] No constraints selected for write.
Resolution: This message can indicate that there are no constraints for the design, or it can indicate that the used_in flags are set such that the constraints are ignored. This later case is used when running synth_design to not write synthesis constraints to the resulting checkpoint. Instead, project constraints are read when the synthesized design is opened.
INFO: [Common 17-1381] The checkpoint 'C:/Users/kartg/Desktop/Github/Deep-Learning-IC/hw10/project_hw10/project_hw10.runs/conv_design_CONV_0_0_synth_1/conv_design_CONV_0_0.dcp' has been generated.
Netlist sorting complete. Time (s): cpu = 00:00:00 ; elapsed = 00:00:00.001 . Memory (MB): peak = 838.113 ; gain = 0.000
WARNING: [Constraints 18-5210] No constraints selected for write.
Resolution: This message can indicate that there are no constraints for the design, or it can indicate that the used_in flags are set such that the constraints are ignored. This later case is used when running synth_design to not write synthesis constraints to the resulting checkpoint. Instead, project constraints are read when the synthesized design is opened.
INFO: [Common 17-1381] The checkpoint 'C:/Users/kartg/Desktop/Github/Deep-Learning-IC/hw10/project_hw10/project_hw10.runs/conv_design_CONV_0_0_synth_1/conv_design_CONV_0_0.dcp' has been generated.
INFO: [runtcl-4] Executing : report_utilization -file conv_design_CONV_0_0_utilization_synth.rpt -pb conv_design_CONV_0_0_utilization_synth.pb
INFO: [Common 17-206] Exiting Vivado at Sun May 25 04:15:07 2025...
