Copyright 1986-2018 Xilinx, Inc. All Rights Reserved.
---------------------------------------------------------------------------------------------------------------------------------------------------
| Tool Version : Vivado v.2018.3 (win64) Build 2405991 Thu Dec  6 23:38:27 MST 2018
| Date         : Sun May 25 03:27:11 2025
| Host         : ukp66482 running 64-bit major release  (build 9200)
| Command      : report_drc -file conv_design_wrapper_drc_routed.rpt -pb conv_design_wrapper_drc_routed.pb -rpx conv_design_wrapper_drc_routed.rpx
| Design       : conv_design_wrapper
| Device       : xc7z020clg400-1
| Speed File   : -1
| Design State : Fully Routed
---------------------------------------------------------------------------------------------------------------------------------------------------

Report DRC

Table of Contents
-----------------
1. REPORT SUMMARY
2. REPORT DETAILS

1. REPORT SUMMARY
-----------------
            Netlist: netlist
          Floorplan: design_1
      Design limits: <entire design considered>
           Ruledeck: default
             Max violations: <unlimited>
             Violations found: 1
+----------+----------+-------------------+------------+
| Rule     | Severity | Description       | Violations |
+----------+----------+-------------------+------------+
| PDRC-153 | Warning  | Gated clock check | 1          |
+----------+----------+-------------------+------------+

2. REPORT DETAILS
-----------------
PDRC-153#1 Warning
Gated clock check  
Net conv_design_i/CONV_0/inst/mul_result_reg[47]_i_2_n_0 is a gated clock net sourced by a combinational pin conv_design_i/CONV_0/inst/mul_result_reg[47]_i_2/O, cell conv_design_i/CONV_0/inst/mul_result_reg[47]_i_2. This is not good design practice and will likely impact performance. For SLICE registers, for example, use the CE pin to control the loading of data.
Related violations: <none>


