
*** Running vivado
    with args -log voting_machine.vds -m64 -product Vivado -mode batch -messageDb vivado.pb -notrace -source voting_machine.tcl


****** Vivado v2018.3 (64-bit)
  **** SW Build 2405991 on Thu Dec  6 23:38:27 MST 2018
  **** IP Build 2404404 on Fri Dec  7 01:43:56 MST 2018
    ** Copyright 1986-2018 Xilinx, Inc. All Rights Reserved.

source voting_machine.tcl -notrace
Command: synth_design -top voting_machine -part xc7z020clg400-1
Starting synth_design
Attempting to get a license for feature 'Synthesis' and/or device 'xc7z020'
INFO: [Common 17-349] Got license for feature 'Synthesis' and/or device 'xc7z020'
INFO: Launching helper process for spawning children vivado processes
INFO: Helper process launched with PID 21132 
---------------------------------------------------------------------------------
Starting RTL Elaboration : Time (s): cpu = 00:00:01 ; elapsed = 00:00:01 . Memory (MB): peak = 356.426 ; gain = 101.426
---------------------------------------------------------------------------------
INFO: [Synth 8-6157] synthesizing module 'voting_machine' [C:/Users/kartg/Desktop/Github/Deep-Learning-IC/hw5/project_hw5/project_hw5.srcs/sources_1/new/voting_machine.v:1]
INFO: [Synth 8-6157] synthesizing module 'buttoncontrol' [C:/Users/kartg/Desktop/Github/Deep-Learning-IC/hw5/project_hw5/project_hw5.srcs/sources_1/new/buttoncontrol.v:1]
INFO: [Synth 8-6155] done synthesizing module 'buttoncontrol' (1#1) [C:/Users/kartg/Desktop/Github/Deep-Learning-IC/hw5/project_hw5/project_hw5.srcs/sources_1/new/buttoncontrol.v:1]
WARNING: [Synth 8-350] instance 'bc0' of module 'buttoncontrol' requires 4 connections, but only 3 given [C:/Users/kartg/Desktop/Github/Deep-Learning-IC/hw5/project_hw5/project_hw5.srcs/sources_1/new/voting_machine.v:24]
WARNING: [Synth 8-350] instance 'bc1' of module 'buttoncontrol' requires 4 connections, but only 3 given [C:/Users/kartg/Desktop/Github/Deep-Learning-IC/hw5/project_hw5/project_hw5.srcs/sources_1/new/voting_machine.v:30]
WARNING: [Synth 8-350] instance 'bc2' of module 'buttoncontrol' requires 4 connections, but only 3 given [C:/Users/kartg/Desktop/Github/Deep-Learning-IC/hw5/project_hw5/project_hw5.srcs/sources_1/new/voting_machine.v:36]
WARNING: [Synth 8-350] instance 'bc3' of module 'buttoncontrol' requires 4 connections, but only 3 given [C:/Users/kartg/Desktop/Github/Deep-Learning-IC/hw5/project_hw5/project_hw5.srcs/sources_1/new/voting_machine.v:42]
INFO: [Synth 8-6157] synthesizing module 'vote_logger' [C:/Users/kartg/Desktop/Github/Deep-Learning-IC/hw5/project_hw5/project_hw5.srcs/sources_1/new/vote_logger.v:1]
INFO: [Synth 8-155] case statement is not full and has no default [C:/Users/kartg/Desktop/Github/Deep-Learning-IC/hw5/project_hw5/project_hw5.srcs/sources_1/new/vote_logger.v:18]
INFO: [Synth 8-155] case statement is not full and has no default [C:/Users/kartg/Desktop/Github/Deep-Learning-IC/hw5/project_hw5/project_hw5.srcs/sources_1/new/vote_logger.v:32]
INFO: [Synth 8-6155] done synthesizing module 'vote_logger' (2#1) [C:/Users/kartg/Desktop/Github/Deep-Learning-IC/hw5/project_hw5/project_hw5.srcs/sources_1/new/vote_logger.v:1]
INFO: [Synth 8-6157] synthesizing module 'modecontrol' [C:/Users/kartg/Desktop/Github/Deep-Learning-IC/hw5/project_hw5/project_hw5.srcs/sources_1/new/modecontrol.v:1]
INFO: [Synth 8-155] case statement is not full and has no default [C:/Users/kartg/Desktop/Github/Deep-Learning-IC/hw5/project_hw5/project_hw5.srcs/sources_1/new/modecontrol.v:38]
INFO: [Synth 8-6155] done synthesizing module 'modecontrol' (3#1) [C:/Users/kartg/Desktop/Github/Deep-Learning-IC/hw5/project_hw5/project_hw5.srcs/sources_1/new/modecontrol.v:1]
INFO: [Synth 8-6155] done synthesizing module 'voting_machine' (4#1) [C:/Users/kartg/Desktop/Github/Deep-Learning-IC/hw5/project_hw5/project_hw5.srcs/sources_1/new/voting_machine.v:1]
---------------------------------------------------------------------------------
Finished RTL Elaboration : Time (s): cpu = 00:00:02 ; elapsed = 00:00:02 . Memory (MB): peak = 412.211 ; gain = 157.211
---------------------------------------------------------------------------------

Report Check Netlist: 
+------+------------------+-------+---------+-------+------------------+
|      |Item              |Errors |Warnings |Status |Description       |
+------+------------------+-------+---------+-------+------------------+
|1     |multi_driven_nets |      0|        0|Passed |Multi driven nets |
+------+------------------+-------+---------+-------+------------------+
WARNING: [Synth 8-3295] tying undriven pin bc0:rst to constant 0 [C:/Users/kartg/Desktop/Github/Deep-Learning-IC/hw5/project_hw5/project_hw5.srcs/sources_1/new/voting_machine.v:24]
WARNING: [Synth 8-3295] tying undriven pin bc1:rst to constant 0 [C:/Users/kartg/Desktop/Github/Deep-Learning-IC/hw5/project_hw5/project_hw5.srcs/sources_1/new/voting_machine.v:30]
WARNING: [Synth 8-3295] tying undriven pin bc2:rst to constant 0 [C:/Users/kartg/Desktop/Github/Deep-Learning-IC/hw5/project_hw5/project_hw5.srcs/sources_1/new/voting_machine.v:36]
WARNING: [Synth 8-3295] tying undriven pin bc3:rst to constant 0 [C:/Users/kartg/Desktop/Github/Deep-Learning-IC/hw5/project_hw5/project_hw5.srcs/sources_1/new/voting_machine.v:42]
---------------------------------------------------------------------------------
Start Handling Custom Attributes
---------------------------------------------------------------------------------
---------------------------------------------------------------------------------
Finished Handling Custom Attributes : Time (s): cpu = 00:00:02 ; elapsed = 00:00:02 . Memory (MB): peak = 412.211 ; gain = 157.211
---------------------------------------------------------------------------------
---------------------------------------------------------------------------------
Finished RTL Optimization Phase 1 : Time (s): cpu = 00:00:02 ; elapsed = 00:00:02 . Memory (MB): peak = 412.211 ; gain = 157.211
---------------------------------------------------------------------------------
INFO: [Device 21-403] Loading part xc7z020clg400-1
INFO: [Project 1-570] Preparing netlist for logic optimization

Processing XDC Constraints
Initializing timing engine
Parsing XDC File [C:/Users/kartg/Desktop/Github/Deep-Learning-IC/hw5/project_hw5/project_hw5.srcs/constrs_1/imports/Desktop/PYNQ-Z2 v1.0.xdc]
Finished Parsing XDC File [C:/Users/kartg/Desktop/Github/Deep-Learning-IC/hw5/project_hw5/project_hw5.srcs/constrs_1/imports/Desktop/PYNQ-Z2 v1.0.xdc]
INFO: [Project 1-236] Implementation specific constraints were found while reading constraint file [C:/Users/kartg/Desktop/Github/Deep-Learning-IC/hw5/project_hw5/project_hw5.srcs/constrs_1/imports/Desktop/PYNQ-Z2 v1.0.xdc]. These constraints will be ignored for synthesis but will be used in implementation. Impacted constraints are listed in the file [.Xil/voting_machine_propImpl.xdc].
Resolution: To avoid this warning, move constraints listed in [.Xil/voting_machine_propImpl.xdc] to another XDC file and exclude this new file from synthesis with the used_in_synthesis property (File Properties dialog in GUI) and re-run elaboration/synthesis.
Netlist sorting complete. Time (s): cpu = 00:00:00 ; elapsed = 00:00:00 . Memory (MB): peak = 770.273 ; gain = 0.000
Completed Processing XDC Constraints

Netlist sorting complete. Time (s): cpu = 00:00:00 ; elapsed = 00:00:00 . Memory (MB): peak = 770.332 ; gain = 0.000
INFO: [Project 1-111] Unisim Transformation Summary:
No Unisim elements were transformed.

Netlist sorting complete. Time (s): cpu = 00:00:00 ; elapsed = 00:00:00 . Memory (MB): peak = 770.332 ; gain = 0.000
Constraint Validation Runtime : Time (s): cpu = 00:00:00 ; elapsed = 00:00:00.002 . Memory (MB): peak = 770.332 ; gain = 0.000
---------------------------------------------------------------------------------
Finished Constraint Validation : Time (s): cpu = 00:00:06 ; elapsed = 00:00:09 . Memory (MB): peak = 770.332 ; gain = 515.332
---------------------------------------------------------------------------------
---------------------------------------------------------------------------------
Start Loading Part and Timing Information
---------------------------------------------------------------------------------
Loading part: xc7z020clg400-1
---------------------------------------------------------------------------------
Finished Loading Part and Timing Information : Time (s): cpu = 00:00:06 ; elapsed = 00:00:09 . Memory (MB): peak = 770.332 ; gain = 515.332
---------------------------------------------------------------------------------
---------------------------------------------------------------------------------
Start Applying 'set_property' XDC Constraints
---------------------------------------------------------------------------------
---------------------------------------------------------------------------------
Finished applying 'set_property' XDC Constraints : Time (s): cpu = 00:00:06 ; elapsed = 00:00:09 . Memory (MB): peak = 770.332 ; gain = 515.332
---------------------------------------------------------------------------------
INFO: [Synth 8-5544] ROM "candidate0_vote_received" won't be mapped to Block RAM because address size (4) smaller than threshold (5)
INFO: [Synth 8-5544] ROM "candidate1_vote_received" won't be mapped to Block RAM because address size (4) smaller than threshold (5)
INFO: [Synth 8-5544] ROM "candidate2_vote_received" won't be mapped to Block RAM because address size (4) smaller than threshold (5)
INFO: [Synth 8-5544] ROM "candidate3_vote_received" won't be mapped to Block RAM because address size (4) smaller than threshold (5)
INFO: [Synth 8-5544] ROM "led" won't be mapped to Block RAM because address size (4) smaller than threshold (5)
---------------------------------------------------------------------------------
Finished RTL Optimization Phase 2 : Time (s): cpu = 00:00:06 ; elapsed = 00:00:09 . Memory (MB): peak = 770.332 ; gain = 515.332
---------------------------------------------------------------------------------

Report RTL Partitions: 
+-+--------------+------------+----------+
| |RTL Partition |Replication |Instances |
+-+--------------+------------+----------+
+-+--------------+------------+----------+
---------------------------------------------------------------------------------
Start RTL Component Statistics 
---------------------------------------------------------------------------------
Detailed RTL Component Info : 
+---Adders : 
	   2 Input      4 Bit       Adders := 4     
+---Registers : 
	                4 Bit    Registers := 5     
	                1 Bit    Registers := 5     
+---Muxes : 
	   2 Input      4 Bit        Muxes := 5     
	   2 Input      1 Bit        Muxes := 9     
	   5 Input      1 Bit        Muxes := 4     
	   6 Input      1 Bit        Muxes := 1     
---------------------------------------------------------------------------------
Finished RTL Component Statistics 
---------------------------------------------------------------------------------
---------------------------------------------------------------------------------
Start RTL Hierarchical Component Statistics 
---------------------------------------------------------------------------------
Hierarchical RTL Component report 
Module buttoncontrol 
Detailed RTL Component Info : 
+---Registers : 
	                1 Bit    Registers := 1     
+---Muxes : 
	   2 Input      1 Bit        Muxes := 1     
Module vote_logger 
Detailed RTL Component Info : 
+---Adders : 
	   2 Input      4 Bit       Adders := 4     
+---Registers : 
	                4 Bit    Registers := 4     
+---Muxes : 
	   2 Input      4 Bit        Muxes := 4     
	   2 Input      1 Bit        Muxes := 4     
	   5 Input      1 Bit        Muxes := 4     
Module modecontrol 
Detailed RTL Component Info : 
+---Registers : 
	                4 Bit    Registers := 1     
	                1 Bit    Registers := 1     
+---Muxes : 
	   2 Input      4 Bit        Muxes := 1     
	   2 Input      1 Bit        Muxes := 1     
	   6 Input      1 Bit        Muxes := 1     
---------------------------------------------------------------------------------
Finished RTL Hierarchical Component Statistics
---------------------------------------------------------------------------------
---------------------------------------------------------------------------------
Start Part Resource Summary
---------------------------------------------------------------------------------
Part Resources:
DSPs: 220 (col length:60)
BRAMs: 280 (col length: RAMB18 60 RAMB36 30)
---------------------------------------------------------------------------------
Finished Part Resource Summary
---------------------------------------------------------------------------------
---------------------------------------------------------------------------------
Start Cross Boundary and Area Optimization
---------------------------------------------------------------------------------
Warning: Parallel synthesis criteria is not met 
---------------------------------------------------------------------------------
Finished Cross Boundary and Area Optimization : Time (s): cpu = 00:00:06 ; elapsed = 00:00:09 . Memory (MB): peak = 770.332 ; gain = 515.332
---------------------------------------------------------------------------------

Report RTL Partitions: 
+-+--------------+------------+----------+
| |RTL Partition |Replication |Instances |
+-+--------------+------------+----------+
+-+--------------+------------+----------+
---------------------------------------------------------------------------------
Start Applying XDC Timing Constraints
---------------------------------------------------------------------------------
---------------------------------------------------------------------------------
Finished Applying XDC Timing Constraints : Time (s): cpu = 00:00:10 ; elapsed = 00:00:15 . Memory (MB): peak = 770.332 ; gain = 515.332
---------------------------------------------------------------------------------
---------------------------------------------------------------------------------
Start Timing Optimization
---------------------------------------------------------------------------------
---------------------------------------------------------------------------------
Finished Timing Optimization : Time (s): cpu = 00:00:10 ; elapsed = 00:00:15 . Memory (MB): peak = 792.578 ; gain = 537.578
---------------------------------------------------------------------------------

Report RTL Partitions: 
+-+--------------+------------+----------+
| |RTL Partition |Replication |Instances |
+-+--------------+------------+----------+
+-+--------------+------------+----------+
---------------------------------------------------------------------------------
Start Technology Mapping
---------------------------------------------------------------------------------
---------------------------------------------------------------------------------
Finished Technology Mapping : Time (s): cpu = 00:00:10 ; elapsed = 00:00:15 . Memory (MB): peak = 793.996 ; gain = 538.996
---------------------------------------------------------------------------------

Report RTL Partitions: 
+-+--------------+------------+----------+
| |RTL Partition |Replication |Instances |
+-+--------------+------------+----------+
+-+--------------+------------+----------+
---------------------------------------------------------------------------------
Start IO Insertion
---------------------------------------------------------------------------------
---------------------------------------------------------------------------------
Start Flattening Before IO Insertion
---------------------------------------------------------------------------------
---------------------------------------------------------------------------------
Finished Flattening Before IO Insertion
---------------------------------------------------------------------------------
---------------------------------------------------------------------------------
Start Final Netlist Cleanup
---------------------------------------------------------------------------------
---------------------------------------------------------------------------------
Finished Final Netlist Cleanup
---------------------------------------------------------------------------------
---------------------------------------------------------------------------------
Finished IO Insertion : Time (s): cpu = 00:00:11 ; elapsed = 00:00:16 . Memory (MB): peak = 793.996 ; gain = 538.996
---------------------------------------------------------------------------------

Report Check Netlist: 
+------+------------------+-------+---------+-------+------------------+
|      |Item              |Errors |Warnings |Status |Description       |
+------+------------------+-------+---------+-------+------------------+
|1     |multi_driven_nets |      0|        0|Passed |Multi driven nets |
+------+------------------+-------+---------+-------+------------------+
---------------------------------------------------------------------------------
Start Renaming Generated Instances
---------------------------------------------------------------------------------
---------------------------------------------------------------------------------
Finished Renaming Generated Instances : Time (s): cpu = 00:00:11 ; elapsed = 00:00:16 . Memory (MB): peak = 793.996 ; gain = 538.996
---------------------------------------------------------------------------------

Report RTL Partitions: 
+-+--------------+------------+----------+
| |RTL Partition |Replication |Instances |
+-+--------------+------------+----------+
+-+--------------+------------+----------+
---------------------------------------------------------------------------------
Start Rebuilding User Hierarchy
---------------------------------------------------------------------------------
---------------------------------------------------------------------------------
Finished Rebuilding User Hierarchy : Time (s): cpu = 00:00:11 ; elapsed = 00:00:16 . Memory (MB): peak = 793.996 ; gain = 538.996
---------------------------------------------------------------------------------
---------------------------------------------------------------------------------
Start Renaming Generated Ports
---------------------------------------------------------------------------------
---------------------------------------------------------------------------------
Finished Renaming Generated Ports : Time (s): cpu = 00:00:11 ; elapsed = 00:00:16 . Memory (MB): peak = 793.996 ; gain = 538.996
---------------------------------------------------------------------------------
---------------------------------------------------------------------------------
Start Handling Custom Attributes
---------------------------------------------------------------------------------
---------------------------------------------------------------------------------
Finished Handling Custom Attributes : Time (s): cpu = 00:00:11 ; elapsed = 00:00:16 . Memory (MB): peak = 793.996 ; gain = 538.996
---------------------------------------------------------------------------------
---------------------------------------------------------------------------------
Start Renaming Generated Nets
---------------------------------------------------------------------------------
---------------------------------------------------------------------------------
Finished Renaming Generated Nets : Time (s): cpu = 00:00:11 ; elapsed = 00:00:16 . Memory (MB): peak = 793.996 ; gain = 538.996
---------------------------------------------------------------------------------
---------------------------------------------------------------------------------
Start Writing Synthesis Report
---------------------------------------------------------------------------------

Report BlackBoxes: 
+-+--------------+----------+
| |BlackBox name |Instances |
+-+--------------+----------+
+-+--------------+----------+

Report Cell Usage: 
+------+-------+------+
|      |Cell   |Count |
+------+-------+------+
|1     |BUFG   |     1|
|2     |CARRY4 |    40|
|3     |LUT1   |     6|
|4     |LUT2   |     3|
|5     |LUT3   |     7|
|6     |LUT4   |    17|
|7     |LUT5   |    19|
|8     |LUT6   |    27|
|9     |FDRE   |   176|
|10    |FDSE   |     4|
|11    |IBUF   |     7|
|12    |OBUF   |     4|
+------+-------+------+

Report Instance Areas: 
+------+---------+----------------+------+
|      |Instance |Module          |Cells |
+------+---------+----------------+------+
|1     |top      |                |   311|
|2     |  bc0    |buttoncontrol   |    51|
|3     |  bc1    |buttoncontrol_0 |    49|
|4     |  bc2    |buttoncontrol_1 |    49|
|5     |  bc3    |buttoncontrol_2 |    48|
|6     |  mc     |modecontrol     |    57|
|7     |  vl     |vote_logger     |    45|
+------+---------+----------------+------+
---------------------------------------------------------------------------------
Finished Writing Synthesis Report : Time (s): cpu = 00:00:11 ; elapsed = 00:00:16 . Memory (MB): peak = 793.996 ; gain = 538.996
---------------------------------------------------------------------------------
Synthesis finished with 0 errors, 0 critical warnings and 0 warnings.
Synthesis Optimization Runtime : Time (s): cpu = 00:00:06 ; elapsed = 00:00:11 . Memory (MB): peak = 793.996 ; gain = 180.875
Synthesis Optimization Complete : Time (s): cpu = 00:00:11 ; elapsed = 00:00:16 . Memory (MB): peak = 793.996 ; gain = 538.996
INFO: [Project 1-571] Translating synthesized netlist
INFO: [Netlist 29-17] Analyzing 40 Unisim elements for replacement
INFO: [Netlist 29-28] Unisim Transformation completed in 0 CPU seconds
INFO: [Project 1-570] Preparing netlist for logic optimization
INFO: [Opt 31-138] Pushed 0 inverter(s) to 0 load pin(s).
Netlist sorting complete. Time (s): cpu = 00:00:00 ; elapsed = 00:00:00 . Memory (MB): peak = 796.199 ; gain = 0.000
INFO: [Project 1-111] Unisim Transformation Summary:
No Unisim elements were transformed.

INFO: [Common 17-83] Releasing license: Synthesis
28 Infos, 8 Warnings, 0 Critical Warnings and 0 Errors encountered.
synth_design completed successfully
synth_design: Time (s): cpu = 00:00:11 ; elapsed = 00:00:18 . Memory (MB): peak = 796.199 ; gain = 547.770
Netlist sorting complete. Time (s): cpu = 00:00:00 ; elapsed = 00:00:00 . Memory (MB): peak = 796.199 ; gain = 0.000
WARNING: [Constraints 18-5210] No constraints selected for write.
Resolution: This message can indicate that there are no constraints for the design, or it can indicate that the used_in flags are set such that the constraints are ignored. This later case is used when running synth_design to not write synthesis constraints to the resulting checkpoint. Instead, project constraints are read when the synthesized design is opened.
INFO: [Common 17-1381] The checkpoint 'C:/Users/kartg/Desktop/Github/Deep-Learning-IC/hw5/project_hw5/project_hw5.runs/synth_1/voting_machine.dcp' has been generated.
INFO: [runtcl-4] Executing : report_utilization -file voting_machine_utilization_synth.rpt -pb voting_machine_utilization_synth.pb
INFO: [Common 17-206] Exiting Vivado at Thu Mar 27 03:51:08 2025...
